Component: ARM Compiler 5.06 update 7 (build 960) Tool: armlink [4d3601]

==============================================================================

Section Cross References

    main.o(i.GPIOF_Button_IRQHandler) refers to main.o(.data) for g_MCP23017
    main.o(i.GUI_AppDraw) refers to _printf_pad.o(.text) for _printf_pre_padding
    main.o(i.GUI_AppDraw) refers to _printf_percent.o(.ARM.Collect$$_printf_percent$$00000000) for _printf_percent
    main.o(i.GUI_AppDraw) refers to _printf_f.o(.ARM.Collect$$_printf_percent$$00000003) for _printf_f
    main.o(i.GUI_AppDraw) refers to printf1.o(x$fpl$printf1) for _printf_fp_dec
    main.o(i.GUI_AppDraw) refers to _printf_d.o(.ARM.Collect$$_printf_percent$$00000009) for _printf_d
    main.o(i.GUI_AppDraw) refers to _printf_dec.o(.text) for _printf_int_dec
    main.o(i.GUI_AppDraw) refers to _printf_u.o(.ARM.Collect$$_printf_percent$$0000000A) for _printf_u
    main.o(i.GUI_AppDraw) refers to gui.o(i.GUI_Clear) for GUI_Clear
    main.o(i.GUI_AppDraw) refers to gui.o(i.GUI_SetFont) for GUI_SetFont
    main.o(i.GUI_AppDraw) refers to gui.o(i.GUI_SetFontBackColor) for GUI_SetFontBackColor
    main.o(i.GUI_AppDraw) refers to gui.o(i.GUI_PrintString) for GUI_PrintString
    main.o(i.GUI_AppDraw) refers to gui.o(i.GUI_SetColor) for GUI_SetColor
    main.o(i.GUI_AppDraw) refers to gui.o(i.GUI_DrawFilledRect) for GUI_DrawFilledRect
    main.o(i.GUI_AppDraw) refers to f2d.o(x$fpl$f2d) for __aeabi_f2d
    main.o(i.GUI_AppDraw) refers to noretval__2sprintf.o(.text) for __2sprintf
    main.o(i.GUI_AppDraw) refers to fontarialbold16.o(.constdata) for FONT_Arialbold16
    main.o(i.GUI_AppDraw) refers to fontarialbold12.o(.constdata) for FONT_Arialbold12
    main.o(i.GUI_AppDraw) refers to main.o(.bss) for g_AHT10
    main.o(i.GUI_AppDraw) refers to main.o(.data) for g_n7SegCount
    main.o(i.GUI_AppDraw) refers to system_tm4c123.o(.data) for SystemCoreClock
    main.o(i.LCD_Count) refers to main.o(.data) for LCD_0
    main.o(i.SysTick_Handler) refers to main.o(.data) for g_bSystemTick
    main.o(i.main) refers to _printf_percent.o(.ARM.Collect$$_printf_percent$$00000000) for _printf_percent
    main.o(i.main) refers to _printf_d.o(.ARM.Collect$$_printf_percent$$00000009) for _printf_d
    main.o(i.main) refers to _printf_dec.o(.text) for _printf_int_dec
    main.o(i.main) refers to hal.o(i.Port_Init) for Port_Init
    main.o(i.main) refers to system_tm4c123.o(i.SystemCoreClockUpdate) for SystemCoreClockUpdate
    main.o(i.main) refers to main.o(i.__NVIC_SetPriority) for __NVIC_SetPriority
    main.o(i.main) refers to spim.o(i.SpimInit) for SpimInit
    main.o(i.main) refers to main.o(i.main_LcdInit) for main_LcdInit
    main.o(i.main) refers to i2c.o(i.I2CInit) for I2CInit
    main.o(i.main) refers to i2c.o(i.I2CAddCallback) for I2CAddCallback
    main.o(i.main) refers to i2c_sensors.o(i.AHT10_Init) for AHT10_Init
    main.o(i.main) refers to i2c_sensors.o(i.I2CExpander_Init) for I2CExpander_Init
    main.o(i.main) refers to irq.o(i.IRQ_Init) for IRQ_Init
    main.o(i.main) refers to noretval__2printf.o(.text) for __2printf
    main.o(i.main) refers to i2c_sensors.o(i.write_I2CExpander) for write_I2CExpander
    main.o(i.main) refers to main.o(i.LCD_Count) for LCD_Count
    main.o(i.main) refers to gui.o(i.GUI_Draw_Exe) for GUI_Draw_Exe
    main.o(i.main) refers to i2c_sensors.o(i.AHT10Trigger) for AHT10Trigger
    main.o(i.main) refers to i2c_sensors.o(i.AHT10ReadRawdata) for AHT10ReadRawdata
    main.o(i.main) refers to system_tm4c123.o(.data) for SystemCoreClock
    main.o(i.main) refers to main.o(.bss) for g_SpimHandle
    main.o(i.main) refers to main.o(i.main_cbI2C0Isdone) for main_cbI2C0Isdone
    main.o(i.main) refers to main.o(.data) for g_MCP23017
    main.o(i.main_LcdInit) refers to lcd_st7735r.o(i.LcdInit) for LcdInit
    main.o(i.main_LcdInit) refers to lcd_st7735r.o(i.LCD_GetSize) for LCD_GetSize
    main.o(i.main_LcdInit) refers to gui.o(i.GUI_Init) for GUI_Init
    main.o(i.main_LcdInit) refers to spim.o(i.SpimSetDataSize) for SpimSetDataSize
    main.o(i.main_LcdInit) refers to gui.o(i.GUI_16BitPerPixel) for GUI_16BitPerPixel
    main.o(i.main_LcdInit) refers to gui.o(i.GUI_Clear) for GUI_Clear
    main.o(i.main_LcdInit) refers to gui.o(i.GUI_SetFontBackColor) for GUI_SetFontBackColor
    main.o(i.main_LcdInit) refers to gui.o(i.GUI_SetFont) for GUI_SetFont
    main.o(i.main_LcdInit) refers to lcd_st7735r.o(i.LCD_AddCallback) for LCD_AddCallback
    main.o(i.main_LcdInit) refers to gui.o(i.GUI_AddCbFrameEnd) for GUI_AddCbFrameEnd
    main.o(i.main_LcdInit) refers to main.o(.bss) for g_SpimHandle
    main.o(i.main_LcdInit) refers to font_calibri10.o(.constdata) for g_sFontCalibri10
    main.o(i.main_LcdInit) refers to main.o(i.main_cbLcdTransferDone) for main_cbLcdTransferDone
    main.o(i.main_LcdInit) refers to main.o(i.main_cbGuiFrameEnd) for main_cbGuiFrameEnd
[...]
    ..\\Src\\main.c                          0x00000000   Number         0  main.o ABSOLUTE
    dc.s                                     0x00000000   Number         0  dc.o ABSOLUTE
    !!!main                                  0x0000026c   Section        8  __main.o(!!!main)
    !!!scatter                               0x00000274   Section       52  __scatter.o(!!!scatter)
    !!handler_copy                           0x000002a8   Section       26  __scatter_copy.o(!!handler_copy)
    !!handler_zi                             0x000002c4   Section       28  __scatter_zi.o(!!handler_zi)
    .ARM.Collect$$_printf_percent$$00000000  0x000002e0   Section        0  _printf_percent.o(.ARM.Collect$$_printf_percent$$00000000)
    .ARM.Collect$$_printf_percent$$00000003  0x000002e0   Section        6  _printf_f.o(.ARM.Collect$$_printf_percent$$00000003)
    .ARM.Collect$$_printf_percent$$00000009  0x000002e6   Section        6  _printf_d.o(.ARM.Collect$$_printf_percent$$00000009)
    .ARM.Collect$$_printf_percent$$0000000A  0x000002ec   Section        6  _printf_u.o(.ARM.Collect$$_printf_percent$$0000000A)
    .ARM.Collect$$_printf_percent$$00000017  0x000002f2   Section        4  _printf_percent_end.o(.ARM.Collect$$_printf_percent$$00000017)
    .ARM.Collect$$libinit$$00000000          0x000002f6   Section        2  libinit.o(.ARM.Collect$$libinit$$00000000)
    .ARM.Collect$$libinit$$00000001          0x000002f8   Section        4  libinit2.o(.ARM.Collect$$libinit$$00000001)
    .ARM.Collect$$libinit$$00000004          0x000002fc   Section        0  libinit2.o(.ARM.Collect$$libinit$$00000004)
    .ARM.Collect$$libinit$$0000000A          0x000002fc   Section        0  libinit2.o(.ARM.Collect$$libinit$$0000000A)
    .ARM.Collect$$libinit$$0000000C          0x000002fc   Section        0  libinit2.o(.ARM.Collect$$libinit$$0000000C)
    .ARM.Collect$$libinit$$0000000E          0x000002fc   Section        0  libinit2.o(.ARM.Collect$$libinit$$0000000E)
    .ARM.Collect$$libinit$$0000000F          0x000002fc   Section        6  libinit2.o(.ARM.Collect$$libinit$$0000000F)
    .ARM.Collect$$libinit$$00000011          0x00000302   Section        0  libinit2.o(.ARM.Collect$$libinit$$00000011)
    .ARM.Collect$$libinit$$00000013          0x00000302   Section        0  libinit2.o(.ARM.Collect$$libinit$$00000013)
    .ARM.Collect$$libinit$$00000015          0x00000302   Section        0  libinit2.o(.ARM.Collect$$libinit$$00000015)
    .ARM.Collect$$libinit$$00000016          0x00000302   Section       10  libinit2.o(.ARM.Collect$$libinit$$00000016)
    .ARM.Collect$$libinit$$00000017          0x0000030c   Section        0  libinit2.o(.ARM.Collect$$libinit$$00000017)
    .ARM.Collect$$libinit$$00000019          0x0000030c   Section        0  libinit2.o(.ARM.Collect$$libinit$$00000019)
    .ARM.Collect$$libinit$$0000001B          0x0000030c   Section        0  libinit2.o(.ARM.Collect$$libinit$$0000001B)
    .ARM.Collect$$libinit$$0000001D          0x0000030c   Section        0  libinit2.o(.ARM.Collect$$libinit$$0000001D)
    .ARM.Collect$$libinit$$0000001F          0x0000030c   Section        0  libinit2.o(.ARM.Collect$$libinit$$0000001F)
    .ARM.Collect$$libinit$$00000021          0x0000030c   Section        0  libinit2.o(.ARM.Collect$$libinit$$00000021)
    .ARM.Collect$$libinit$$00000023          0x0000030c   Section        0  libinit2.o(.ARM.Collect$$libinit$$00000023)
    .ARM.Collect$$libinit$$00000025          0x0000030c   Section        0  libinit2.o(.ARM.Collect$$libinit$$00000025)
    .ARM.Collect$$libinit$$0000002C          0x0000030c   Section        0  libinit2.o(.ARM.Collect$$libinit$$0000002C)
    .ARM.Collect$$libinit$$0000002E          0x0000030c   Section        0  libinit2.o(.ARM.Collect$$libinit$$0000002E)
    .ARM.Collect$$libinit$$00000030          0x0000030c   Section        0  libinit2.o(.ARM.Collect$$libinit$$00000030)
    .ARM.Collect$$libinit$$00000032          0x0000030c   Section        0  libinit2.o(.ARM.Collect$$libinit$$00000032)
    .ARM.Collect$$libinit$$00000033          0x0000030c   Section        2  libinit2.o(.ARM.Collect$$libinit$$00000033)
    .ARM.Collect$$libshutdown$$00000000      0x0000030e   Section        2  libshutdown.o(.ARM.Collect$$libshutdown$$00000000)
    .ARM.Collect$$libshutdown$$00000002      0x00000310   Section        0  libshutdown2.o(.ARM.Collect$$libshutdown$$00000002)
    .ARM.Collect$$libshutdown$$00000004      0x00000310   Section        0  libshutdown2.o(.ARM.Collect$$libshutdown$$00000004)
    .ARM.Collect$$libshutdown$$00000006      0x00000310   Section        0  libshutdown2.o(.ARM.Collect$$libshutdown$$00000006)
    .ARM.Collect$$libshutdown$$00000009      0x00000310   Section        0  libshutdown2.o(.ARM.Collect$$libshutdown$$00000009)
    .ARM.Collect$$libshutdown$$0000000C      0x00000310   Section        0  libshutdown2.o(.ARM.Collect$$libshutdown$$0000000C)
    .ARM.Collect$$libshutdown$$0000000E      0x00000310   Section        0  libshutdown2.o(.ARM.Collect$$libshutdown$$0000000E)
    .ARM.Collect$$libshutdown$$00000011      0x00000310   Section        0  libshutdown2.o(.ARM.Collect$$libshutdown$$00000011)
    .ARM.Collect$$libshutdown$$00000012      0x00000310   Section        2  libshutdown2.o(.ARM.Collect$$libshutdown$$00000012)
    .ARM.Collect$$rtentry$$00000000          0x00000312   Section        0  __rtentry.o(.ARM.Collect$$rtentry$$00000000)
    .ARM.Collect$$rtentry$$00000002          0x00000312   Section        0  __rtentry2.o(.ARM.Collect$$rtentry$$00000002)
    .ARM.Collect$$rtentry$$00000004          0x00000312   Section        6  __rtentry4.o(.ARM.Collect$$rtentry$$00000004)
    .ARM.Collect$$rtentry$$00000009          0x00000318   Section        0  __rtentry2.o(.ARM.Collect$$rtentry$$00000009)
    .ARM.Collect$$rtentry$$0000000A          0x00000318   Section        4  __rtentry2.o(.ARM.Collect$$rtentry$$0000000A)
    .ARM.Collect$$rtentry$$0000000C          0x0000031c   Section        0  __rtentry2.o(.ARM.Collect$$rtentry$$0000000C)
    .ARM.Collect$$rtentry$$0000000D          0x0000031c   Section        8  __rtentry2.o(.ARM.Collect$$rtentry$$0000000D)
    .ARM.Collect$$rtexit$$00000000           0x00000324   Section        2  rtexit.o(.ARM.Collect$$rtexit$$00000000)
    .ARM.Collect$$rtexit$$00000002           0x00000326   Section        0  rtexit2.o(.ARM.Collect$$rtexit$$00000002)
    .ARM.Collect$$rtexit$$00000003           0x00000326   Section        4  rtexit2.o(.ARM.Collect$$rtexit$$00000003)
    .ARM.Collect$$rtexit$$00000004           0x0000032a   Section        6  rtexit2.o(.ARM.Collect$$rtexit$$00000004)
    .text                                    0x00000330   Section      276  startup_tm4c123.o(.text)
    $v0                                      0x00000330   Number         0  startup_tm4c123.o(.text)
    .text                                    0x00000444   Section        0  noretval__2printf.o(.text)
    .text                                    0x0000045c   Section        0  noretval__2sprintf.o(.text)
    .text                                    0x00000484   Section        0  _printf_pad.o(.text)
    .text                                    0x000004d4   Section        0  _printf_dec.o(.text)
    .text                                    0x0000054c   Section        0  __printf_flags_wp.o(.text)
    .text                                    0x00000684   Section        0  strlen.o(.text)
    .text                                    0x000006c2   Section        0  heapauxi.o(.text)
    .text                                    0x000006c8   Section        0  _printf_intcommon.o(.text)
    .text                                    0x0000077a   Section        0  _printf_fp_dec.o(.text)
    _fp_digits                               0x0000077d   Thumb Code   432  _printf_fp_dec.o(.text)
    .text                                    0x00000b98   Section        0  _printf_char_common.o(.text)
    _printf_input_char                       0x00000b99   Thumb Code    10  _printf_char_common.o(.text)
    .text                                    0x00000bc8   Section        0  _sputc.o(.text)
    .text                                    0x00000bd4   Section        0  _printf_char_file.o(.text)
    .text                                    0x00000bf8   Section        8  rt_locale_intlibspace.o(.text)
    .text                                    0x00000c00   Section      138  lludiv10.o(.text)
    .text                                    0x00000c8c   Section        0  _printf_fp_infnan.o(.text)
    .text                                    0x00000d0c   Section        0  bigflt0.o(.text)
    .text                                    0x00000df0   Section        0  ferror.o(.text)
    .text                                    0x00000df8   Section        8  libspace.o(.text)
    .text                                    0x00000e00   Section       74  sys_stackheap_outer.o(.text)
    .text                                    0x00000e4a   Section        0  exit.o(.text)
    .text                                    0x00000e5c   Section      128  strcmpv7m.o(.text)
    .text                                    0x00000edc   Section        0  sys_exit.o(.text)
    .text                                    0x00000ee8   Section        2  use_no_semi.o(.text)
    .text                                    0x00000eea   Section        0  indicate_semi.o(.text)
    CL$$btod_d2e                             0x00000eea   Section       62  btod.o(CL$$btod_d2e)
    CL$$btod_d2e_denorm_low                  0x00000f28   Section       70  btod.o(CL$$btod_d2e_denorm_low)
    CL$$btod_d2e_norm_op1                    0x00000f6e   Section       96  btod.o(CL$$btod_d2e_norm_op1)
    CL$$btod_div_common                      0x00000fce   Section      824  btod.o(CL$$btod_div_common)
    CL$$btod_e2e                             0x00001306   Section      220  btod.o(CL$$btod_e2e)
    CL$$btod_ediv                            0x000013e2   Section       42  btod.o(CL$$btod_ediv)
    CL$$btod_emul                            0x0000140c   Section       42  btod.o(CL$$btod_emul)
    CL$$btod_mult_common                     0x00001436   Section      580  btod.o(CL$$btod_mult_common)
    i.AHT10ReadRawdata                       0x0000167c   Section        0  i2c_sensors.o(i.AHT10ReadRawdata)
    i.AHT10Trigger                           0x00001798   Section        0  i2c_sensors.o(i.AHT10Trigger)
    i.AHT10_Init                             0x000017e0   Section        0  i2c_sensors.o(i.AHT10_Init)
    i.GPIOF_Button_IRQHandler                0x00001828   Section        0  main.o(i.GPIOF_Button_IRQHandler)
    i.GPIOF_Handler                          0x000018a4   Section        0  irq.o(i.GPIOF_Handler)
    i.GUI_16BitPerPixel                      0x000018b8   Section        0  gui.o(i.GUI_16BitPerPixel)
    i.GUI_AddCbFrameEnd                      0x000018c4   Section        0  gui.o(i.GUI_AddCbFrameEnd)
    i.GUI_AppDraw                            0x000018d0   Section        0  main.o(i.GUI_AppDraw)
    i.GUI_Clear                              0x00001b00   Section        0  gui.o(i.GUI_Clear)
    i.GUI_DrawFilledRect                     0x00001b64   Section        0  gui.o(i.GUI_DrawFilledRect)
    i.GUI_DrawHortLine                       0x00001bbc   Section        0  gui.o(i.GUI_DrawHortLine)
    i.GUI_Draw_Exe                           0x00001c1c   Section        0  gui.o(i.GUI_Draw_Exe)
    i.GUI_Init                               0x00001ccc   Section        0  gui.o(i.GUI_Init)
    i.GUI_PrintChar                          0x00001d18   Section        0  gui.o(i.GUI_PrintChar)
    i.GUI_PrintString                        0x00001fc0   Section        0  gui.o(i.GUI_PrintString)
    i.GUI_SetColor                           0x00002044   Section        0  gui.o(i.GUI_SetColor)
    i.GUI_SetFont                            0x00002068   Section        0  gui.o(i.GUI_SetFont)
    i.GUI_SetFontBackColor                   0x00002074   Section        0  gui.o(i.GUI_SetFontBackColor)
    i.GUI_WriteMem                           0x00002098   Section        0  gui.o(i.GUI_WriteMem)
    GUI_WriteMem                             0x00002099   Thumb Code   114  gui.o(i.GUI_WriteMem)
    i.HardFault_Handler                      0x00002110   Section        0  bsp.o(i.HardFault_Handler)
    i.I2C0_Handler                           0x0000214c   Section        0  i2c.o(i.I2C0_Handler)
    i.I2C1_Handler                           0x00002164   Section        0  i2c.o(i.I2C1_Handler)
    i.I2C2_Handler                           0x0000217c   Section        0  i2c.o(i.I2C2_Handler)
    i.I2C3_Handler                           0x00002194   Section        0  i2c.o(i.I2C3_Handler)
    i.I2CAddCallback                         0x000021ac   Section        0  i2c.o(i.I2CAddCallback)
    i.I2CExpander_Init                       0x000021b0   Section        0  i2c_sensors.o(i.I2CExpander_Init)
    i.I2CInit                                0x00002220   Section        0  i2c.o(i.I2CInit)
    i.I2CRead                                0x00002344   Section        0  i2c.o(i.I2CRead)
    i.I2CWrite                               0x00002380   Section        0  i2c.o(i.I2CWrite)
    i.IRQ_Init                               0x000023b8   Section        0  irq.o(i.IRQ_Init)
    i.LCD_AddCallback                        0x000023e0   Section        0  lcd_st7735r.o(i.LCD_AddCallback)
    i.LCD_Count                              0x000023ec   Section        0  main.o(i.LCD_Count)
    i.LCD_GetSize                            0x00002468   Section        0  lcd_st7735r.o(i.LCD_GetSize)
    i.LCD_WriteDataPixel                     0x00002480   Section        0  lcd_st7735r.o(i.LCD_WriteDataPixel)
    i.LcdInit                                0x000024ec   Section        0  lcd_st7735r.o(i.LcdInit)
    i.Port_Init                              0x000027b8   Section        0  hal.o(i.Port_Init)
    i.SPI_Handler                            0x00002c98   Section        0  spim.o(i.SPI_Handler)
    SPI_Handler                              0x00002c99   Thumb Code   166  spim.o(i.SPI_Handler)
    i.SSI0_Handler                           0x00002d40   Section        0  spim.o(i.SSI0_Handler)
    i.SSI1_Handler                           0x00002d50   Section        0  spim.o(i.SSI1_Handler)
    i.SSI2_Handler                           0x00002d60   Section        0  spim.o(i.SSI2_Handler)
    i.SSI3_Handler                           0x00002d70   Section        0  spim.o(i.SSI3_Handler)
    i.SpimAddCallbackTransferDone            0x00002d80   Section        0  spim.o(i.SpimAddCallbackTransferDone)
    i.SpimInit                               0x00002d88   Section        0  spim.o(i.SpimInit)
    i.SpimSetDataSize                        0x00003044   Section        0  spim.o(i.SpimSetDataSize)
    i.SpimTransfer                           0x000031be   Section        0  spim.o(i.SpimTransfer)
    i.SysTick_Handler                        0x00003208   Section        0  main.o(i.SysTick_Handler)
    i.SystemCoreClockUpdate                  0x00003384   Section        0  system_tm4c123.o(i.SystemCoreClockUpdate)
    i.SystemInit                             0x00003458   Section        0  system_tm4c123.o(i.SystemInit)
    i.__ARM_fpclassify                       0x00003544   Section        0  fpclassify.o(i.__ARM_fpclassify)
    i.__NVIC_SetPriority                     0x00003574   Section        0  main.o(i.__NVIC_SetPriority)
    __NVIC_SetPriority                       0x00003575   Thumb Code    32  main.o(i.__NVIC_SetPriority)
    i._is_digit                              0x0000359c   Section        0  __printf_wp.o(i._is_digit)
    i.fputc                                  0x000035aa   Section        0  retarget.o(i.fputc)
    i.i2c_IRQHandler                         0x000035ba   Section        0  i2c.o(i.i2c_IRQHandler)
    i2c_IRQHandler                           0x000035bb   Thumb Code   422  i2c.o(i.i2c_IRQHandler)
    i.lcd_Delayms                            0x00003760   Section        0  lcd_st7735r.o(i.lcd_Delayms)
    lcd_Delayms                              0x00003761   Thumb Code    34  lcd_st7735r.o(i.lcd_Delayms)
    i.lcd_WriteCmd                           0x00003788   Section        0  lcd_st7735r.o(i.lcd_WriteCmd)
    lcd_WriteCmd                             0x00003789   Thumb Code    86  lcd_st7735r.o(i.lcd_WriteCmd)
    i.lcd_WriteData                          0x000037f0   Section        0  lcd_st7735r.o(i.lcd_WriteData)
    lcd_WriteData                            0x000037f1   Thumb Code    86  lcd_st7735r.o(i.lcd_WriteData)
    i.lcd_WriteMultipleByte                  0x00003858   Section        0  lcd_st7735r.o(i.lcd_WriteMultipleByte)
    lcd_WriteMultipleByte                    0x00003859   Thumb Code    84  lcd_st7735r.o(i.lcd_WriteMultipleByte)
    i.lcd_cbSpiDone                          0x000038b8   Section        0  lcd_st7735r.o(i.lcd_cbSpiDone)
    lcd_cbSpiDone                            0x000038b9   Thumb Code    40  lcd_st7735r.o(i.lcd_cbSpiDone)
    i.main                                   0x000038ec   Section        0  main.o(i.main)
    i.main_LcdInit                           0x00003b30   Section        0  main.o(i.main_LcdInit)
    main_LcdInit                             0x00003b31   Thumb Code    96  main.o(i.main_LcdInit)
    i.main_cbGuiFrameEnd                     0x00003bb0   Section        0  main.o(i.main_cbGuiFrameEnd)
    main_cbGuiFrameEnd                       0x00003bb1   Thumb Code     8  main.o(i.main_cbGuiFrameEnd)
    i.main_cbI2C0Isdone                      0x00003bbc   Section        0  main.o(i.main_cbI2C0Isdone)
    i.main_cbLcdTransferDone                 0x00003bc8   Section        0  main.o(i.main_cbLcdTransferDone)
    main_cbLcdTransferDone                   0x00003bc9   Thumb Code     8  main.o(i.main_cbLcdTransferDone)
    i.write_ASCII_UART0                      0x00003bd4   Section        0  hal.o(i.write_ASCII_UART0)
    i.write_I2CExpander                      0x00003bec   Section        0  i2c_sensors.o(i.write_I2CExpander)
    locale$$code                             0x00003c2c   Section       44  lc_numeric_c.o(locale$$code)
    x$fpl$d2f                                0x00003c58   Section       98  d2f.o(x$fpl$d2f)
    $v0                                      0x00003c58   Number         0  d2f.o(x$fpl$d2f)
    x$fpl$dadd                               0x00003cbc   Section      336  daddsub_clz.o(x$fpl$dadd)
    $v0                                      0x00003cbc   Number         0  daddsub_clz.o(x$fpl$dadd)
    _dadd1                                   0x00003ccd   Thumb Code     0  daddsub_clz.o(x$fpl$dadd)
    x$fpl$dfltu                              0x00003e0c   Section       38  dflt_clz.o(x$fpl$dfltu)
    $v0                                      0x00003e0c   Number         0  dflt_clz.o(x$fpl$dfltu)
    x$fpl$dmul                               0x00003e34   Section      340  dmul.o(x$fpl$dmul)
    $v0                                      0x00003e34   Number         0  dmul.o(x$fpl$dmul)
    x$fpl$dnaninf                            0x00003f88   Section      156  dnaninf.o(x$fpl$dnaninf)
    $v0                                      0x00003f88   Number         0  dnaninf.o(x$fpl$dnaninf)
    x$fpl$dretinf                            0x00004024   Section       12  dretinf.o(x$fpl$dretinf)
    $v0                                      0x00004024   Number         0  dretinf.o(x$fpl$dretinf)
    x$fpl$dsub                               0x00004030   Section      468  daddsub_clz.o(x$fpl$dsub)
    $v0                                      0x00004030   Number         0  daddsub_clz.o(x$fpl$dsub)
    _dsub1                                   0x00004041   Thumb Code     0  daddsub_clz.o(x$fpl$dsub)
    x$fpl$f2d                                0x00004204   Section       86  f2d.o(x$fpl$f2d)
    $v0                                      0x00004204   Number         0  f2d.o(x$fpl$f2d)
    x$fpl$fnaninf                            0x0000425a   Section      140  fnaninf.o(x$fpl$fnaninf)
    $v0                                      0x0000425a   Number         0  fnaninf.o(x$fpl$fnaninf)
    x$fpl$fpinit                             0x000042e6   Section       10  fpinit.o(x$fpl$fpinit)
    $v0                                      0x000042e6   Number         0  fpinit.o(x$fpl$fpinit)
    x$fpl$fretinf                            0x000042f0   Section       10  fretinf.o(x$fpl$fretinf)
    $v0                                      0x000042f0   Number         0  fretinf.o(x$fpl$fretinf)
    x$fpl$printf1                            0x000042fa   Section        4  printf1.o(x$fpl$printf1)
    $v0                                      0x000042fa   Number         0  printf1.o(x$fpl$printf1)
    x$fpl$usenofp                            0x000042fe   Section        0  usenofp.o(x$fpl$usenofp)
    .constdata                               0x00004300   Section     2124  fontarialbold16.o(.constdata)
    g_pucArialbold16Data                     0x00004300   Data        1921  fontarialbold16.o(.constdata)
    .constdata                               0x00004b4c   Section     1704  fontarialbold12.o(.constdata)
    g_pucArialbold12Data                     0x00004b4c   Data        1503  fontarialbold12.o(.constdata)
    .constdata                               0x000051f4   Section      108  system_tm4c123.o(.constdata)
    XTAL_NO_PLL                              0x000051f4   Data         108  system_tm4c123.o(.constdata)
    .constdata                               0x00005260   Section     1047  font_calibri10.o(.constdata)
    g_pucCalibri10Data                       0x00005260   Data        1047  font_calibri10.o(.constdata)
    .constdata                               0x00005678   Section      200  font_calibri10.o(.constdata)
    .constdata                               0x00005740   Section       17  __printf_flags_wp.o(.constdata)
    maptable                                 0x00005740   Data          17  __printf_flags_wp.o(.constdata)
    .constdata                               0x00005754   Section      148  bigflt0.o(.constdata)
    tenpwrs_x                                0x00005754   Data          60  bigflt0.o(.constdata)
    tenpwrs_i                                0x00005790   Data          64  bigflt0.o(.constdata)
    locale$$data                             0x00005808   Section       28  lc_numeric_c.o(locale$$data)
    __lcnum_c_name                           0x0000580c   Data           2  lc_numeric_c.o(locale$$data)
    __lcnum_c_start                          0x00005814   Data           0  lc_numeric_c.o(locale$$data)
    __lcnum_c_point                          0x00005820   Data           0  lc_numeric_c.o(locale$$data)
    __lcnum_c_thousands                      0x00005822   Data           0  lc_numeric_c.o(locale$$data)
    __lcnum_c_grouping                       0x00005823   Data           0  lc_numeric_c.o(locale$$data)
    __lcnum_c_end                            0x00005824   Data           0  lc_numeric_c.o(locale$$data)
    .data                                    0x20000000   Section      116  main.o(.data)
    LCD_0                                    0x20000000   Data           1  main.o(.data)
    LCD_1                                    0x20000001   Data           1  main.o(.data)
    LCD_2                                    0x20000002   Data           1  main.o(.data)
    LCD_3                                    0x20000003   Data           1  main.o(.data)
    LCD_4                                    0x20000004   Data           1  main.o(.data)
    LCD_5                                    0x20000005   Data           1  main.o(.data)
    LCD_6                                    0x20000006   Data           1  main.o(.data)
    LCD_7                                    0x20000007   Data           1  main.o(.data)
    LCD_8                                    0x20000008   Data           1  main.o(.data)
    LCD_9                                    0x20000009   Data           1  main.o(.data)
    g_bSystemTick                            0x2000000c   Data           4  main.o(.data)
    g_bSystemTick1000                        0x20000010   Data           4  main.o(.data)
    g_bSecTick                               0x20000014   Data           4  main.o(.data)
    g_nCount                                 0x20000018   Data           4  main.o(.data)
    g_bToggle                                0x2000001c   Data           4  main.o(.data)
    g_nTimeSec                               0x20000020   Data           4  main.o(.data)
    g_bSpiDone                               0x20000024   Data           4  main.o(.data)
    g_bLCDUpdate                             0x20000028   Data           4  main.o(.data)
    g_nLCD                                   0x2000002c   Data           4  main.o(.data)
    g_bBacklightOn                           0x20000030   Data           4  main.o(.data)
    g_bLcdFree                               0x20000034   Data           4  main.o(.data)
    g_nDelay                                 0x20000038   Data           4  main.o(.data)
    g_nAHT10Delay                            0x20000040   Data           1  main.o(.data)
    g_bAHT10Read                             0x20000044   Data           4  main.o(.data)
    g_nAHT10Update                           0x20000048   Data           4  main.o(.data)
    g_bAHT10Update                           0x2000004c   Data           4  main.o(.data)
    g_MCP23017                               0x20000050   Data           4  main.o(.data)
    g_nBeep_Count                            0x20000054   Data           2  main.o(.data)
    g_nBuzzerONCountDn                       0x20000058   Data           4  main.o(.data)
    g_nBuzzerOFFCountDn                      0x2000005c   Data           4  main.o(.data)
    g_bBuzzerON                              0x20000060   Data           4  main.o(.data)
    dig1                                     0x20000064   Data           1  main.o(.data)
    dig2                                     0x20000065   Data           1  main.o(.data)
    g_n7SegCount                             0x20000066   Data           2  main.o(.data)
    g_debounce                               0x20000068   Data           4  main.o(.data)
    g_bInitialState                          0x2000006c   Data           4  main.o(.data)
    g_bLED_Toggle                            0x20000070   Data           4  main.o(.data)
    .data                                    0x20000074   Section       22  lcd_st7735r.o(.data)
    g_pSpimHandle                            0x20000074   Data           4  lcd_st7735r.o(.data)
    g_bSpiDone                               0x20000078   Data           4  lcd_st7735r.o(.data)
    g_nScreenX                               0x2000007c   Data           4  lcd_st7735r.o(.data)
    g_nScreenY                               0x20000080   Data           4  lcd_st7735r.o(.data)
    g_pLcdCbDone                             0x20000084   Data           4  lcd_st7735r.o(.data)
    g_Cmd                                    0x20000088   Data           1  lcd_st7735r.o(.data)
    g_Data                                   0x20000089   Data           1  lcd_st7735r.o(.data)
    .data                                    0x2000008c   Section        4  retarget.o(.data)
    .data                                    0x20000090   Section        4  system_tm4c123.o(.data)
    .data                                    0x20000094   Section        4  i2c_sensors.o(.data)
    g_pI2cHandle                             0x20000094   Data           4  i2c_sensors.o(.data)
    .data                                    0x20000098   Section       28  gui.o(.data)
    g_pFont                                  0x20000098   Data           4  gui.o(.data)
    g_Color                                  0x2000009c   Data           4  gui.o(.data)
    g_hMemPtr                                0x200000a0   Data           4  gui.o(.data)
    g_b16BitPerPixel                         0x200000a4   Data           4  gui.o(.data)
    g_pFramEnd                               0x200000a8   Data           4  gui.o(.data)
    g_nWidth                                 0x200000ac   Data           4  gui.o(.data)
    g_FontBackColor                          0x200000b0   Data           4  gui.o(.data)
    .bss                                     0x200000b4   Section     8380  main.o(.bss)
    g_SpimHandle                             0x200000b4   Data          52  main.o(.bss)
    g_aBuf                                   0x200000e8   Data        8192  main.o(.bss)
    g_MemDev                                 0x200020e8   Data          80  main.o(.bss)
    g_I2C0Handle                             0x20002138   Data          40  main.o(.bss)
    g_AHT10                                  0x20002160   Data          16  main.o(.bss)
    .bss                                     0x20002170   Section       64  lcd_st7735r.o(.bss)
    data                                     0x20002170   Data          64  lcd_st7735r.o(.bss)
    .bss                                     0x200021b0   Section       16  spim.o(.bss)
    g_pSpiIrqhandles                         0x200021b0   Data          16  spim.o(.bss)
    .bss                                     0x200021c0   Section       16  i2c.o(.bss)
    g_aI2CIrqHandle                          0x200021c0   Data          16  i2c.o(.bss)
    .bss                                     0x200021d0   Section       96  libspace.o(.bss)
    HEAP                                     0x20002230   Section        0  startup_tm4c123.o(HEAP)
    STACK                                    0x20002230   Section     2560  startup_tm4c123.o(STACK)
    Heap_Mem                                 0x20002230   Data           0  startup_tm4c123.o(HEAP)
    Stack_Mem                                0x20002230   Data        2560  startup_tm4c123.o(STACK)
    __initial_sp                             0x20002c30   Data           0  startup_tm4c123.o(STACK)

    Global Symbols

    Symbol Name                              Value     Ov Type        Size  Object(Section)

    BuildAttributes$$THM_ISAv4$E$P$D$K$B$S$7EM$VFPi3$EXTD16$VFPS$VFMA$PE$A:L22UL41UL21$X:L11$S22US41US21$IEEE1$IW$USESV6$~STKCKD$USESV7$~SHL$OTIME$ROPI$IEEEJ$EBA8$UX$STANDARDLIB$REQ8$PRES8$EABIv2 0x00000000   Number         0  anon$$obj.o ABSOLUTE
    __ARM_use_no_argv                        0x00000000   Number         0  main.o ABSOLUTE
    __Vectors                                0x00000000   Data           4  startup_tm4c123.o(RESET)
    _printf_flags                            0x00000000   Number         0  printf_stubs.o ABSOLUTE
    _printf_return_value                     0x00000000   Number         0  printf_stubs.o ABSOLUTE
    _printf_sizespec                         0x00000000   Number         0  printf_stubs.o ABSOLUTE
    _printf_widthprec                        0x00000000   Number         0  printf_stubs.o ABSOLUTE
    __ARM_exceptions_init                     - Undefined Weak Reference
    __alloca_initialize                       - Undefined Weak Reference
    __arm_fini_                               - Undefined Weak Reference
    __arm_preinit_                            - Undefined Weak Reference
    __cpp_initialize__aeabi_                  - Undefined Weak Reference
    __cxa_finalize                            - Undefined Weak Reference
    __sigvec_lookup                           - Undefined Weak Reference
    _atexit_init                              - Undefined Weak Reference
    _call_atexit_fns                          - Undefined Weak Reference
    _clock_init                               - Undefined Weak Reference
    _fp_trap_init                             - Undefined Weak Reference
    _fp_trap_shutdown                         - Undefined Weak Reference
    _get_lc_collate                           - Undefined Weak Reference
    _get_lc_ctype                             - Undefined Weak Reference
    _get_lc_monetary                          - Undefined Weak Reference
    _get_lc_time                              - Undefined Weak Reference
    _getenv_init                              - Undefined Weak Reference
    _handle_redirection                       - Undefined Weak Reference
    _init_alloc                               - Undefined Weak Reference
    _init_user_alloc                          - Undefined Weak Reference
    _initio                                   - Undefined Weak Reference
    _mutex_acquire                            - Undefined Weak Reference
    _mutex_release                            - Undefined Weak Reference
    _printf_truncate_signed                   - Undefined Weak Reference
    _printf_truncate_unsigned                 - Undefined Weak Reference
    _rand_init                                - Undefined Weak Reference
    _signal_finish                            - Undefined Weak Reference
    _signal_init                              - Undefined Weak Reference
    _terminate_alloc                          - Undefined Weak Reference
    _terminate_user_alloc                     - Undefined Weak Reference
    _terminateio                              - Undefined Weak Reference
    __Vectors_End                            0x0000026c   Data           0  startup_tm4c123.o(RESET)
    __Vectors_Size                           0x0000026c   Number         0  startup_tm4c123.o ABSOLUTE
    __main                                   0x0000026d   Thumb Code     8  __main.o(!!!main)
    __scatterload                            0x00000275   Thumb Code     0  __scatter.o(!!!scatter)
    __scatterload_rt2                        0x00000275   Thumb Code    44  __scatter.o(!!!scatter)
    __scatterload_rt2_thumb_only             0x00000275   Thumb Code     0  __scatter.o(!!!scatter)
    __scatterload_null                       0x00000283   Thumb Code     0  __scatter.o(!!!scatter)
    __scatterload_copy                       0x000002a9   Thumb Code    26  __scatter_copy.o(!!handler_copy)
    __scatterload_zeroinit                   0x000002c5   Thumb Code    28  __scatter_zi.o(!!handler_zi)
    _printf_f                                0x000002e1   Thumb Code     0  _printf_f.o(.ARM.Collect$$_printf_percent$$00000003)
    _printf_percent                          0x000002e1   Thumb Code     0  _printf_percent.o(.ARM.Collect$$_printf_percent$$00000000)
    _printf_d                                0x000002e7   Thumb Code     0  _printf_d.o(.ARM.Collect$$_printf_percent$$00000009)
    _printf_u                                0x000002ed   Thumb Code     0  _printf_u.o(.ARM.Collect$$_printf_percent$$0000000A)
    _printf_percent_end                      0x000002f3   Thumb Code     0  _printf_percent_end.o(.ARM.Collect$$_printf_percent$$00000017)
    __rt_lib_init                            0x000002f7   Thumb Code     0  libinit.o(.ARM.Collect$$libinit$$00000000)
    __rt_lib_init_fp_1                       0x000002f9   Thumb Code     0  libinit2.o(.ARM.Collect$$libinit$$00000001)
    __rt_lib_init_heap_1                     0x000002fd   Thumb Code     0  libinit2.o(.ARM.Collect$$libinit$$0000000A)
    __rt_lib_init_lc_common                  0x000002fd   Thumb Code     0  libinit2.o(.ARM.Collect$$libinit$$0000000F)
    __rt_lib_init_preinit_1                  0x000002fd   Thumb Code     0  libinit2.o(.ARM.Collect$$libinit$$00000004)
    __rt_lib_init_rand_1                     0x000002fd   Thumb Code     0  libinit2.o(.ARM.Collect$$libinit$$0000000E)
    __rt_lib_init_user_alloc_1               0x000002fd   Thumb Code     0  libinit2.o(.ARM.Collect$$libinit$$0000000C)
    __rt_lib_init_lc_collate_1               0x00000303   Thumb Code     0  libinit2.o(.ARM.Collect$$libinit$$00000011)
    __rt_lib_init_lc_ctype_1                 0x00000303   Thumb Code     0  libinit2.o(.ARM.Collect$$libinit$$00000013)
    __rt_lib_init_lc_monetary_1              0x00000303   Thumb Code     0  libinit2.o(.ARM.Collect$$libinit$$00000015)
    __rt_lib_init_lc_numeric_2               0x00000303   Thumb Code     0  libinit2.o(.ARM.Collect$$libinit$$00000016)
    __rt_lib_init_alloca_1                   0x0000030d   Thumb Code     0  libinit2.o(.ARM.Collect$$libinit$$0000002E)
    __rt_lib_init_argv_1                     0x0000030d   Thumb Code     0  libinit2.o(.ARM.Collect$$libinit$$0000002C)
    __rt_lib_init_atexit_1                   0x0000030d   Thumb Code     0  libinit2.o(.ARM.Collect$$libinit$$0000001B)
    __rt_lib_init_clock_1                    0x0000030d   Thumb Code     0  libinit2.o(.ARM.Collect$$libinit$$00000021)
    __rt_lib_init_cpp_1                      0x0000030d   Thumb Code     0  libinit2.o(.ARM.Collect$$libinit$$00000032)
    __rt_lib_init_exceptions_1               0x0000030d   Thumb Code     0  libinit2.o(.ARM.Collect$$libinit$$00000030)
    __rt_lib_init_fp_trap_1                  0x0000030d   Thumb Code     0  libinit2.o(.ARM.Collect$$libinit$$0000001F)
    __rt_lib_init_getenv_1                   0x0000030d   Thumb Code     0  libinit2.o(.ARM.Collect$$libinit$$00000023)
    __rt_lib_init_lc_numeric_1               0x0000030d   Thumb Code     0  libinit2.o(.ARM.Collect$$libinit$$00000017)
    __rt_lib_init_lc_time_1                  0x0000030d   Thumb Code     0  libinit2.o(.ARM.Collect$$libinit$$00000019)
    __rt_lib_init_return                     0x0000030d   Thumb Code     0  libinit2.o(.ARM.Collect$$libinit$$00000033)
    __rt_lib_init_signal_1                   0x0000030d   Thumb Code     0  libinit2.o(.ARM.Collect$$libinit$$0000001D)
    __rt_lib_init_stdio_1                    0x0000030d   Thumb Code     0  libinit2.o(.ARM.Collect$$libinit$$00000025)
    __rt_lib_shutdown                        0x0000030f   Thumb Code     0  libshutdown.o(.ARM.Collect$$libshutdown$$00000000)
    __rt_lib_shutdown_cpp_1                  0x00000311   Thumb Code     0  libshutdown2.o(.ARM.Collect$$libshutdown$$00000004)
    __rt_lib_shutdown_fini_1                 0x00000311   Thumb Code     0  libshutdown2.o(.ARM.Collect$$libshutdown$$00000002)
    __rt_lib_shutdown_fp_trap_1              0x00000311   Thumb Code     0  libshutdown2.o(.ARM.Collect$$libshutdown$$00000009)
    __rt_lib_shutdown_heap_1                 0x00000311   Thumb Code     0  libshutdown2.o(.ARM.Collect$$libshutdown$$00000011)
    __rt_lib_shutdown_return                 0x00000311   Thumb Code     0  libshutdown2.o(.ARM.Collect$$libshutdown$$00000012)
    __rt_lib_shutdown_signal_1               0x00000311   Thumb Code     0  libshutdown2.o(.ARM.Collect$$libshutdown$$0000000C)
    __rt_lib_shutdown_stdio_1                0x00000311   Thumb Code     0  libshutdown2.o(.ARM.Collect$$libshutdown$$00000006)
    __rt_lib_shutdown_user_alloc_1           0x00000311   Thumb Code     0  libshutdown2.o(.ARM.Collect$$libshutdown$$0000000E)
    __rt_entry                               0x00000313   Thumb Code     0  __rtentry.o(.ARM.Collect$$rtentry$$00000000)
    __rt_entry_presh_1                       0x00000313   Thumb Code     0  __rtentry2.o(.ARM.Collect$$rtentry$$00000002)
    __rt_entry_sh                            0x00000313   Thumb Code     0  __rtentry4.o(.ARM.Collect$$rtentry$$00000004)
    __rt_entry_li                            0x00000319   Thumb Code     0  __rtentry2.o(.ARM.Collect$$rtentry$$0000000A)
    __rt_entry_postsh_1                      0x00000319   Thumb Code     0  __rtentry2.o(.ARM.Collect$$rtentry$$00000009)
    __rt_entry_main                          0x0000031d   Thumb Code     0  __rtentry2.o(.ARM.Collect$$rtentry$$0000000D)
    __rt_entry_postli_1                      0x0000031d   Thumb Code     0  __rtentry2.o(.ARM.Collect$$rtentry$$0000000C)
    __rt_exit                                0x00000325   Thumb Code     0  rtexit.o(.ARM.Collect$$rtexit$$00000000)
    __rt_exit_ls                             0x00000327   Thumb Code     0  rtexit2.o(.ARM.Collect$$rtexit$$00000003)
    __rt_exit_prels_1                        0x00000327   Thumb Code     0  rtexit2.o(.ARM.Collect$$rtexit$$00000002)
    __rt_exit_exit                           0x0000032b   Thumb Code     0  rtexit2.o(.ARM.Collect$$rtexit$$00000004)
    Reset_Handler                            0x00000331   Thumb Code     8  startup_tm4c123.o(.text)
    NMI_Handler                              0x00000339   Thumb Code     2  startup_tm4c123.o(.text)
    MemManage_Handler                        0x0000033d   Thumb Code     2  startup_tm4c123.o(.text)
    BusFault_Handler                         0x0000033f   Thumb Code     2  startup_tm4c123.o(.text)
    UsageFault_Handler                       0x00000341   Thumb Code     2  startup_tm4c123.o(.text)
    SVC_Handler                              0x00000343   Thumb Code     2  startup_tm4c123.o(.text)
    DebugMon_Handler                         0x00000345   Thumb Code     2  startup_tm4c123.o(.text)
    PendSV_Handler                           0x00000347   Thumb Code     2  startup_tm4c123.o(.text)
    GPIOA_Handler                            0x0000034b   Thumb Code     2  startup_tm4c123.o(.text)
    GPIOB_Handler                            0x0000034d   Thumb Code     2  startup_tm4c123.o(.text)
    GPIOC_Handler                            0x0000034f   Thumb Code     2  startup_tm4c123.o(.text)
    GPIOD_Handler                            0x00000351   Thumb Code     2  startup_tm4c123.o(.text)
    GPIOE_Handler                            0x00000353   Thumb Code     2  startup_tm4c123.o(.text)
    UART0_Handler                            0x00000355   Thumb Code     2  startup_tm4c123.o(.text)
    UART1_Handler                            0x00000357   Thumb Code     2  startup_tm4c123.o(.text)
    PMW0_FAULT_Handler                       0x0000035d   Thumb Code     2  startup_tm4c123.o(.text)
    PWM0_0_Handler                           0x0000035f   Thumb Code     2  startup_tm4c123.o(.text)
    PWM0_1_Handler                           0x00000361   Thumb Code     2  startup_tm4c123.o(.text)
    PWM0_2_Handler                           0x00000363   Thumb Code     2  startup_tm4c123.o(.text)
    QEI0_Handler                             0x00000365   Thumb Code     2  startup_tm4c123.o(.text)
    ADC0SS0_Handler                          0x00000367   Thumb Code     2  startup_tm4c123.o(.text)
    ADC0SS1_Handler                          0x00000369   Thumb Code     2  startup_tm4c123.o(.text)
    ADC0SS2_Handler                          0x0000036b   Thumb Code     2  startup_tm4c123.o(.text)
    ADC0SS3_Handler                          0x0000036d   Thumb Code     2  startup_tm4c123.o(.text)
    WDT0_Handler                             0x0000036f   Thumb Code     2  startup_tm4c123.o(.text)
    TIMER0A_Handler                          0x00000371   Thumb Code     2  startup_tm4c123.o(.text)
    TIMER0B_Handler                          0x00000373   Thumb Code     2  startup_tm4c123.o(.text)
    TIMER1A_Handler                          0x00000375   Thumb Code     2  startup_tm4c123.o(.text)
    TIMER1B_Handler                          0x00000377   Thumb Code     2  startup_tm4c123.o(.text)
    TIMER2A_Handler                          0x00000379   Thumb Code     2  startup_tm4c123.o(.text)
    TIMER2B_Handler                          0x0000037b   Thumb Code     2  startup_tm4c123.o(.text)
    COMP0_Handler                            0x0000037d   Thumb Code     2  startup_tm4c123.o(.text)
    COMP1_Handler                            0x0000037f   Thumb Code     2  startup_tm4c123.o(.text)
    COMP2_Handler                            0x00000381   Thumb Code     2  startup_tm4c123.o(.text)
    SYSCTL_Handler                           0x00000383   Thumb Code     2  startup_tm4c123.o(.text)
    FLASH_Handler                            0x00000385   Thumb Code     2  startup_tm4c123.o(.text)
    GPIOG_Handler                            0x00000389   Thumb Code     2  startup_tm4c123.o(.text)
    GPIOH_Handler                            0x0000038b   Thumb Code     2  startup_tm4c123.o(.text)
    UART2_Handler                            0x0000038d   Thumb Code     2  startup_tm4c123.o(.text)
    TIMER3A_Handler                          0x00000391   Thumb Code     2  startup_tm4c123.o(.text)
    TIMER3B_Handler                          0x00000393   Thumb Code     2  startup_tm4c123.o(.text)
    QEI1_Handler                             0x00000397   Thumb Code     2  startup_tm4c123.o(.text)
    CAN0_Handler                             0x00000399   Thumb Code     2  startup_tm4c123.o(.text)
    CAN1_Handler                             0x0000039b   Thumb Code     2  startup_tm4c123.o(.text)
    CAN2_Handler                             0x0000039d   Thumb Code     2  startup_tm4c123.o(.text)
    HIB_Handler                              0x0000039f   Thumb Code     2  startup_tm4c123.o(.text)
    USB0_Handler                             0x000003a1   Thumb Code     2  startup_tm4c123.o(.text)
    PWM0_3_Handler                           0x000003a3   Thumb Code     2  startup_tm4c123.o(.text)
    UDMA_Handler                             0x000003a5   Thumb Code     2  startup_tm4c123.o(.text)
    UDMAERR_Handler                          0x000003a7   Thumb Code     2  startup_tm4c123.o(.text)
    ADC1SS0_Handler                          0x000003a9   Thumb Code     2  startup_tm4c123.o(.text)
    ADC1SS1_Handler                          0x000003ab   Thumb Code     2  startup_tm4c123.o(.text)
    ADC1SS2_Handler                          0x000003ad   Thumb Code     2  startup_tm4c123.o(.text)
    ADC1SS3_Handler                          0x000003af   Thumb Code     2  startup_tm4c123.o(.text)
    GPIOJ_Handler                            0x000003b1   Thumb Code     2  startup_tm4c123.o(.text)
    GPIOK_Handler                            0x000003b3   Thumb Code     2  startup_tm4c123.o(.text)
    GPIOL_Handler                            0x000003b5   Thumb Code     2  startup_tm4c123.o(.text)
    UART3_Handler                            0x000003bb   Thumb Code     2  startup_tm4c123.o(.text)
    UART4_Handler                            0x000003bd   Thumb Code     2  startup_tm4c123.o(.text)
    UART5_Handler                            0x000003bf   Thumb Code     2  startup_tm4c123.o(.text)
    UART6_Handler                            0x000003c1   Thumb Code     2  startup_tm4c123.o(.text)
    UART7_Handler                            0x000003c3   Thumb Code     2  startup_tm4c123.o(.text)
    TIMER4A_Handler                          0x000003c9   Thumb Code     2  startup_tm4c123.o(.text)
    TIMER4B_Handler                          0x000003cb   Thumb Code     2  startup_tm4c123.o(.text)
    TIMER5A_Handler                          0x000003cd   Thumb Code     2  startup_tm4c123.o(.text)
    TIMER5B_Handler                          0x000003cf   Thumb Code     2  startup_tm4c123.o(.text)
    WTIMER0A_Handler                         0x000003d1   Thumb Code     2  startup_tm4c123.o(.text)
    WTIMER0B_Handler                         0x000003d3   Thumb Code     2  startup_tm4c123.o(.text)
    WTIMER1A_Handler                         0x000003d5   Thumb Code     2  startup_tm4c123.o(.text)
    WTIMER1B_Handler                         0x000003d7   Thumb Code     2  startup_tm4c123.o(.text)
    WTIMER2A_Handler                         0x000003d9   Thumb Code     2  startup_tm4c123.o(.text)
    WTIMER2B_Handler                         0x000003db   Thumb Code     2  startup_tm4c123.o(.text)
    WTIMER3A_Handler                         0x000003dd   Thumb Code     2  startup_tm4c123.o(.text)
    WTIMER3B_Handler                         0x000003df   Thumb Code     2  startup_tm4c123.o(.text)
    WTIMER4A_Handler                         0x000003e1   Thumb Code     2  startup_tm4c123.o(.text)
    WTIMER4B_Handler                         0x000003e3   Thumb Code     2  startup_tm4c123.o(.text)
    WTIMER5A_Handler                         0x000003e5   Thumb Code     2  startup_tm4c123.o(.text)
    WTIMER5B_Handler                         0x000003e7   Thumb Code     2  startup_tm4c123.o(.text)
    FPU_Handler                              0x000003e9   Thumb Code     2  startup_tm4c123.o(.text)
    I2C4_Handler                             0x000003eb   Thumb Code     2  startup_tm4c123.o(.text)
    I2C5_Handler                             0x000003ed   Thumb Code     2  startup_tm4c123.o(.text)
    GPIOM_Handler                            0x000003ef   Thumb Code     2  startup_tm4c123.o(.text)
    GPION_Handler                            0x000003f1   Thumb Code     2  startup_tm4c123.o(.text)
    QEI2_Handler                             0x000003f3   Thumb Code     2  startup_tm4c123.o(.text)
    GPIOP0_Handler                           0x000003f5   Thumb Code     2  startup_tm4c123.o(.text)
    GPIOP1_Handler                           0x000003f7   Thumb Code     2  startup_tm4c123.o(.text)
    GPIOP2_Handler                           0x000003f9   Thumb Code     2  startup_tm4c123.o(.text)
    GPIOP3_Handler                           0x000003fb   Thumb Code     2  startup_tm4c123.o(.text)
    GPIOP4_Handler                           0x000003fd   Thumb Code     2  startup_tm4c123.o(.text)
    GPIOP5_Handler                           0x000003ff   Thumb Code     2  startup_tm4c123.o(.text)
    GPIOP6_Handler                           0x00000401   Thumb Code     2  startup_tm4c123.o(.text)
    GPIOP7_Handler                           0x00000403   Thumb Code     2  startup_tm4c123.o(.text)
    GPIOQ0_Handler                           0x00000405   Thumb Code     2  startup_tm4c123.o(.text)
    GPIOQ1_Handler                           0x00000407   Thumb Code     2  startup_tm4c123.o(.text)
    GPIOQ2_Handler                           0x00000409   Thumb Code     2  startup_tm4c123.o(.text)
    GPIOQ3_Handler                           0x0000040b   Thumb Code     2  startup_tm4c123.o(.text)
    GPIOQ4_Handler                           0x0000040d   Thumb Code     2  startup_tm4c123.o(.text)
    GPIOQ5_Handler                           0x0000040f   Thumb Code     2  startup_tm4c123.o(.text)
    GPIOQ6_Handler                           0x00000411   Thumb Code     2  startup_tm4c123.o(.text)
    GPIOQ7_Handler                           0x00000413   Thumb Code     2  startup_tm4c123.o(.text)
    GPIOR_Handler                            0x00000415   Thumb Code     2  startup_tm4c123.o(.text)
    GPIOS_Handler                            0x00000417   Thumb Code     2  startup_tm4c123.o(.text)
    PMW1_0_Handler                           0x00000419   Thumb Code     2  startup_tm4c123.o(.text)
    PWM1_1_Handler                           0x0000041b   Thumb Code     2  startup_tm4c123.o(.text)
    PWM1_2_Handler                           0x0000041d   Thumb Code     2  startup_tm4c123.o(.text)
    PWM1_3_Handler                           0x0000041f   Thumb Code     2  startup_tm4c123.o(.text)
    PWM1_FAULT_Handler                       0x00000421   Thumb Code     2  startup_tm4c123.o(.text)
    __user_initial_stackheap                 0x00000425   Thumb Code     0  startup_tm4c123.o(.text)
    __2printf                                0x00000445   Thumb Code    20  noretval__2printf.o(.text)
    __2sprintf                               0x0000045d   Thumb Code    34  noretval__2sprintf.o(.text)
    _printf_pre_padding                      0x00000485   Thumb Code    44  _printf_pad.o(.text)
    _printf_post_padding                     0x000004b1   Thumb Code    34  _printf_pad.o(.text)
    _printf_int_dec                          0x000004d5   Thumb Code   104  _printf_dec.o(.text)
    __printf                                 0x0000054d   Thumb Code   308  __printf_flags_wp.o(.text)
    strlen                                   0x00000685   Thumb Code    62  strlen.o(.text)
    __use_two_region_memory                  0x000006c3   Thumb Code     2  heapauxi.o(.text)
    __rt_heap_escrow$2region                 0x000006c5   Thumb Code     2  heapauxi.o(.text)
    __rt_heap_expand$2region                 0x000006c7   Thumb Code     2  heapauxi.o(.text)
    _printf_int_common                       0x000006c9   Thumb Code   178  _printf_intcommon.o(.text)
    __lib_sel_fp_printf                      0x0000077b   Thumb Code     2  _printf_fp_dec.o(.text)
    _printf_fp_dec_real                      0x0000092d   Thumb Code   620  _printf_fp_dec.o(.text)
    _printf_char_common                      0x00000ba3   Thumb Code    32  _printf_char_common.o(.text)
    _sputc                                   0x00000bc9   Thumb Code    10  _sputc.o(.text)
    _printf_char_file                        0x00000bd5   Thumb Code    32  _printf_char_file.o(.text)
    __rt_locale                              0x00000bf9   Thumb Code     8  rt_locale_intlibspace.o(.text)
    _ll_udiv10                               0x00000c01   Thumb Code   138  lludiv10.o(.text)
    _printf_fp_infnan                        0x00000c8d   Thumb Code   112  _printf_fp_infnan.o(.text)
    _btod_etento                             0x00000d0d   Thumb Code   224  bigflt0.o(.text)
    ferror                                   0x00000df1   Thumb Code     8  ferror.o(.text)
    __user_libspace                          0x00000df9   Thumb Code     8  libspace.o(.text)
    __user_perproc_libspace                  0x00000df9   Thumb Code     0  libspace.o(.text)
    __user_perthread_libspace                0x00000df9   Thumb Code     0  libspace.o(.text)
    __user_setup_stackheap                   0x00000e01   Thumb Code    74  sys_stackheap_outer.o(.text)
    exit                                     0x00000e4b   Thumb Code    18  exit.o(.text)
    strcmp                                   0x00000e5d   Thumb Code   128  strcmpv7m.o(.text)
    _sys_exit                                0x00000edd   Thumb Code     8  sys_exit.o(.text)
    __I$use$semihosting                      0x00000ee9   Thumb Code     0  use_no_semi.o(.text)
    __use_no_semihosting_swi                 0x00000ee9   Thumb Code     2  use_no_semi.o(.text)
    __semihosting_library_function           0x00000eeb   Thumb Code     0  indicate_semi.o(.text)
    _btod_d2e                                0x00000eeb   Thumb Code    62  btod.o(CL$$btod_d2e)
    _d2e_denorm_low                          0x00000f29   Thumb Code    70  btod.o(CL$$btod_d2e_denorm_low)
    _d2e_norm_op1                            0x00000f6f   Thumb Code    96  btod.o(CL$$btod_d2e_norm_op1)
    __btod_div_common                        0x00000fcf   Thumb Code   696  btod.o(CL$$btod_div_common)
    _e2e                                     0x00001307   Thumb Code   220  btod.o(CL$$btod_e2e)
    _btod_ediv                               0x000013e3   Thumb Code    42  btod.o(CL$$btod_ediv)
    _btod_emul                               0x0000140d   Thumb Code    42  btod.o(CL$$btod_emul)
    __btod_mult_common                       0x00001437   Thumb Code   580  btod.o(CL$$btod_mult_common)
    AHT10ReadRawdata                         0x0000167d   Thumb Code   238  i2c_sensors.o(i.AHT10ReadRawdata)
    AHT10Trigger                             0x00001799   Thumb Code    62  i2c_sensors.o(i.AHT10Trigger)
    AHT10_Init                               0x000017e1   Thumb Code    62  i2c_sensors.o(i.AHT10_Init)
    GPIOF_Button_IRQHandler                  0x00001829   Thumb Code   102  main.o(i.GPIOF_Button_IRQHandler)
    GPIOF_Handler                            0x000018a5   Thumb Code    14  irq.o(i.GPIOF_Handler)
    GUI_16BitPerPixel                        0x000018b9   Thumb Code     6  gui.o(i.GUI_16BitPerPixel)
    GUI_AddCbFrameEnd                        0x000018c5   Thumb Code     6  gui.o(i.GUI_AddCbFrameEnd)
    GUI_AppDraw                              0x000018d1   Thumb Code   390  main.o(i.GUI_AppDraw)
    GUI_Clear                                0x00001b01   Thumb Code    96  gui.o(i.GUI_Clear)
    GUI_DrawFilledRect                       0x00001b65   Thumb Code    84  gui.o(i.GUI_DrawFilledRect)
    GUI_DrawHortLine                         0x00001bbd   Thumb Code    90  gui.o(i.GUI_DrawHortLine)
    GUI_Draw_Exe                             0x00001c1d   Thumb Code   170  gui.o(i.GUI_Draw_Exe)
    GUI_Init                                 0x00001ccd   Thumb Code    70  gui.o(i.GUI_Init)
    GUI_PrintChar                            0x00001d19   Thumb Code   676  gui.o(i.GUI_PrintChar)
    GUI_PrintString                          0x00001fc1   Thumb Code   128  gui.o(i.GUI_PrintString)
    GUI_SetColor                             0x00002045   Thumb Code    30  gui.o(i.GUI_SetColor)
    GUI_SetFont                              0x00002069   Thumb Code     6  gui.o(i.GUI_SetFont)
    GUI_SetFontBackColor                     0x00002075   Thumb Code    30  gui.o(i.GUI_SetFontBackColor)
    HardFault_Handler                        0x00002111   Thumb Code    40  bsp.o(i.HardFault_Handler)
    I2C0_Handler                             0x0000214d   Thumb Code    18  i2c.o(i.I2C0_Handler)
    I2C1_Handler                             0x00002165   Thumb Code    18  i2c.o(i.I2C1_Handler)
    I2C2_Handler                             0x0000217d   Thumb Code    18  i2c.o(i.I2C2_Handler)
    I2C3_Handler                             0x00002195   Thumb Code    18  i2c.o(i.I2C3_Handler)
    I2CAddCallback                           0x000021ad   Thumb Code     4  i2c.o(i.I2CAddCallback)
    I2CExpander_Init                         0x000021b1   Thumb Code   104  i2c_sensors.o(i.I2CExpander_Init)
    I2CInit                                  0x00002221   Thumb Code   248  i2c.o(i.I2CInit)
    I2CRead                                  0x00002345   Thumb Code    60  i2c.o(i.I2CRead)
    I2CWrite                                 0x00002381   Thumb Code    56  i2c.o(i.I2CWrite)
    IRQ_Init                                 0x000023b9   Thumb Code    38  irq.o(i.IRQ_Init)
    LCD_AddCallback                          0x000023e1   Thumb Code     6  lcd_st7735r.o(i.LCD_AddCallback)
    LCD_Count                                0x000023ed   Thumb Code    84  main.o(i.LCD_Count)
    LCD_GetSize                              0x00002469   Thumb Code    14  lcd_st7735r.o(i.LCD_GetSize)
    LCD_WriteDataPixel                       0x00002481   Thumb Code    90  lcd_st7735r.o(i.LCD_WriteDataPixel)
    LcdInit                                  0x000024ed   Thumb Code   692  lcd_st7735r.o(i.LcdInit)
    Port_Init                                0x000027b9   Thumb Code  1236  hal.o(i.Port_Init)
    SSI0_Handler                             0x00002d41   Thumb Code    12  spim.o(i.SSI0_Handler)
    SSI1_Handler                             0x00002d51   Thumb Code    12  spim.o(i.SSI1_Handler)
    SSI2_Handler                             0x00002d61   Thumb Code    12  spim.o(i.SSI2_Handler)
    SSI3_Handler                             0x00002d71   Thumb Code    12  spim.o(i.SSI3_Handler)
    SpimAddCallbackTransferDone              0x00002d81   Thumb Code     6  spim.o(i.SpimAddCallbackTransferDone)
    SpimInit                                 0x00002d89   Thumb Code   676  spim.o(i.SpimInit)
    SpimSetDataSize                          0x00003045   Thumb Code   378  spim.o(i.SpimSetDataSize)
    SpimTransfer                             0x000031bf   Thumb Code    74  spim.o(i.SpimTransfer)
    SysTick_Handler                          0x00003209   Thumb Code   310  main.o(i.SysTick_Handler)
    SystemCoreClockUpdate                    0x00003385   Thumb Code   196  system_tm4c123.o(i.SystemCoreClockUpdate)
    SystemInit                               0x00003459   Thumb Code   224  system_tm4c123.o(i.SystemInit)
    __ARM_fpclassify                         0x00003545   Thumb Code    48  fpclassify.o(i.__ARM_fpclassify)
    _is_digit                                0x0000359d   Thumb Code    14  __printf_wp.o(i._is_digit)
    fputc                                    0x000035ab   Thumb Code    16  retarget.o(i.fputc)
    main                                     0x000038ed   Thumb Code   464  main.o(i.main)
    main_cbI2C0Isdone                        0x00003bbd   Thumb Code     8  main.o(i.main_cbI2C0Isdone)
    write_ASCII_UART0                        0x00003bd5   Thumb Code    20  hal.o(i.write_ASCII_UART0)
    write_I2CExpander                        0x00003bed   Thumb Code    54  i2c_sensors.o(i.write_I2CExpander)
    _get_lc_numeric                          0x00003c2d   Thumb Code    44  lc_numeric_c.o(locale$$code)
    __aeabi_d2f                              0x00003c59   Thumb Code     0  d2f.o(x$fpl$d2f)
    _d2f                                     0x00003c59   Thumb Code    98  d2f.o(x$fpl$d2f)
    __aeabi_dadd                             0x00003cbd   Thumb Code     0  daddsub_clz.o(x$fpl$dadd)
    _dadd                                    0x00003cbd   Thumb Code   332  daddsub_clz.o(x$fpl$dadd)
    __aeabi_ui2d                             0x00003e0d   Thumb Code     0  dflt_clz.o(x$fpl$dfltu)
    _dfltu                                   0x00003e0d   Thumb Code    38  dflt_clz.o(x$fpl$dfltu)
    __aeabi_dmul                             0x00003e35   Thumb Code     0  dmul.o(x$fpl$dmul)
    _dmul                                    0x00003e35   Thumb Code   332  dmul.o(x$fpl$dmul)
    __fpl_dnaninf                            0x00003f89   Thumb Code   156  dnaninf.o(x$fpl$dnaninf)
    __fpl_dretinf                            0x00004025   Thumb Code    12  dretinf.o(x$fpl$dretinf)
    __aeabi_dsub                             0x00004031   Thumb Code     0  daddsub_clz.o(x$fpl$dsub)
    _dsub                                    0x00004031   Thumb Code   464  daddsub_clz.o(x$fpl$dsub)
    __aeabi_f2d                              0x00004205   Thumb Code     0  f2d.o(x$fpl$f2d)
    _f2d                                     0x00004205   Thumb Code    86  f2d.o(x$fpl$f2d)
    __fpl_fnaninf                            0x0000425b   Thumb Code   140  fnaninf.o(x$fpl$fnaninf)
    _fp_init                                 0x000042e7   Thumb Code    10  fpinit.o(x$fpl$fpinit)
    __fplib_config_fpu_vfp                   0x000042ef   Thumb Code     0  fpinit.o(x$fpl$fpinit)
    __fplib_config_pureend_doubles           0x000042ef   Thumb Code     0  fpinit.o(x$fpl$fpinit)
    __fpl_fretinf                            0x000042f1   Thumb Code    10  fretinf.o(x$fpl$fretinf)
    _printf_fp_dec                           0x000042fb   Thumb Code     4  printf1.o(x$fpl$printf1)
    __I$use$fp                               0x000042fe   Number         0  usenofp.o(x$fpl$usenofp)
    FONT_Arialbold16                         0x00004a84   Data         200  fontarialbold16.o(.constdata)
    FONT_Arialbold12                         0x0000512c   Data         200  fontarialbold12.o(.constdata)
    g_sFontCalibri10                         0x00005678   Data         200  font_calibri10.o(.constdata)
    Region$$Table$$Base                      0x000057e8   Number         0  anon$$obj.o(Region$$Table)
    Region$$Table$$Limit                     0x00005808   Number         0  anon$$obj.o(Region$$Table)
    g_bI2C0IsBusy                            0x2000003c   Data           4  main.o(.data)
    __stdout                                 0x2000008c   Data           4  retarget.o(.data)
    SystemCoreClock                          0x20000090   Data           4  system_tm4c123.o(.data)
    __libspace_start                         0x200021d0   Data          96  libspace.o(.bss)
    __temporary_stack_top$libspace           0x20002230   Data           0  libspace.o(.bss)



==============================================================================

Memory Map of the image

  Image Entry point : 0x0000026d

  Load Region LR_IROM1 (Base: 0x00000000, Size: 0x000058d8, Max: 0x00040000, ABSOLUTE)

    Execution Region ER_IROM1 (Exec base: 0x00000000, Load base: 0x00000000, Size: 0x00005824, Max: 0x00040000, ABSOLUTE)

    Exec Addr    Load Addr    Size         Type   Attr      Idx    E Section Name        Object

    0x00000000   0x00000000   0x0000026c   Data   RO          461    RESET               startup_tm4c123.o
    0x0000026c   0x0000026c   0x00000008   Code   RO          860  * !!!main             c_w.l(__main.o)
    0x00000274   0x00000274   0x00000034   Code   RO         1108    !!!scatter          c_w.l(__scatter.o)
    0x000002a8   0x000002a8   0x0000001a   Code   RO         1110    !!handler_copy      c_w.l(__scatter_copy.o)
    0x000002c2   0x000002c2   0x00000002   PAD
    0x000002c4   0x000002c4   0x0000001c   Code   RO         1112    !!handler_zi        c_w.l(__scatter_zi.o)
    0x000002e0   0x000002e0   0x00000000   Code   RO          855    .ARM.Collect$$_printf_percent$$00000000  c_w.l(_printf_percent.o)
    0x000002e0   0x000002e0   0x00000006   Code   RO          854    .ARM.Collect$$_printf_percent$$00000003  c_w.l(_printf_f.o)
    0x000002e6   0x000002e6   0x00000006   Code   RO          852    .ARM.Collect$$_printf_percent$$00000009  c_w.l(_printf_d.o)
    0x000002ec   0x000002ec   0x00000006   Code   RO          853    .ARM.Collect$$_printf_percent$$0000000A  c_w.l(_printf_u.o)
    0x000002f2   0x000002f2   0x00000004   Code   RO          893    .ARM.Collect$$_printf_percent$$00000017  c_w.l(_printf_percent_end.o)
    0x000002f6   0x000002f6   0x00000002   Code   RO          979    .ARM.Collect$$libinit$$00000000  c_w.l(libinit.o)
    0x000002f8   0x000002f8   0x00000004   Code   RO          980    .ARM.Collect$$libinit$$00000001  c_w.l(libinit2.o)
    0x000002fc   0x000002fc   0x00000000   Code   RO          983    .ARM.Collect$$libinit$$00000004  c_w.l(libinit2.o)
    0x000002fc   0x000002fc   0x00000000   Code   RO          986    .ARM.Collect$$libinit$$0000000A  c_w.l(libinit2.o)
    0x000002fc   0x000002fc   0x00000000   Code   RO          988    .ARM.Collect$$libinit$$0000000C  c_w.l(libinit2.o)
    0x000002fc   0x000002fc   0x00000000   Code   RO          990    .ARM.Collect$$libinit$$0000000E  c_w.l(libinit2.o)
    0x000002fc   0x000002fc   0x00000006   Code   RO          991    .ARM.Collect$$libinit$$0000000F  c_w.l(libinit2.o)
    0x00000302   0x00000302   0x00000000   Code   RO          993    .ARM.Collect$$libinit$$00000011  c_w.l(libinit2.o)
    0x00000302   0x00000302   0x00000000   Code   RO          995    .ARM.Collect$$libinit$$00000013  c_w.l(libinit2.o)
    0x00000302   0x00000302   0x00000000   Code   RO          997    .ARM.Collect$$libinit$$00000015  c_w.l(libinit2.o)
    0x00000302   0x00000302   0x0000000a   Code   RO          998    .ARM.Collect$$libinit$$00000016  c_w.l(libinit2.o)
    0x0000030c   0x0000030c   0x00000000   Code   RO          999    .ARM.Collect$$libinit$$00000017  c_w.l(libinit2.o)
    0x0000030c   0x0000030c   0x00000000   Code   RO         1001    .ARM.Collect$$libinit$$00000019  c_w.l(libinit2.o)
    0x0000030c   0x0000030c   0x00000000   Code   RO         1003    .ARM.Collect$$libinit$$0000001B  c_w.l(libinit2.o)
    0x0000030c   0x0000030c   0x00000000   Code   RO         1005    .ARM.Collect$$libinit$$0000001D  c_w.l(libinit2.o)
    0x0000030c   0x0000030c   0x00000000   Code   RO         1007    .ARM.Collect$$libinit$$0000001F  c_w.l(libinit2.o)
    0x0000030c   0x0000030c   0x00000000   Code   RO         1009    .ARM.Collect$$libinit$$00000021  c_w.l(libinit2.o)
    0x0000030c   0x0000030c   0x00000000   Code   RO         1011    .ARM.Collect$$libinit$$00000023  c_w.l(libinit2.o)
    0x0000030c   0x0000030c   0x00000000   Code   RO         1013    .ARM.Collect$$libinit$$00000025  c_w.l(libinit2.o)
    0x0000030c   0x0000030c   0x00000000   Code   RO         1017    .ARM.Collect$$libinit$$0000002C  c_w.l(libinit2.o)
    0x0000030c   0x0000030c   0x00000000   Code   RO         1019    .ARM.Collect$$libinit$$0000002E  c_w.l(libinit2.o)
    0x0000030c   0x0000030c   0x00000000   Code   RO         1021    .ARM.Collect$$libinit$$00000030  c_w.l(libinit2.o)
    0x0000030c   0x0000030c   0x00000000   Code   RO         1023    .ARM.Collect$$libinit$$00000032  c_w.l(libinit2.o)
    0x0000030c   0x0000030c   0x00000002   Code   RO         1024    .ARM.Collect$$libinit$$00000033  c_w.l(libinit2.o)
    0x0000030e   0x0000030e   0x00000002   Code   RO         1054    .ARM.Collect$$libshutdown$$00000000  c_w.l(libshutdown.o)
    0x00000310   0x00000310   0x00000000   Code   RO         1065    .ARM.Collect$$libshutdown$$00000002  c_w.l(libshutdown2.o)
    0x00000310   0x00000310   0x00000000   Code   RO         1067    .ARM.Collect$$libshutdown$$00000004  c_w.l(libshutdown2.o)
    0x00000310   0x00000310   0x00000000   Code   RO         1069    .ARM.Collect$$libshutdown$$00000006  c_w.l(libshutdown2.o)
    0x00000310   0x00000310   0x00000000   Code   RO         1072    .ARM.Collect$$libshutdown$$00000009  c_w.l(libshutdown2.o)
    0x00000310   0x00000310   0x00000000   Code   RO         1075    .ARM.Collect$$libshutdown$$0000000C  c_w.l(libshutdown2.o)
    0x00000310   0x00000310   0x00000000   Code   RO         1077    .ARM.Collect$$libshutdown$$0000000E  c_w.l(libshutdown2.o)
    0x00000310   0x00000310   0x00000000   Code   RO         1080    .ARM.Collect$$libshutdown$$00000011  c_w.l(libshutdown2.o)
    0x00000310   0x00000310   0x00000002   Code   RO         1081    .ARM.Collect$$libshutdown$$00000012  c_w.l(libshutdown2.o)
    0x00000312   0x00000312   0x00000000   Code   RO          882    .ARM.Collect$$rtentry$$00000000  c_w.l(__rtentry.o)
    0x00000312   0x00000312   0x00000000   Code   RO          904    .ARM.Collect$$rtentry$$00000002  c_w.l(__rtentry2.o)
    0x00000312   0x00000312   0x00000006   Code   RO          916    .ARM.Collect$$rtentry$$00000004  c_w.l(__rtentry4.o)
    0x00000318   0x00000318   0x00000000   Code   RO          906    .ARM.Collect$$rtentry$$00000009  c_w.l(__rtentry2.o)
    0x00000318   0x00000318   0x00000004   Code   RO          907    .ARM.Collect$$rtentry$$0000000A  c_w.l(__rtentry2.o)
    0x0000031c   0x0000031c   0x00000000   Code   RO          909    .ARM.Collect$$rtentry$$0000000C  c_w.l(__rtentry2.o)
    0x0000031c   0x0000031c   0x00000008   Code   RO          910    .ARM.Collect$$rtentry$$0000000D  c_w.l(__rtentry2.o)
    0x00000324   0x00000324   0x00000002   Code   RO         1025    .ARM.Collect$$rtexit$$00000000  c_w.l(rtexit.o)
    0x00000326   0x00000326   0x00000000   Code   RO         1032    .ARM.Collect$$rtexit$$00000002  c_w.l(rtexit2.o)
    0x00000326   0x00000326   0x00000004   Code   RO         1033    .ARM.Collect$$rtexit$$00000003  c_w.l(rtexit2.o)
    0x0000032a   0x0000032a   0x00000006   Code   RO         1034    .ARM.Collect$$rtexit$$00000004  c_w.l(rtexit2.o)
    0x00000330   0x00000330   0x00000114   Code   RO          462    .text               startup_tm4c123.o
    0x00000444   0x00000444   0x00000018   Code   RO          822    .text               c_w.l(noretval__2printf.o)
    0x0000045c   0x0000045c   0x00000028   Code   RO          824    .text               c_w.l(noretval__2sprintf.o)
    0x00000484   0x00000484   0x0000004e   Code   RO          828    .text               c_w.l(_printf_pad.o)
    0x000004d2   0x000004d2   0x00000002   PAD
    0x000004d4   0x000004d4   0x00000078   Code   RO          830    .text               c_w.l(_printf_dec.o)
    0x0000054c   0x0000054c   0x00000138   Code   RO          844    .text               c_w.l(__printf_flags_wp.o)
    0x00000684   0x00000684   0x0000003e   Code   RO          856    .text               c_w.l(strlen.o)
    0x000006c2   0x000006c2   0x00000006   Code   RO          858    .text               c_w.l(heapauxi.o)
    0x000006c8   0x000006c8   0x000000b2   Code   RO          883    .text               c_w.l(_printf_intcommon.o)
    0x0000077a   0x0000077a   0x0000041e   Code   RO          885    .text               c_w.l(_printf_fp_dec.o)
    0x00000b98   0x00000b98   0x00000030   Code   RO          887    .text               c_w.l(_printf_char_common.o)
    0x00000bc8   0x00000bc8   0x0000000a   Code   RO          889    .text               c_w.l(_sputc.o)
    0x00000bd2   0x00000bd2   0x00000002   PAD
    0x00000bd4   0x00000bd4   0x00000024   Code   RO          891    .text               c_w.l(_printf_char_file.o)
    0x00000bf8   0x00000bf8   0x00000008   Code   RO          921    .text               c_w.l(rt_locale_intlibspace.o)
    0x00000c00   0x00000c00   0x0000008a   Code   RO          923    .text               c_w.l(lludiv10.o)
    0x00000c8a   0x00000c8a   0x00000002   PAD
    0x00000c8c   0x00000c8c   0x00000080   Code   RO          925    .text               c_w.l(_printf_fp_infnan.o)
    0x00000d0c   0x00000d0c   0x000000e4   Code   RO          929    .text               c_w.l(bigflt0.o)
    0x00000df0   0x00000df0   0x00000008   Code   RO          954    .text               c_w.l(ferror.o)
    0x00000df8   0x00000df8   0x00000008   Code   RO          965    .text               c_w.l(libspace.o)
    0x00000e00   0x00000e00   0x0000004a   Code   RO          968    .text               c_w.l(sys_stackheap_outer.o)
    0x00000e4a   0x00000e4a   0x00000012   Code   RO          970    .text               c_w.l(exit.o)
    0x00000e5c   0x00000e5c   0x00000080   Code   RO          972    .text               c_w.l(strcmpv7m.o)
    0x00000edc   0x00000edc   0x0000000c   Code   RO         1044    .text               c_w.l(sys_exit.o)
    0x00000ee8   0x00000ee8   0x00000002   Code   RO         1055    .text               c_w.l(use_no_semi.o)
    0x00000eea   0x00000eea   0x00000000   Code   RO         1057    .text               c_w.l(indicate_semi.o)
    0x00000eea   0x00000eea   0x0000003e   Code   RO          932    CL$$btod_d2e        c_w.l(btod.o)
    0x00000f28   0x00000f28   0x00000046   Code   RO          934    CL$$btod_d2e_denorm_low  c_w.l(btod.o)
    0x00000f6e   0x00000f6e   0x00000060   Code   RO          933    CL$$btod_d2e_norm_op1  c_w.l(btod.o)
    0x00000fce   0x00000fce   0x00000338   Code   RO          942    CL$$btod_div_common  c_w.l(btod.o)
    0x00001306   0x00001306   0x000000dc   Code   RO          939    CL$$btod_e2e        c_w.l(btod.o)
    0x000013e2   0x000013e2   0x0000002a   Code   RO          936    CL$$btod_ediv       c_w.l(btod.o)
    0x0000140c   0x0000140c   0x0000002a   Code   RO          935    CL$$btod_emul       c_w.l(btod.o)
    0x00001436   0x00001436   0x00000244   Code   RO          941    CL$$btod_mult_common  c_w.l(btod.o)
    0x0000167a   0x0000167a   0x00000002   PAD
    0x0000167c   0x0000167c   0x0000011c   Code   RO          589    i.AHT10ReadRawdata  i2c_sensors.o
    0x00001798   0x00001798   0x00000048   Code   RO          590    i.AHT10Trigger      i2c_sensors.o
    0x000017e0   0x000017e0   0x00000048   Code   RO          591    i.AHT10_Init        i2c_sensors.o
    0x00001828   0x00001828   0x0000007c   Code   RO            4    i.GPIOF_Button_IRQHandler  main.o
    0x000018a4   0x000018a4   0x00000014   Code   RO          397    i.GPIOF_Handler     irq.o
    0x000018b8   0x000018b8   0x0000000c   Code   RO          666    i.GUI_16BitPerPixel  DPGUI_KEIL_CM4_V11.lib(gui.o)
    0x000018c4   0x000018c4   0x0000000c   Code   RO          667    i.GUI_AddCbFrameEnd  DPGUI_KEIL_CM4_V11.lib(gui.o)
    0x000018d0   0x000018d0   0x00000230   Code   RO            5    i.GUI_AppDraw       main.o
    0x00001b00   0x00001b00   0x00000064   Code   RO          668    i.GUI_Clear         DPGUI_KEIL_CM4_V11.lib(gui.o)
    0x00001b64   0x00001b64   0x00000058   Code   RO          672    i.GUI_DrawFilledRect  DPGUI_KEIL_CM4_V11.lib(gui.o)
    0x00001bbc   0x00001bbc   0x00000060   Code   RO          673    i.GUI_DrawHortLine  DPGUI_KEIL_CM4_V11.lib(gui.o)
    0x00001c1c   0x00001c1c   0x000000b0   Code   RO          677    i.GUI_Draw_Exe      DPGUI_KEIL_CM4_V11.lib(gui.o)
    0x00001ccc   0x00001ccc   0x0000004c   Code   RO          678    i.GUI_Init          DPGUI_KEIL_CM4_V11.lib(gui.o)
    0x00001d18   0x00001d18   0x000002a8   Code   RO          679    i.GUI_PrintChar     DPGUI_KEIL_CM4_V11.lib(gui.o)
    0x00001fc0   0x00001fc0   0x00000084   Code   RO          680    i.GUI_PrintString   DPGUI_KEIL_CM4_V11.lib(gui.o)
    0x00002044   0x00002044   0x00000024   Code   RO          681    i.GUI_SetColor      DPGUI_KEIL_CM4_V11.lib(gui.o)
    0x00002068   0x00002068   0x0000000c   Code   RO          682    i.GUI_SetFont       DPGUI_KEIL_CM4_V11.lib(gui.o)
    0x00002074   0x00002074   0x00000024   Code   RO          683    i.GUI_SetFontBackColor  DPGUI_KEIL_CM4_V11.lib(gui.o)
    0x00002098   0x00002098   0x00000078   Code   RO          685    i.GUI_WriteMem      DPGUI_KEIL_CM4_V11.lib(gui.o)
    0x00002110   0x00002110   0x0000003c   Code   RO          328    i.HardFault_Handler  bsp.o
    0x0000214c   0x0000214c   0x00000018   Code   RO          713    i.I2C0_Handler      i2c.lib(i2c.o)
    0x00002164   0x00002164   0x00000018   Code   RO          714    i.I2C1_Handler      i2c.lib(i2c.o)
    0x0000217c   0x0000217c   0x00000018   Code   RO          715    i.I2C2_Handler      i2c.lib(i2c.o)
    0x00002194   0x00002194   0x00000018   Code   RO          716    i.I2C3_Handler      i2c.lib(i2c.o)
    0x000021ac   0x000021ac   0x00000004   Code   RO          717    i.I2CAddCallback    i2c.lib(i2c.o)
    0x000021b0   0x000021b0   0x00000070   Code   RO          592    i.I2CExpander_Init  i2c_sensors.o
    0x00002220   0x00002220   0x00000124   Code   RO          718    i.I2CInit           i2c.lib(i2c.o)
    0x00002344   0x00002344   0x0000003c   Code   RO          719    i.I2CRead           i2c.lib(i2c.o)
    0x00002380   0x00002380   0x00000038   Code   RO          720    i.I2CWrite          i2c.lib(i2c.o)
    0x000023b8   0x000023b8   0x00000026   Code   RO          398    i.IRQ_Init          irq.o
    0x000023de   0x000023de   0x00000002   PAD
    0x000023e0   0x000023e0   0x0000000c   Code   RO          159    i.LCD_AddCallback   lcd_st7735r.o
    0x000023ec   0x000023ec   0x0000007c   Code   RO            6    i.LCD_Count         main.o
    0x00002468   0x00002468   0x00000018   Code   RO          160    i.LCD_GetSize       lcd_st7735r.o
    0x00002480   0x00002480   0x0000006c   Code   RO          163    i.LCD_WriteDataPixel  lcd_st7735r.o
    0x000024ec   0x000024ec   0x000002cc   Code   RO          164    i.LcdInit           lcd_st7735r.o
    0x000027b8   0x000027b8   0x000004e0   Code   RO          367    i.Port_Init         hal.o
    0x00002c98   0x00002c98   0x000000a6   Code   RO          506    i.SPI_Handler       spim.o
    0x00002d3e   0x00002d3e   0x00000002   PAD
    0x00002d40   0x00002d40   0x00000010   Code   RO          507    i.SSI0_Handler      spim.o
    0x00002d50   0x00002d50   0x00000010   Code   RO          508    i.SSI1_Handler      spim.o
    0x00002d60   0x00002d60   0x00000010   Code   RO          509    i.SSI2_Handler      spim.o
    0x00002d70   0x00002d70   0x00000010   Code   RO          510    i.SSI3_Handler      spim.o
    0x00002d80   0x00002d80   0x00000006   Code   RO          511    i.SpimAddCallbackTransferDone  spim.o
    0x00002d86   0x00002d86   0x00000002   PAD
    0x00002d88   0x00002d88   0x000002bc   Code   RO          512    i.SpimInit          spim.o
    0x00003044   0x00003044   0x0000017a   Code   RO          513    i.SpimSetDataSize   spim.o
    0x000031be   0x000031be   0x0000004a   Code   RO          515    i.SpimTransfer      spim.o
    0x00003208   0x00003208   0x0000017c   Code   RO            7    i.SysTick_Handler   main.o
    0x00003384   0x00003384   0x000000d4   Code   RO          469    i.SystemCoreClockUpdate  system_tm4c123.o
    0x00003458   0x00003458   0x000000ec   Code   RO          470    i.SystemInit        system_tm4c123.o
    0x00003544   0x00003544   0x00000030   Code   RO          963    i.__ARM_fpclassify  m_wm.l(fpclassify.o)
    0x00003574   0x00003574   0x00000028   Code   RO            8    i.__NVIC_SetPriority  main.o
    0x0000359c   0x0000359c   0x0000000e   Code   RO          842    i._is_digit         c_w.l(__printf_wp.o)
    0x000035aa   0x000035aa   0x00000010   Code   RO          431    i.fputc             retarget.o
    0x000035ba   0x000035ba   0x000001a6   Code   RO          721    i.i2c_IRQHandler    i2c.lib(i2c.o)
    0x00003760   0x00003760   0x00000028   Code   RO          165    i.lcd_Delayms       lcd_st7735r.o
    0x00003788   0x00003788   0x00000068   Code   RO          166    i.lcd_WriteCmd      lcd_st7735r.o
    0x000037f0   0x000037f0   0x00000068   Code   RO          167    i.lcd_WriteData     lcd_st7735r.o
    0x00003858   0x00003858   0x00000060   Code   RO          168    i.lcd_WriteMultipleByte  lcd_st7735r.o
    0x000038b8   0x000038b8   0x00000034   Code   RO          169    i.lcd_cbSpiDone     lcd_st7735r.o
    0x000038ec   0x000038ec   0x00000244   Code   RO            9    i.main              main.o
    0x00003b30   0x00003b30   0x00000080   Code   RO           10    i.main_LcdInit      main.o
    0x00003bb0   0x00003bb0   0x0000000c   Code   RO           11    i.main_cbGuiFrameEnd  main.o
    0x00003bbc   0x00003bbc   0x0000000c   Code   RO           12    i.main_cbI2C0Isdone  main.o
    0x00003bc8   0x00003bc8   0x0000000c   Code   RO           13    i.main_cbLcdTransferDone  main.o
    0x00003bd4   0x00003bd4   0x00000018   Code   RO          368    i.write_ASCII_UART0  hal.o
    0x00003bec   0x00003bec   0x00000040   Code   RO          596    i.write_I2CExpander  i2c_sensors.o
    0x00003c2c   0x00003c2c   0x0000002c   Code   RO          959    locale$$code        c_w.l(lc_numeric_c.o)
    0x00003c58   0x00003c58   0x00000062   Code   RO          862    x$fpl$d2f           fz_wm.l(d2f.o)
    0x00003cba   0x00003cba   0x00000002   PAD
    0x00003cbc   0x00003cbc   0x00000150   Code   RO          864    x$fpl$dadd          fz_wm.l(daddsub_clz.o)
    0x00003e0c   0x00003e0c   0x00000026   Code   RO          870    x$fpl$dfltu         fz_wm.l(dflt_clz.o)
    0x00003e32   0x00003e32   0x00000002   PAD
    0x00003e34   0x00003e34   0x00000154   Code   RO          876    x$fpl$dmul          fz_wm.l(dmul.o)
    0x00003f88   0x00003f88   0x0000009c   Code   RO          894    x$fpl$dnaninf       fz_wm.l(dnaninf.o)
    0x00004024   0x00004024   0x0000000c   Code   RO          896    x$fpl$dretinf       fz_wm.l(dretinf.o)
    0x00004030   0x00004030   0x000001d4   Code   RO          866    x$fpl$dsub          fz_wm.l(daddsub_clz.o)
    0x00004204   0x00004204   0x00000056   Code   RO          878    x$fpl$f2d           fz_wm.l(f2d.o)
    0x0000425a   0x0000425a   0x0000008c   Code   RO          898    x$fpl$fnaninf       fz_wm.l(fnaninf.o)
    0x000042e6   0x000042e6   0x0000000a   Code   RO         1029    x$fpl$fpinit        fz_wm.l(fpinit.o)
    0x000042f0   0x000042f0   0x0000000a   Code   RO          900    x$fpl$fretinf       fz_wm.l(fretinf.o)
    0x000042fa   0x000042fa   0x00000004   Code   RO          880    x$fpl$printf1       fz_wm.l(printf1.o)
    0x000042fe   0x000042fe   0x00000000   Code   RO          902    x$fpl$usenofp       fz_wm.l(usenofp.o)
    0x000042fe   0x000042fe   0x00000002   PAD
    0x00004300   0x00004300   0x0000084c   Data   RO          245    .constdata          fontarialbold16.o
    0x00004b4c   0x00004b4c   0x000006a8   Data   RO          277    .constdata          fontarialbold12.o
    0x000051f4   0x000051f4   0x0000006c   Data   RO          471    .constdata          system_tm4c123.o
    0x00005260   0x00005260   0x00000417   Data   RO          658    .constdata          DPGUI_KEIL_CM4_V11.lib(font_calibri10.o)
    0x00005677   0x00005677   0x00000001   PAD
    0x00005678   0x00005678   0x000000c8   Data   RO          659    .constdata          DPGUI_KEIL_CM4_V11.lib(font_calibri10.o)
    0x00005740   0x00005740   0x00000011   Data   RO          845    .constdata          c_w.l(__printf_flags_wp.o)
    0x00005751   0x00005751   0x00000003   PAD
    0x00005754   0x00005754   0x00000094   Data   RO          930    .constdata          c_w.l(bigflt0.o)
    0x000057e8   0x000057e8   0x00000020   Data   RO         1106    Region$$Table       anon$$obj.o
    0x00005808   0x00005808   0x0000001c   Data   RO          958    locale$$data        c_w.l(lc_numeric_c.o)


    Execution Region RW_IRAM1 (Exec base: 0x20000000, Load base: 0x00005824, Size: 0x00002c30, Max: 0x00008000, ABSOLUTE)

    Exec Addr    Load Addr    Size         Type   Attr      Idx    E Section Name        Object

    0x20000000   0x00005824   0x00000074   Data   RW           15    .data               main.o
    0x20000074   0x00005898   0x00000016   Data   RW          171    .data               lcd_st7735r.o
    0x2000008a   0x000058ae   0x00000002   PAD
    0x2000008c   0x000058b0   0x00000004   Data   RW          432    .data               retarget.o
    0x20000090   0x000058b4   0x00000004   Data   RW          472    .data               system_tm4c123.o
    0x20000094   0x000058b8   0x00000004   Data   RW          597    .data               i2c_sensors.o
    0x20000098   0x000058bc   0x0000001c   Data   RW          686    .data               DPGUI_KEIL_CM4_V11.lib(gui.o)
    0x200000b4        -       0x000020bc   Zero   RW           14    .bss                main.o
    0x20002170        -       0x00000040   Zero   RW          170    .bss                lcd_st7735r.o
    0x200021b0        -       0x00000010   Zero   RW          516    .bss                spim.o
    0x200021c0        -       0x00000010   Zero   RW          722    .bss                i2c.lib(i2c.o)
    0x200021d0        -       0x00000060   Zero   RW          966    .bss                c_w.l(libspace.o)
    0x20002230        -       0x00000000   Zero   RW          460    HEAP                startup_tm4c123.o
    0x20002230        -       0x00000a00   Zero   RW          459    STACK               startup_tm4c123.o


==============================================================================

Image component sizes


      Code (inc. data)   RO Data    RW Data    ZI Data      Debug   Object Name

        60         20          0          0          0      30767   bsp.o
         0          0       1704          0          0       6225   fontarialbold12.o
         0          0       2124          0          0       6225   fontarialbold16.o
      1272         76          0          0          0       1500   hal.o
       604         84          0          4          0       4534   i2c_sensors.o
        58          6          0          0          0      31274   irq.o
      1256        124          0         22         64       6907   lcd_st7735r.o
      1972        480          0        116       8380     228581   main.o
        16          0          0          4          0       2474   retarget.o
      1388         68          0          0         16       7922   spim.o
       276         24        620          0       2560       5488   startup_tm4c123.o
       448         28        108          4          0       2311   system_tm4c123.o

    ----------------------------------------------------------------------
      7356        910       4588        152      11020     334208   Object Totals
         0          0         32          0          0          0   (incl. Generated)
         6          0          0          2          0          0   (incl. Padding)

    ----------------------------------------------------------------------

      Code (inc. data)   RO Data    RW Data    ZI Data      Debug   Library Member Name

         0          0       1247          0          0          0   font_calibri10.o
      1576         70          0         28          0       1684   gui.o
         8          0          0          0          0         68   __main.o
       312          4         17          0          0         92   __printf_flags_wp.o
        14          0          0          0          0         68   __printf_wp.o
         0          0          0          0          0          0   __rtentry.o
        12          0          0          0          0          0   __rtentry2.o
         6          0          0          0          0          0   __rtentry4.o
        52          8          0          0          0          0   __scatter.o
        26          0          0          0          0          0   __scatter_copy.o
        28          0          0          0          0          0   __scatter_zi.o
        48          6          0          0          0         96   _printf_char_common.o
        36          4          0          0          0         80   _printf_char_file.o
         6          0          0          0          0          0   _printf_d.o
       120         16          0          0          0         92   _printf_dec.o
         6          0          0          0          0          0   _printf_f.o
      1054          0          0          0          0        216   _printf_fp_dec.o
       128         16          0          0          0         84   _printf_fp_infnan.o
       178          0          0          0          0         88   _printf_intcommon.o
        78          0          0          0          0        108   _printf_pad.o
         0          0          0          0          0          0   _printf_percent.o
         4          0          0          0          0          0   _printf_percent_end.o
         6          0          0          0          0          0   _printf_u.o
        10          0          0          0          0         68   _sputc.o
       228          4        148          0          0         96   bigflt0.o
      1936        128          0          0          0        672   btod.o
        18          0          0          0          0         80   exit.o
         8          0          0          0          0         68   ferror.o
         6          0          0          0          0        152   heapauxi.o
         0          0          0          0          0          0   indicate_semi.o
        44         10         28          0          0         76   lc_numeric_c.o
         2          0          0          0          0          0   libinit.o
        22          0          0          0          0          0   libinit2.o
         2          0          0          0          0          0   libshutdown.o
         2          0          0          0          0          0   libshutdown2.o
         8          4          0          0         96         68   libspace.o
       138          0          0          0          0         80   lludiv10.o
        24          4          0          0          0         84   noretval__2printf.o
        40          6          0          0          0         84   noretval__2sprintf.o
         8          4          0          0          0         68   rt_locale_intlibspace.o
         2          0          0          0          0          0   rtexit.o
        10          0          0          0          0          0   rtexit2.o
       128          0          0          0          0         68   strcmpv7m.o
        62          0          0          0          0         76   strlen.o
        12          4          0          0          0         68   sys_exit.o
        74          0          0          0          0         80   sys_stackheap_outer.o
         2          0          0          0          0         68   use_no_semi.o
        98          4          0          0          0        140   d2f.o
       804         16          0          0          0        368   daddsub_clz.o
        38          0          0          0          0        116   dflt_clz.o
       340         12          0          0          0        152   dmul.o
       156          4          0          0          0        140   dnaninf.o
        12          0          0          0          0        116   dretinf.o
        86          4          0          0          0        132   f2d.o
       140          4          0          0          0        132   fnaninf.o
        10          0          0          0          0        116   fpinit.o
        10          0          0          0          0        116   fretinf.o
         4          0          0          0          0        116   printf1.o
         0          0          0          0          0          0   usenofp.o
       930         74          0          0         16     213937   i2c.o
        48          0          0          0          0        124   fpclassify.o

    ----------------------------------------------------------------------
      9176        406       1444         28        112     220337   Library Totals
        16          0          4          0          0          0   (incl. Padding)

    ----------------------------------------------------------------------

      Code (inc. data)   RO Data    RW Data    ZI Data      Debug   Library Name

      1576         70       1247         28          0       1684   DPGUI_KEIL_CM4_V11.lib
      4908        218        193          0         96       2948   c_w.l
      1698         44          0          0          0       1644   fz_wm.l
       930         74          0          0         16     213937   i2c.lib
        48          0          0          0          0        124   m_wm.l

    ----------------------------------------------------------------------
      9176        406       1444         28        112     220337   Library Totals

    ----------------------------------------------------------------------

==============================================================================


      Code (inc. data)   RO Data    RW Data    ZI Data      Debug   

     16532       1316       6032        180      11132     546033   Grand Totals
     16532       1316       6032        180      11132     546033   ELF Image Totals
     16532       1316       6032        180          0          0   ROM Totals

==============================================================================

    Total RO  Size (Code + RO Data)                22564 (  22.04kB)
    Total RW  Size (RW Data + ZI Data)             11312 (  11.05kB)
    Total ROM Size (Code + RO Data + RW Data)      22744 (  22.21kB)

==============================================================================

