Component: ARM Compiler 5.06 update 6 (build 750) Tool: armlink [4d35ed]

==============================================================================

Section Cross References

    main.o(i.GPIOE_Button_IRQHandler) refers to main.o(.data) for g_BounceThresh
    main.o(i.GPIOF_Button_IRQHandler) refers to main.o(.data) for g_MCP23017
    main.o(i.GUI_AppDraw) refers to _printf_pad.o(.text) for _printf_pre_padding
    main.o(i.GUI_AppDraw) refers to _printf_percent.o(.ARM.Collect$$_printf_percent$$00000000) for _printf_percent
    main.o(i.GUI_AppDraw) refers to _printf_f.o(.ARM.Collect$$_printf_percent$$00000003) for _printf_f
    main.o(i.GUI_AppDraw) refers to printf1.o(x$fpl$printf1) for _printf_fp_dec
    main.o(i.GUI_AppDraw) refers to _printf_d.o(.ARM.Collect$$_printf_percent$$00000009) for _printf_d
    main.o(i.GUI_AppDraw) refers to _printf_dec.o(.text) for _printf_int_dec
    main.o(i.GUI_AppDraw) refers to _printf_i.o(.ARM.Collect$$_printf_percent$$00000008) for _printf_i
    main.o(i.GUI_AppDraw) refers to _printf_u.o(.ARM.Collect$$_printf_percent$$0000000A) for _printf_u
    main.o(i.GUI_AppDraw) refers to gui.o(i.GUI_Clear) for GUI_Clear
    main.o(i.GUI_AppDraw) refers to gui.o(i.GUI_SetFont) for GUI_SetFont
    main.o(i.GUI_AppDraw) refers to gui.o(i.GUI_SetFontBackColor) for GUI_SetFontBackColor
    main.o(i.GUI_AppDraw) refers to gui.o(i.GUI_PrintString) for GUI_PrintString
    main.o(i.GUI_AppDraw) refers to gui.o(i.GUI_SetColor) for GUI_SetColor
    main.o(i.GUI_AppDraw) refers to gui.o(i.GUI_DrawFilledRect) for GUI_DrawFilledRect
    main.o(i.GUI_AppDraw) refers to f2d.o(x$fpl$f2d) for __aeabi_f2d
    main.o(i.GUI_AppDraw) refers to noretval__2sprintf.o(.text) for __2sprintf
    main.o(i.GUI_AppDraw) refers to fontarialbold16.o(.constdata) for FONT_Arialbold16
    main.o(i.GUI_AppDraw) refers to fontarialbold12.o(.constdata) for FONT_Arialbold12
    main.o(i.GUI_AppDraw) refers to font_calibri10.o(.constdata) for g_sFontCalibri10
    main.o(i.GUI_AppDraw) refers to main.o(.bss) for g_AHT10
    main.o(i.GUI_AppDraw) refers to main.o(.data) for g_n7SegCount
    main.o(i.GUI_AppDraw) refers to system_tm4c123.o(.data) for SystemCoreClock
    main.o(i.LCD_Count) refers to main.o(.data) for LCD_0
    main.o(i.SysTick_Handler) refers to main.o(.data) for g_bSystemTick
    main.o(i.TIMER0A_IRQHandler) refers to main.o(.data) for g_bToggle
    main.o(i.main) refers to _printf_percent.o(.ARM.Collect$$_printf_percent$$00000000) for _printf_percent
    main.o(i.main) refers to _printf_d.o(.ARM.Collect$$_printf_percent$$00000009) for _printf_d
    main.o(i.main) refers to _printf_dec.o(.text) for _printf_int_dec
    main.o(i.main) refers to hal.o(i.Port_Init) for Port_Init
    main.o(i.main) refers to system_tm4c123.o(i.SystemCoreClockUpdate) for SystemCoreClockUpdate
    main.o(i.main) refers to main.o(i.__NVIC_SetPriority) for __NVIC_SetPriority
    main.o(i.main) refers to spim.o(i.SpimInit) for SpimInit
    main.o(i.main) refers to main.o(i.main_LcdInit) for main_LcdInit
    main.o(i.main) refers to i2c.o(i.I2CInit) for I2CInit
    main.o(i.main) refers to i2c.o(i.I2CAddCallback) for I2CAddCallback
    main.o(i.main) refers to i2c_sensors.o(i.AHT10_Init) for AHT10_Init
    main.o(i.main) refers to i2c_sensors.o(i.I2CExpander_Init) for I2CExpander_Init
    main.o(i.main) refers to irq.o(i.IRQ_Init) for IRQ_Init
    main.o(i.main) refers to noretval__2printf.o(.text) for __2printf
    main.o(i.main) refers to i2c_sensors.o(i.write_I2CExpander) for write_I2CExpander
    main.o(i.main) refers to main.o(i.LCD_Count) for LCD_Count
    main.o(i.main) refers to gui.o(i.GUI_Draw_Exe) for GUI_Draw_Exe
    main.o(i.main) refers to i2c_sensors.o(i.AHT10Trigger) for AHT10Trigger
    main.o(i.main) refers to i2c_sensors.o(i.AHT10ReadRawdata) for AHT10ReadRawdata
    main.o(i.main) refers to main.o(i.motor_output) for motor_output
    main.o(i.main) refers to main.o(i.main_KeyScan) for main_KeyScan
    main.o(i.main) refers to system_tm4c123.o(.data) for SystemCoreClock
    main.o(i.main) refers to main.o(.bss) for g_SpimHandle
    main.o(i.main) refers to main.o(i.main_cbI2C0Isdone) for main_cbI2C0Isdone
    main.o(i.main) refers to main.o(.data) for g_MCP23017
    main.o(i.main_KeyScan) refers to main.o(.data) for KEY_DECODE_TABLE
    main.o(i.main_LcdInit) refers to lcd_st7735r.o(i.LcdInit) for LcdInit
    main.o(i.main_LcdInit) refers to lcd_st7735r.o(i.LCD_GetSize) for LCD_GetSize
    main.o(i.main_LcdInit) refers to gui.o(i.GUI_Init) for GUI_Init
    main.o(i.main_LcdInit) refers to spim.o(i.SpimSetDataSize) for SpimSetDataSize
    main.o(i.main_LcdInit) refers to gui.o(i.GUI_16BitPerPixel) for GUI_16BitPerPixel
    main.o(i.main_LcdInit) refers to gui.o(i.GUI_Clear) for GUI_Clear
    main.o(i.main_LcdInit) refers to gui.o(i.GUI_SetFontBackColor) for GUI_SetFontBackColor
[...]
    .ARM.Collect$$libinit$$00000032          0x00000312   Section        0  libinit2.o(.ARM.Collect$$libinit$$00000032)
    .ARM.Collect$$libinit$$00000033          0x00000312   Section        2  libinit2.o(.ARM.Collect$$libinit$$00000033)
    .ARM.Collect$$libshutdown$$00000000      0x00000314   Section        2  libshutdown.o(.ARM.Collect$$libshutdown$$00000000)
    .ARM.Collect$$libshutdown$$00000002      0x00000316   Section        0  libshutdown2.o(.ARM.Collect$$libshutdown$$00000002)
    .ARM.Collect$$libshutdown$$00000004      0x00000316   Section        0  libshutdown2.o(.ARM.Collect$$libshutdown$$00000004)
    .ARM.Collect$$libshutdown$$00000007      0x00000316   Section        0  libshutdown2.o(.ARM.Collect$$libshutdown$$00000007)
    .ARM.Collect$$libshutdown$$0000000A      0x00000316   Section        0  libshutdown2.o(.ARM.Collect$$libshutdown$$0000000A)
    .ARM.Collect$$libshutdown$$0000000C      0x00000316   Section        0  libshutdown2.o(.ARM.Collect$$libshutdown$$0000000C)
    .ARM.Collect$$libshutdown$$0000000F      0x00000316   Section        0  libshutdown2.o(.ARM.Collect$$libshutdown$$0000000F)
    .ARM.Collect$$libshutdown$$00000010      0x00000316   Section        2  libshutdown2.o(.ARM.Collect$$libshutdown$$00000010)
    .ARM.Collect$$rtentry$$00000000          0x00000318   Section        0  __rtentry.o(.ARM.Collect$$rtentry$$00000000)
    .ARM.Collect$$rtentry$$00000002          0x00000318   Section        0  __rtentry2.o(.ARM.Collect$$rtentry$$00000002)
    .ARM.Collect$$rtentry$$00000004          0x00000318   Section        6  __rtentry4.o(.ARM.Collect$$rtentry$$00000004)
    .ARM.Collect$$rtentry$$00000009          0x0000031e   Section        0  __rtentry2.o(.ARM.Collect$$rtentry$$00000009)
    .ARM.Collect$$rtentry$$0000000A          0x0000031e   Section        4  __rtentry2.o(.ARM.Collect$$rtentry$$0000000A)
    .ARM.Collect$$rtentry$$0000000C          0x00000322   Section        0  __rtentry2.o(.ARM.Collect$$rtentry$$0000000C)
    .ARM.Collect$$rtentry$$0000000D          0x00000322   Section        8  __rtentry2.o(.ARM.Collect$$rtentry$$0000000D)
    .ARM.Collect$$rtexit$$00000000           0x0000032a   Section        2  rtexit.o(.ARM.Collect$$rtexit$$00000000)
    .ARM.Collect$$rtexit$$00000002           0x0000032c   Section        0  rtexit2.o(.ARM.Collect$$rtexit$$00000002)
    .ARM.Collect$$rtexit$$00000003           0x0000032c   Section        4  rtexit2.o(.ARM.Collect$$rtexit$$00000003)
    .ARM.Collect$$rtexit$$00000004           0x00000330   Section        6  rtexit2.o(.ARM.Collect$$rtexit$$00000004)
    .text                                    0x00000338   Section      276  startup_tm4c123.o(.text)
    $v0                                      0x00000338   Number         0  startup_tm4c123.o(.text)
    .text                                    0x0000044c   Section        0  noretval__2printf.o(.text)
    .text                                    0x00000464   Section        0  noretval__2sprintf.o(.text)
    .text                                    0x0000048c   Section        0  _printf_pad.o(.text)
    .text                                    0x000004dc   Section        0  _printf_dec.o(.text)
    .text                                    0x00000554   Section        0  __printf_flags_wp.o(.text)
    .text                                    0x0000068c   Section        0  strlen.o(.text)
    .text                                    0x000006ca   Section        0  heapauxi.o(.text)
    .text                                    0x000006d0   Section        0  _printf_intcommon.o(.text)
    .text                                    0x00000782   Section        0  _printf_fp_dec.o(.text)
    _fp_digits                               0x00000785   Thumb Code   432  _printf_fp_dec.o(.text)
    .text                                    0x00000ba0   Section        0  _printf_char_common.o(.text)
    _printf_input_char                       0x00000ba1   Thumb Code    10  _printf_char_common.o(.text)
    .text                                    0x00000bd0   Section        0  _sputc.o(.text)
    .text                                    0x00000bdc   Section        0  _printf_char_file.o(.text)
    .text                                    0x00000c00   Section        8  rt_locale_intlibspace.o(.text)
    .text                                    0x00000c08   Section      138  lludiv10.o(.text)
    .text                                    0x00000c94   Section        0  _printf_fp_infnan.o(.text)
    .text                                    0x00000d14   Section        0  bigflt0.o(.text)
    .text                                    0x00000df8   Section        0  ferror.o(.text)
    .text                                    0x00000e00   Section        8  libspace.o(.text)
    .text                                    0x00000e08   Section       74  sys_stackheap_outer.o(.text)
    .text                                    0x00000e52   Section        0  exit.o(.text)
    .text                                    0x00000e64   Section      128  strcmpv7m.o(.text)
    .text                                    0x00000ee4   Section        0  sys_exit.o(.text)
    .text                                    0x00000ef0   Section        2  use_no_semi.o(.text)
    .text                                    0x00000ef2   Section        0  indicate_semi.o(.text)
    CL$$btod_d2e                             0x00000ef2   Section       62  btod.o(CL$$btod_d2e)
    CL$$btod_d2e_denorm_low                  0x00000f30   Section       70  btod.o(CL$$btod_d2e_denorm_low)
    CL$$btod_d2e_norm_op1                    0x00000f76   Section       96  btod.o(CL$$btod_d2e_norm_op1)
    CL$$btod_div_common                      0x00000fd6   Section      824  btod.o(CL$$btod_div_common)
    CL$$btod_e2e                             0x0000130e   Section      220  btod.o(CL$$btod_e2e)
    CL$$btod_ediv                            0x000013ea   Section       42  btod.o(CL$$btod_ediv)
    CL$$btod_emul                            0x00001414   Section       42  btod.o(CL$$btod_emul)
    CL$$btod_mult_common                     0x0000143e   Section      580  btod.o(CL$$btod_mult_common)
    i.AHT10ReadRawdata                       0x00001684   Section        0  i2c_sensors.o(i.AHT10ReadRawdata)
    i.AHT10Trigger                           0x000017a0   Section        0  i2c_sensors.o(i.AHT10Trigger)
    i.AHT10_Init                             0x000017e8   Section        0  i2c_sensors.o(i.AHT10_Init)
    i.GPIOE_Button_IRQHandler                0x00001830   Section        0  main.o(i.GPIOE_Button_IRQHandler)
    i.GPIOE_Handler                          0x0000188c   Section        0  irq.o(i.GPIOE_Handler)
    i.GPIOF_Button_IRQHandler                0x000018a0   Section        0  main.o(i.GPIOF_Button_IRQHandler)
    i.GPIOF_Handler                          0x0000192c   Section        0  irq.o(i.GPIOF_Handler)
    i.GUI_16BitPerPixel                      0x00001940   Section        0  gui.o(i.GUI_16BitPerPixel)
    i.GUI_AddCbFrameEnd                      0x0000194c   Section        0  gui.o(i.GUI_AddCbFrameEnd)
    i.GUI_AppDraw                            0x00001958   Section        0  main.o(i.GUI_AppDraw)
    i.GUI_Clear                              0x00001c0c   Section        0  gui.o(i.GUI_Clear)
    i.GUI_DrawFilledRect                     0x00001c70   Section        0  gui.o(i.GUI_DrawFilledRect)
    i.GUI_DrawHortLine                       0x00001cc8   Section        0  gui.o(i.GUI_DrawHortLine)
    i.GUI_Draw_Exe                           0x00001d28   Section        0  gui.o(i.GUI_Draw_Exe)
    i.GUI_Init                               0x00001dd8   Section        0  gui.o(i.GUI_Init)
    i.GUI_PrintChar                          0x00001e24   Section        0  gui.o(i.GUI_PrintChar)
    i.GUI_PrintString                        0x000020cc   Section        0  gui.o(i.GUI_PrintString)
    i.GUI_SetColor                           0x00002150   Section        0  gui.o(i.GUI_SetColor)
    i.GUI_SetFont                            0x00002174   Section        0  gui.o(i.GUI_SetFont)
    i.GUI_SetFontBackColor                   0x00002180   Section        0  gui.o(i.GUI_SetFontBackColor)
    i.GUI_WriteMem                           0x000021a4   Section        0  gui.o(i.GUI_WriteMem)
    GUI_WriteMem                             0x000021a5   Thumb Code   114  gui.o(i.GUI_WriteMem)
    i.HardFault_Handler                      0x0000221c   Section        0  bsp.o(i.HardFault_Handler)
    i.I2C0_Handler                           0x00002258   Section        0  i2c.o(i.I2C0_Handler)
    i.I2C1_Handler                           0x00002270   Section        0  i2c.o(i.I2C1_Handler)
    i.I2C2_Handler                           0x00002288   Section        0  i2c.o(i.I2C2_Handler)
    i.I2C3_Handler                           0x000022a0   Section        0  i2c.o(i.I2C3_Handler)
    i.I2CAddCallback                         0x000022b8   Section        0  i2c.o(i.I2CAddCallback)
    i.I2CExpander_Init                       0x000022bc   Section        0  i2c_sensors.o(i.I2CExpander_Init)
    i.I2CInit                                0x0000232c   Section        0  i2c.o(i.I2CInit)
    i.I2CRead                                0x00002450   Section        0  i2c.o(i.I2CRead)
    i.I2CWrite                               0x0000248c   Section        0  i2c.o(i.I2CWrite)
    i.IRQ_Init                               0x000024c4   Section        0  irq.o(i.IRQ_Init)
    i.LCD_AddCallback                        0x00002504   Section        0  lcd_st7735r.o(i.LCD_AddCallback)
    i.LCD_Count                              0x00002510   Section        0  main.o(i.LCD_Count)
    i.LCD_GetSize                            0x0000258c   Section        0  lcd_st7735r.o(i.LCD_GetSize)
    i.LCD_WriteDataPixel                     0x000025a4   Section        0  lcd_st7735r.o(i.LCD_WriteDataPixel)
    i.LcdInit                                0x00002610   Section        0  lcd_st7735r.o(i.LcdInit)
    i.Port_Init                              0x000028dc   Section        0  hal.o(i.Port_Init)
    i.SPI_Handler                            0x00003014   Section        0  spim.o(i.SPI_Handler)
    SPI_Handler                              0x00003015   Thumb Code   166  spim.o(i.SPI_Handler)
    i.SSI0_Handler                           0x000030bc   Section        0  spim.o(i.SSI0_Handler)
    i.SSI1_Handler                           0x000030cc   Section        0  spim.o(i.SSI1_Handler)
    i.SSI2_Handler                           0x000030dc   Section        0  spim.o(i.SSI2_Handler)
    i.SSI3_Handler                           0x000030ec   Section        0  spim.o(i.SSI3_Handler)
    i.SpimAddCallbackTransferDone            0x000030fc   Section        0  spim.o(i.SpimAddCallbackTransferDone)
    i.SpimInit                               0x00003104   Section        0  spim.o(i.SpimInit)
    i.SpimSetDataSize                        0x000033c0   Section        0  spim.o(i.SpimSetDataSize)
    i.SpimTransfer                           0x0000353a   Section        0  spim.o(i.SpimTransfer)
    i.SysTick_Handler                        0x00003584   Section        0  main.o(i.SysTick_Handler)
    i.SystemCoreClockUpdate                  0x00003750   Section        0  system_tm4c123.o(i.SystemCoreClockUpdate)
    i.SystemInit                             0x00003824   Section        0  system_tm4c123.o(i.SystemInit)
    i.TIMER0A_Handler                        0x00003910   Section        0  irq.o(i.TIMER0A_Handler)
    i.TIMER0A_IRQHandler                     0x00003924   Section        0  main.o(i.TIMER0A_IRQHandler)
    i.__ARM_fpclassify                       0x00003970   Section        0  fpclassify.o(i.__ARM_fpclassify)
    i.__NVIC_EnableIRQ                       0x000039a0   Section        0  irq.o(i.__NVIC_EnableIRQ)
    __NVIC_EnableIRQ                         0x000039a1   Thumb Code    34  irq.o(i.__NVIC_EnableIRQ)
    i.__NVIC_SetPriority                     0x000039c4   Section        0  main.o(i.__NVIC_SetPriority)
    __NVIC_SetPriority                       0x000039c5   Thumb Code    32  main.o(i.__NVIC_SetPriority)
    i._is_digit                              0x000039ec   Section        0  __printf_wp.o(i._is_digit)
    i.fputc                                  0x000039fa   Section        0  retarget.o(i.fputc)
    i.i2c_IRQHandler                         0x00003a0a   Section        0  i2c.o(i.i2c_IRQHandler)
    i2c_IRQHandler                           0x00003a0b   Thumb Code   422  i2c.o(i.i2c_IRQHandler)
    i.lcd_Delayms                            0x00003bb0   Section        0  lcd_st7735r.o(i.lcd_Delayms)
    lcd_Delayms                              0x00003bb1   Thumb Code    34  lcd_st7735r.o(i.lcd_Delayms)
    i.lcd_WriteCmd                           0x00003bd8   Section        0  lcd_st7735r.o(i.lcd_WriteCmd)
    lcd_WriteCmd                             0x00003bd9   Thumb Code    86  lcd_st7735r.o(i.lcd_WriteCmd)
    i.lcd_WriteData                          0x00003c40   Section        0  lcd_st7735r.o(i.lcd_WriteData)
    lcd_WriteData                            0x00003c41   Thumb Code    86  lcd_st7735r.o(i.lcd_WriteData)
    i.lcd_WriteMultipleByte                  0x00003ca8   Section        0  lcd_st7735r.o(i.lcd_WriteMultipleByte)
    lcd_WriteMultipleByte                    0x00003ca9   Thumb Code    84  lcd_st7735r.o(i.lcd_WriteMultipleByte)
    i.lcd_cbSpiDone                          0x00003d08   Section        0  lcd_st7735r.o(i.lcd_cbSpiDone)
    lcd_cbSpiDone                            0x00003d09   Thumb Code    40  lcd_st7735r.o(i.lcd_cbSpiDone)
    i.main                                   0x00003d3c   Section        0  main.o(i.main)
    i.main_KeyScan                           0x00004030   Section        0  main.o(i.main_KeyScan)
    main_KeyScan                             0x00004031   Thumb Code   352  main.o(i.main_KeyScan)
    i.main_LcdInit                           0x000041c0   Section        0  main.o(i.main_LcdInit)
    main_LcdInit                             0x000041c1   Thumb Code    96  main.o(i.main_LcdInit)
    i.main_cbGuiFrameEnd                     0x00004240   Section        0  main.o(i.main_cbGuiFrameEnd)
    main_cbGuiFrameEnd                       0x00004241   Thumb Code     8  main.o(i.main_cbGuiFrameEnd)
    i.main_cbI2C0Isdone                      0x0000424c   Section        0  main.o(i.main_cbI2C0Isdone)
    i.main_cbLcdTransferDone                 0x00004258   Section        0  main.o(i.main_cbLcdTransferDone)
    main_cbLcdTransferDone                   0x00004259   Thumb Code     8  main.o(i.main_cbLcdTransferDone)
    i.motor_output                           0x00004264   Section        0  main.o(i.motor_output)
    motor_output                             0x00004265   Thumb Code    12  main.o(i.motor_output)
    i.write_ASCII_UART0                      0x00004278   Section        0  hal.o(i.write_ASCII_UART0)
    i.write_I2CExpander                      0x00004290   Section        0  i2c_sensors.o(i.write_I2CExpander)
    locale$$code                             0x000042d0   Section       44  lc_numeric_c.o(locale$$code)
    x$fpl$d2f                                0x000042fc   Section       98  d2f.o(x$fpl$d2f)
    $v0                                      0x000042fc   Number         0  d2f.o(x$fpl$d2f)
    x$fpl$dadd                               0x00004360   Section      336  daddsub_clz.o(x$fpl$dadd)
    $v0                                      0x00004360   Number         0  daddsub_clz.o(x$fpl$dadd)
    _dadd1                                   0x00004371   Thumb Code     0  daddsub_clz.o(x$fpl$dadd)
    x$fpl$dfltu                              0x000044b0   Section       38  dflt_clz.o(x$fpl$dfltu)
    $v0                                      0x000044b0   Number         0  dflt_clz.o(x$fpl$dfltu)
    x$fpl$dmul                               0x000044d8   Section      340  dmul.o(x$fpl$dmul)
    $v0                                      0x000044d8   Number         0  dmul.o(x$fpl$dmul)
    x$fpl$dnaninf                            0x0000462c   Section      156  dnaninf.o(x$fpl$dnaninf)
    $v0                                      0x0000462c   Number         0  dnaninf.o(x$fpl$dnaninf)
    x$fpl$dretinf                            0x000046c8   Section       12  dretinf.o(x$fpl$dretinf)
    $v0                                      0x000046c8   Number         0  dretinf.o(x$fpl$dretinf)
    x$fpl$dsub                               0x000046d4   Section      468  daddsub_clz.o(x$fpl$dsub)
    $v0                                      0x000046d4   Number         0  daddsub_clz.o(x$fpl$dsub)
    _dsub1                                   0x000046e5   Thumb Code     0  daddsub_clz.o(x$fpl$dsub)
    x$fpl$f2d                                0x000048a8   Section       86  f2d.o(x$fpl$f2d)
    $v0                                      0x000048a8   Number         0  f2d.o(x$fpl$f2d)
    x$fpl$fnaninf                            0x000048fe   Section      140  fnaninf.o(x$fpl$fnaninf)
    $v0                                      0x000048fe   Number         0  fnaninf.o(x$fpl$fnaninf)
    x$fpl$fpinit                             0x0000498a   Section       10  fpinit.o(x$fpl$fpinit)
    $v0                                      0x0000498a   Number         0  fpinit.o(x$fpl$fpinit)
    x$fpl$fretinf                            0x00004994   Section       10  fretinf.o(x$fpl$fretinf)
    $v0                                      0x00004994   Number         0  fretinf.o(x$fpl$fretinf)
    x$fpl$printf1                            0x0000499e   Section        4  printf1.o(x$fpl$printf1)
    $v0                                      0x0000499e   Number         0  printf1.o(x$fpl$printf1)
    x$fpl$usenofp                            0x000049a2   Section        0  usenofp.o(x$fpl$usenofp)
    .constdata                               0x000049a4   Section       64  main.o(.constdata)
    .constdata                               0x000049e4   Section     2124  fontarialbold16.o(.constdata)
    g_pucArialbold16Data                     0x000049e4   Data        1921  fontarialbold16.o(.constdata)
    .constdata                               0x00005230   Section     1704  fontarialbold12.o(.constdata)
    g_pucArialbold12Data                     0x00005230   Data        1503  fontarialbold12.o(.constdata)
    .constdata                               0x000058d8   Section      108  system_tm4c123.o(.constdata)
    XTAL_NO_PLL                              0x000058d8   Data         108  system_tm4c123.o(.constdata)
    .constdata                               0x00005944   Section     1047  font_calibri10.o(.constdata)
    g_pucCalibri10Data                       0x00005944   Data        1047  font_calibri10.o(.constdata)
    .constdata                               0x00005d5c   Section      200  font_calibri10.o(.constdata)
    .constdata                               0x00005e24   Section       17  __printf_flags_wp.o(.constdata)
    maptable                                 0x00005e24   Data          17  __printf_flags_wp.o(.constdata)
    .constdata                               0x00005e38   Section      148  bigflt0.o(.constdata)
    tenpwrs_x                                0x00005e38   Data          60  bigflt0.o(.constdata)
    tenpwrs_i                                0x00005e74   Data          64  bigflt0.o(.constdata)
    locale$$data                             0x00005eec   Section       28  lc_numeric_c.o(locale$$data)
    __lcnum_c_name                           0x00005ef0   Data           2  lc_numeric_c.o(locale$$data)
    __lcnum_c_start                          0x00005ef8   Data           0  lc_numeric_c.o(locale$$data)
    __lcnum_c_point                          0x00005f04   Data           0  lc_numeric_c.o(locale$$data)
    __lcnum_c_thousands                      0x00005f06   Data           0  lc_numeric_c.o(locale$$data)
    __lcnum_c_grouping                       0x00005f07   Data           0  lc_numeric_c.o(locale$$data)
    __lcnum_c_end                            0x00005f08   Data           0  lc_numeric_c.o(locale$$data)
    .data                                    0x20000000   Section      200  main.o(.data)
    LCD_0                                    0x20000000   Data           1  main.o(.data)
    LCD_1                                    0x20000001   Data           1  main.o(.data)
    LCD_2                                    0x20000002   Data           1  main.o(.data)
    LCD_3                                    0x20000003   Data           1  main.o(.data)
    LCD_4                                    0x20000004   Data           1  main.o(.data)
    LCD_5                                    0x20000005   Data           1  main.o(.data)
    LCD_6                                    0x20000006   Data           1  main.o(.data)
    LCD_7                                    0x20000007   Data           1  main.o(.data)
    LCD_8                                    0x20000008   Data           1  main.o(.data)
    LCD_9                                    0x20000009   Data           1  main.o(.data)
    KEY_DECODE_TABLE                         0x20000011   Data          12  main.o(.data)
    g_bSystemTick                            0x20000020   Data           4  main.o(.data)
    g_bSystemTick1000                        0x20000024   Data           4  main.o(.data)
    g_bSecTick                               0x20000028   Data           4  main.o(.data)
    g_nCount                                 0x2000002c   Data           4  main.o(.data)
    g_bToggle                                0x20000030   Data           4  main.o(.data)
    g_nTimeSec                               0x20000034   Data           4  main.o(.data)
    g_bSpiDone                               0x20000038   Data           4  main.o(.data)
    g_bLCDUpdate                             0x2000003c   Data           4  main.o(.data)
    g_nLCD                                   0x20000040   Data           4  main.o(.data)
    g_bBacklightOn                           0x20000044   Data           4  main.o(.data)
    g_bLcdFree                               0x20000048   Data           4  main.o(.data)
    g_nDelay                                 0x2000004c   Data           4  main.o(.data)
    g_nAHT10Delay                            0x20000054   Data           1  main.o(.data)
    g_bAHT10Read                             0x20000058   Data           4  main.o(.data)
    g_nAHT10Update                           0x2000005c   Data           4  main.o(.data)
    g_bAHT10Update                           0x20000060   Data           4  main.o(.data)
    g_MCP23017                               0x20000064   Data           4  main.o(.data)
    g_nBeep_Count                            0x20000068   Data           2  main.o(.data)
    g_nBuzzerONCountDn                       0x2000006c   Data           4  main.o(.data)
    g_nBuzzerOFFCountDn                      0x20000070   Data           4  main.o(.data)
    g_bBuzzerON                              0x20000074   Data           4  main.o(.data)
    dig1                                     0x20000078   Data           1  main.o(.data)
    dig2                                     0x20000079   Data           1  main.o(.data)
    g_n7SegCount                             0x2000007a   Data           2  main.o(.data)
    g_debounce                               0x2000007c   Data           4  main.o(.data)
    g_bInitialState                          0x20000080   Data           4  main.o(.data)
    g_bLED_Toggle                            0x20000084   Data           4  main.o(.data)
    g_nKeypadScan                            0x20000088   Data           4  main.o(.data)
    g_nKeypad                                0x2000008c   Data           4  main.o(.data)
    g_cKey                                   0x20000090   Data           1  main.o(.data)
    g_bKeyPressed                            0x20000094   Data           4  main.o(.data)
    g_BounceThresh                           0x20000098   Data           4  main.o(.data)
    g_DebounceValue                          0x2000009c   Data           4  main.o(.data)
    numPos                                   0x200000a0   Data           4  main.o(.data)
    g_nMotorCount                            0x200000a4   Data           4  main.o(.data)
    g_bmotor_move                            0x200000a8   Data           4  main.o(.data)
    motor_angle                              0x200000b0   Data           4  main.o(.data)
    Rotation                                 0x200000b4   Data           4  main.o(.data)
    g_bDirectional_Op                        0x200000b8   Data           4  main.o(.data)
    SW1_Pressed                              0x200000bc   Data           4  main.o(.data)
    SW2_Pressed                              0x200000c0   Data           4  main.o(.data)
    bKeyPressed                              0x200000c4   Data           4  main.o(.data)
    .data                                    0x200000c8   Section       22  lcd_st7735r.o(.data)
    g_pSpimHandle                            0x200000c8   Data           4  lcd_st7735r.o(.data)
    g_bSpiDone                               0x200000cc   Data           4  lcd_st7735r.o(.data)
    g_nScreenX                               0x200000d0   Data           4  lcd_st7735r.o(.data)
    g_nScreenY                               0x200000d4   Data           4  lcd_st7735r.o(.data)
    g_pLcdCbDone                             0x200000d8   Data           4  lcd_st7735r.o(.data)
    g_Cmd                                    0x200000dc   Data           1  lcd_st7735r.o(.data)
    g_Data                                   0x200000dd   Data           1  lcd_st7735r.o(.data)
    .data                                    0x200000e0   Section        4  retarget.o(.data)
    .data                                    0x200000e4   Section        4  system_tm4c123.o(.data)
    .data                                    0x200000e8   Section        4  i2c_sensors.o(.data)
    g_pI2cHandle                             0x200000e8   Data           4  i2c_sensors.o(.data)
    .data                                    0x200000ec   Section       28  gui.o(.data)
    g_pFont                                  0x200000ec   Data           4  gui.o(.data)
    g_Color                                  0x200000f0   Data           4  gui.o(.data)
    g_hMemPtr                                0x200000f4   Data           4  gui.o(.data)
    g_b16BitPerPixel                         0x200000f8   Data           4  gui.o(.data)
    g_pFramEnd                               0x200000fc   Data           4  gui.o(.data)
    g_nWidth                                 0x20000100   Data           4  gui.o(.data)
    g_FontBackColor                          0x20000104   Data           4  gui.o(.data)
    .bss                                     0x20000108   Section     8380  main.o(.bss)
    g_SpimHandle                             0x20000108   Data          52  main.o(.bss)
    g_aBuf                                   0x2000013c   Data        8192  main.o(.bss)
    g_MemDev                                 0x2000213c   Data          80  main.o(.bss)
    g_I2C0Handle                             0x2000218c   Data          40  main.o(.bss)
    g_AHT10                                  0x200021b4   Data          16  main.o(.bss)
    .bss                                     0x200021c4   Section       64  lcd_st7735r.o(.bss)
    data                                     0x200021c4   Data          64  lcd_st7735r.o(.bss)
    .bss                                     0x20002204   Section       16  spim.o(.bss)
    g_pSpiIrqhandles                         0x20002204   Data          16  spim.o(.bss)
    .bss                                     0x20002214   Section       16  i2c.o(.bss)
    g_aI2CIrqHandle                          0x20002214   Data          16  i2c.o(.bss)
    .bss                                     0x20002224   Section       96  libspace.o(.bss)
    HEAP                                     0x20002288   Section        0  startup_tm4c123.o(HEAP)
    STACK                                    0x20002288   Section     2560  startup_tm4c123.o(STACK)
    Heap_Mem                                 0x20002288   Data           0  startup_tm4c123.o(HEAP)
    Stack_Mem                                0x20002288   Data        2560  startup_tm4c123.o(STACK)
    __initial_sp                             0x20002c88   Data           0  startup_tm4c123.o(STACK)

    Global Symbols

    Symbol Name                              Value     Ov Type        Size  Object(Section)

    BuildAttributes$$THM_ISAv4$E$P$D$K$B$S$7EM$VFPi3$EXTD16$VFPS$VFMA$PE$A:L22UL41UL21$X:L11$S22US41US21$IEEE1$IW$USESV6$~STKCKD$USESV7$~SHL$OTIME$ROPI$IEEEJ$EBA8$UX$STANDARDLIB$REQ8$PRES8$EABIv2 0x00000000   Number         0  anon$$obj.o ABSOLUTE
    __ARM_use_no_argv                        0x00000000   Number         0  main.o ABSOLUTE
    __Vectors                                0x00000000   Data           4  startup_tm4c123.o(RESET)
    _printf_flags                            0x00000000   Number         0  printf_stubs.o ABSOLUTE
    _printf_return_value                     0x00000000   Number         0  printf_stubs.o ABSOLUTE
    _printf_sizespec                         0x00000000   Number         0  printf_stubs.o ABSOLUTE
    _printf_widthprec                        0x00000000   Number         0  printf_stubs.o ABSOLUTE
    __ARM_exceptions_init                     - Undefined Weak Reference
    __alloca_initialize                       - Undefined Weak Reference
    __arm_preinit_                            - Undefined Weak Reference
    __cpp_initialize__aeabi_                  - Undefined Weak Reference
    __cxa_finalize                            - Undefined Weak Reference
    __sigvec_lookup                           - Undefined Weak Reference
    _atexit_init                              - Undefined Weak Reference
    _call_atexit_fns                          - Undefined Weak Reference
    _clock_init                               - Undefined Weak Reference
    _fp_trap_init                             - Undefined Weak Reference
    _fp_trap_shutdown                         - Undefined Weak Reference
    _get_lc_collate                           - Undefined Weak Reference
    _get_lc_ctype                             - Undefined Weak Reference
    _get_lc_monetary                          - Undefined Weak Reference
    _get_lc_time                              - Undefined Weak Reference
    _getenv_init                              - Undefined Weak Reference
    _handle_redirection                       - Undefined Weak Reference
    _init_alloc                               - Undefined Weak Reference
    _init_user_alloc                          - Undefined Weak Reference
    _initio                                   - Undefined Weak Reference
    _mutex_acquire                            - Undefined Weak Reference
    _mutex_release                            - Undefined Weak Reference
    _printf_truncate_signed                   - Undefined Weak Reference
    _printf_truncate_unsigned                 - Undefined Weak Reference
    _rand_init                                - Undefined Weak Reference
    _signal_finish                            - Undefined Weak Reference
    _signal_init                              - Undefined Weak Reference
    _terminate_alloc                          - Undefined Weak Reference
    _terminate_user_alloc                     - Undefined Weak Reference
    _terminateio                              - Undefined Weak Reference
    __Vectors_End                            0x0000026c   Data           0  startup_tm4c123.o(RESET)
    __Vectors_Size                           0x0000026c   Number         0  startup_tm4c123.o ABSOLUTE
    __main                                   0x0000026d   Thumb Code     8  __main.o(!!!main)
    __scatterload                            0x00000275   Thumb Code     0  __scatter.o(!!!scatter)
    __scatterload_rt2                        0x00000275   Thumb Code    44  __scatter.o(!!!scatter)
    __scatterload_rt2_thumb_only             0x00000275   Thumb Code     0  __scatter.o(!!!scatter)
    __scatterload_null                       0x00000283   Thumb Code     0  __scatter.o(!!!scatter)
    __scatterload_copy                       0x000002a9   Thumb Code    26  __scatter_copy.o(!!handler_copy)
    __scatterload_zeroinit                   0x000002c5   Thumb Code    28  __scatter_zi.o(!!handler_zi)
    _printf_f                                0x000002e1   Thumb Code     0  _printf_f.o(.ARM.Collect$$_printf_percent$$00000003)
    _printf_percent                          0x000002e1   Thumb Code     0  _printf_percent.o(.ARM.Collect$$_printf_percent$$00000000)
    _printf_i                                0x000002e7   Thumb Code     0  _printf_i.o(.ARM.Collect$$_printf_percent$$00000008)
    _printf_d                                0x000002ed   Thumb Code     0  _printf_d.o(.ARM.Collect$$_printf_percent$$00000009)
    _printf_u                                0x000002f3   Thumb Code     0  _printf_u.o(.ARM.Collect$$_printf_percent$$0000000A)
    _printf_percent_end                      0x000002f9   Thumb Code     0  _printf_percent_end.o(.ARM.Collect$$_printf_percent$$00000017)
    __rt_lib_init                            0x000002fd   Thumb Code     0  libinit.o(.ARM.Collect$$libinit$$00000000)
    __rt_lib_init_fp_1                       0x000002ff   Thumb Code     0  libinit2.o(.ARM.Collect$$libinit$$00000001)
    __rt_lib_init_heap_1                     0x00000303   Thumb Code     0  libinit2.o(.ARM.Collect$$libinit$$0000000A)
    __rt_lib_init_lc_common                  0x00000303   Thumb Code     0  libinit2.o(.ARM.Collect$$libinit$$0000000F)
    __rt_lib_init_preinit_1                  0x00000303   Thumb Code     0  libinit2.o(.ARM.Collect$$libinit$$00000004)
    __rt_lib_init_rand_1                     0x00000303   Thumb Code     0  libinit2.o(.ARM.Collect$$libinit$$0000000E)
    __rt_lib_init_user_alloc_1               0x00000303   Thumb Code     0  libinit2.o(.ARM.Collect$$libinit$$0000000C)
    __rt_lib_init_lc_collate_1               0x00000309   Thumb Code     0  libinit2.o(.ARM.Collect$$libinit$$00000011)
    __rt_lib_init_lc_ctype_1                 0x00000309   Thumb Code     0  libinit2.o(.ARM.Collect$$libinit$$00000013)
    __rt_lib_init_lc_monetary_1              0x00000309   Thumb Code     0  libinit2.o(.ARM.Collect$$libinit$$00000015)
    __rt_lib_init_lc_numeric_2               0x00000309   Thumb Code     0  libinit2.o(.ARM.Collect$$libinit$$00000016)
    __rt_lib_init_alloca_1                   0x00000313   Thumb Code     0  libinit2.o(.ARM.Collect$$libinit$$0000002E)
    __rt_lib_init_argv_1                     0x00000313   Thumb Code     0  libinit2.o(.ARM.Collect$$libinit$$0000002C)
    __rt_lib_init_atexit_1                   0x00000313   Thumb Code     0  libinit2.o(.ARM.Collect$$libinit$$0000001B)
    __rt_lib_init_clock_1                    0x00000313   Thumb Code     0  libinit2.o(.ARM.Collect$$libinit$$00000021)
    __rt_lib_init_cpp_1                      0x00000313   Thumb Code     0  libinit2.o(.ARM.Collect$$libinit$$00000032)
    __rt_lib_init_exceptions_1               0x00000313   Thumb Code     0  libinit2.o(.ARM.Collect$$libinit$$00000030)
    __rt_lib_init_fp_trap_1                  0x00000313   Thumb Code     0  libinit2.o(.ARM.Collect$$libinit$$0000001F)
    __rt_lib_init_getenv_1                   0x00000313   Thumb Code     0  libinit2.o(.ARM.Collect$$libinit$$00000023)
    __rt_lib_init_lc_numeric_1               0x00000313   Thumb Code     0  libinit2.o(.ARM.Collect$$libinit$$00000017)
    __rt_lib_init_lc_time_1                  0x00000313   Thumb Code     0  libinit2.o(.ARM.Collect$$libinit$$00000019)
    __rt_lib_init_return                     0x00000313   Thumb Code     0  libinit2.o(.ARM.Collect$$libinit$$00000033)
    __rt_lib_init_signal_1                   0x00000313   Thumb Code     0  libinit2.o(.ARM.Collect$$libinit$$0000001D)
    __rt_lib_init_stdio_1                    0x00000313   Thumb Code     0  libinit2.o(.ARM.Collect$$libinit$$00000025)
    __rt_lib_shutdown                        0x00000315   Thumb Code     0  libshutdown.o(.ARM.Collect$$libshutdown$$00000000)
    __rt_lib_shutdown_cpp_1                  0x00000317   Thumb Code     0  libshutdown2.o(.ARM.Collect$$libshutdown$$00000002)
    __rt_lib_shutdown_fp_trap_1              0x00000317   Thumb Code     0  libshutdown2.o(.ARM.Collect$$libshutdown$$00000007)
    __rt_lib_shutdown_heap_1                 0x00000317   Thumb Code     0  libshutdown2.o(.ARM.Collect$$libshutdown$$0000000F)
    __rt_lib_shutdown_return                 0x00000317   Thumb Code     0  libshutdown2.o(.ARM.Collect$$libshutdown$$00000010)
    __rt_lib_shutdown_signal_1               0x00000317   Thumb Code     0  libshutdown2.o(.ARM.Collect$$libshutdown$$0000000A)
    __rt_lib_shutdown_stdio_1                0x00000317   Thumb Code     0  libshutdown2.o(.ARM.Collect$$libshutdown$$00000004)
    __rt_lib_shutdown_user_alloc_1           0x00000317   Thumb Code     0  libshutdown2.o(.ARM.Collect$$libshutdown$$0000000C)
    __rt_entry                               0x00000319   Thumb Code     0  __rtentry.o(.ARM.Collect$$rtentry$$00000000)
    __rt_entry_presh_1                       0x00000319   Thumb Code     0  __rtentry2.o(.ARM.Collect$$rtentry$$00000002)
    __rt_entry_sh                            0x00000319   Thumb Code     0  __rtentry4.o(.ARM.Collect$$rtentry$$00000004)
    __rt_entry_li                            0x0000031f   Thumb Code     0  __rtentry2.o(.ARM.Collect$$rtentry$$0000000A)
    __rt_entry_postsh_1                      0x0000031f   Thumb Code     0  __rtentry2.o(.ARM.Collect$$rtentry$$00000009)
    __rt_entry_main                          0x00000323   Thumb Code     0  __rtentry2.o(.ARM.Collect$$rtentry$$0000000D)
    __rt_entry_postli_1                      0x00000323   Thumb Code     0  __rtentry2.o(.ARM.Collect$$rtentry$$0000000C)
    __rt_exit                                0x0000032b   Thumb Code     0  rtexit.o(.ARM.Collect$$rtexit$$00000000)
    __rt_exit_ls                             0x0000032d   Thumb Code     0  rtexit2.o(.ARM.Collect$$rtexit$$00000003)
    __rt_exit_prels_1                        0x0000032d   Thumb Code     0  rtexit2.o(.ARM.Collect$$rtexit$$00000002)
    __rt_exit_exit                           0x00000331   Thumb Code     0  rtexit2.o(.ARM.Collect$$rtexit$$00000004)
    Reset_Handler                            0x00000339   Thumb Code     8  startup_tm4c123.o(.text)
    NMI_Handler                              0x00000341   Thumb Code     2  startup_tm4c123.o(.text)
    MemManage_Handler                        0x00000345   Thumb Code     2  startup_tm4c123.o(.text)
    BusFault_Handler                         0x00000347   Thumb Code     2  startup_tm4c123.o(.text)
    UsageFault_Handler                       0x00000349   Thumb Code     2  startup_tm4c123.o(.text)
    SVC_Handler                              0x0000034b   Thumb Code     2  startup_tm4c123.o(.text)
    DebugMon_Handler                         0x0000034d   Thumb Code     2  startup_tm4c123.o(.text)
    PendSV_Handler                           0x0000034f   Thumb Code     2  startup_tm4c123.o(.text)
    GPIOA_Handler                            0x00000353   Thumb Code     2  startup_tm4c123.o(.text)
    GPIOB_Handler                            0x00000355   Thumb Code     2  startup_tm4c123.o(.text)
    GPIOC_Handler                            0x00000357   Thumb Code     2  startup_tm4c123.o(.text)
    GPIOD_Handler                            0x00000359   Thumb Code     2  startup_tm4c123.o(.text)
    UART0_Handler                            0x0000035d   Thumb Code     2  startup_tm4c123.o(.text)
    UART1_Handler                            0x0000035f   Thumb Code     2  startup_tm4c123.o(.text)
    PMW0_FAULT_Handler                       0x00000365   Thumb Code     2  startup_tm4c123.o(.text)
    PWM0_0_Handler                           0x00000367   Thumb Code     2  startup_tm4c123.o(.text)
    PWM0_1_Handler                           0x00000369   Thumb Code     2  startup_tm4c123.o(.text)
    PWM0_2_Handler                           0x0000036b   Thumb Code     2  startup_tm4c123.o(.text)
    QEI0_Handler                             0x0000036d   Thumb Code     2  startup_tm4c123.o(.text)
    ADC0SS0_Handler                          0x0000036f   Thumb Code     2  startup_tm4c123.o(.text)
    ADC0SS1_Handler                          0x00000371   Thumb Code     2  startup_tm4c123.o(.text)
    ADC0SS2_Handler                          0x00000373   Thumb Code     2  startup_tm4c123.o(.text)
    ADC0SS3_Handler                          0x00000375   Thumb Code     2  startup_tm4c123.o(.text)
    WDT0_Handler                             0x00000377   Thumb Code     2  startup_tm4c123.o(.text)
    TIMER0B_Handler                          0x0000037b   Thumb Code     2  startup_tm4c123.o(.text)
    TIMER1A_Handler                          0x0000037d   Thumb Code     2  startup_tm4c123.o(.text)
    TIMER1B_Handler                          0x0000037f   Thumb Code     2  startup_tm4c123.o(.text)
    TIMER2A_Handler                          0x00000381   Thumb Code     2  startup_tm4c123.o(.text)
    TIMER2B_Handler                          0x00000383   Thumb Code     2  startup_tm4c123.o(.text)
    COMP0_Handler                            0x00000385   Thumb Code     2  startup_tm4c123.o(.text)
    COMP1_Handler                            0x00000387   Thumb Code     2  startup_tm4c123.o(.text)
    COMP2_Handler                            0x00000389   Thumb Code     2  startup_tm4c123.o(.text)
    SYSCTL_Handler                           0x0000038b   Thumb Code     2  startup_tm4c123.o(.text)
    FLASH_Handler                            0x0000038d   Thumb Code     2  startup_tm4c123.o(.text)
    GPIOG_Handler                            0x00000391   Thumb Code     2  startup_tm4c123.o(.text)
    GPIOH_Handler                            0x00000393   Thumb Code     2  startup_tm4c123.o(.text)
    UART2_Handler                            0x00000395   Thumb Code     2  startup_tm4c123.o(.text)
    TIMER3A_Handler                          0x00000399   Thumb Code     2  startup_tm4c123.o(.text)
    TIMER3B_Handler                          0x0000039b   Thumb Code     2  startup_tm4c123.o(.text)
    QEI1_Handler                             0x0000039f   Thumb Code     2  startup_tm4c123.o(.text)
    CAN0_Handler                             0x000003a1   Thumb Code     2  startup_tm4c123.o(.text)
    CAN1_Handler                             0x000003a3   Thumb Code     2  startup_tm4c123.o(.text)
    CAN2_Handler                             0x000003a5   Thumb Code     2  startup_tm4c123.o(.text)
    HIB_Handler                              0x000003a7   Thumb Code     2  startup_tm4c123.o(.text)
    USB0_Handler                             0x000003a9   Thumb Code     2  startup_tm4c123.o(.text)
    PWM0_3_Handler                           0x000003ab   Thumb Code     2  startup_tm4c123.o(.text)
    UDMA_Handler                             0x000003ad   Thumb Code     2  startup_tm4c123.o(.text)
    UDMAERR_Handler                          0x000003af   Thumb Code     2  startup_tm4c123.o(.text)
    ADC1SS0_Handler                          0x000003b1   Thumb Code     2  startup_tm4c123.o(.text)
    ADC1SS1_Handler                          0x000003b3   Thumb Code     2  startup_tm4c123.o(.text)
    ADC1SS2_Handler                          0x000003b5   Thumb Code     2  startup_tm4c123.o(.text)
    ADC1SS3_Handler                          0x000003b7   Thumb Code     2  startup_tm4c123.o(.text)
    GPIOJ_Handler                            0x000003b9   Thumb Code     2  startup_tm4c123.o(.text)
    GPIOK_Handler                            0x000003bb   Thumb Code     2  startup_tm4c123.o(.text)
    GPIOL_Handler                            0x000003bd   Thumb Code     2  startup_tm4c123.o(.text)
    UART3_Handler                            0x000003c3   Thumb Code     2  startup_tm4c123.o(.text)
    UART4_Handler                            0x000003c5   Thumb Code     2  startup_tm4c123.o(.text)
    UART5_Handler                            0x000003c7   Thumb Code     2  startup_tm4c123.o(.text)
    UART6_Handler                            0x000003c9   Thumb Code     2  startup_tm4c123.o(.text)
    UART7_Handler                            0x000003cb   Thumb Code     2  startup_tm4c123.o(.text)
    TIMER4A_Handler                          0x000003d1   Thumb Code     2  startup_tm4c123.o(.text)
    TIMER4B_Handler                          0x000003d3   Thumb Code     2  startup_tm4c123.o(.text)
    TIMER5A_Handler                          0x000003d5   Thumb Code     2  startup_tm4c123.o(.text)
    TIMER5B_Handler                          0x000003d7   Thumb Code     2  startup_tm4c123.o(.text)
    WTIMER0A_Handler                         0x000003d9   Thumb Code     2  startup_tm4c123.o(.text)
    WTIMER0B_Handler                         0x000003db   Thumb Code     2  startup_tm4c123.o(.text)
    WTIMER1A_Handler                         0x000003dd   Thumb Code     2  startup_tm4c123.o(.text)
    WTIMER1B_Handler                         0x000003df   Thumb Code     2  startup_tm4c123.o(.text)
    WTIMER2A_Handler                         0x000003e1   Thumb Code     2  startup_tm4c123.o(.text)
    WTIMER2B_Handler                         0x000003e3   Thumb Code     2  startup_tm4c123.o(.text)
    WTIMER3A_Handler                         0x000003e5   Thumb Code     2  startup_tm4c123.o(.text)
    WTIMER3B_Handler                         0x000003e7   Thumb Code     2  startup_tm4c123.o(.text)
    WTIMER4A_Handler                         0x000003e9   Thumb Code     2  startup_tm4c123.o(.text)
    WTIMER4B_Handler                         0x000003eb   Thumb Code     2  startup_tm4c123.o(.text)
    WTIMER5A_Handler                         0x000003ed   Thumb Code     2  startup_tm4c123.o(.text)
    WTIMER5B_Handler                         0x000003ef   Thumb Code     2  startup_tm4c123.o(.text)
    FPU_Handler                              0x000003f1   Thumb Code     2  startup_tm4c123.o(.text)
    I2C4_Handler                             0x000003f3   Thumb Code     2  startup_tm4c123.o(.text)
    I2C5_Handler                             0x000003f5   Thumb Code     2  startup_tm4c123.o(.text)
    GPIOM_Handler                            0x000003f7   Thumb Code     2  startup_tm4c123.o(.text)
    GPION_Handler                            0x000003f9   Thumb Code     2  startup_tm4c123.o(.text)
    QEI2_Handler                             0x000003fb   Thumb Code     2  startup_tm4c123.o(.text)
    GPIOP0_Handler                           0x000003fd   Thumb Code     2  startup_tm4c123.o(.text)
    GPIOP1_Handler                           0x000003ff   Thumb Code     2  startup_tm4c123.o(.text)
    GPIOP2_Handler                           0x00000401   Thumb Code     2  startup_tm4c123.o(.text)
    GPIOP3_Handler                           0x00000403   Thumb Code     2  startup_tm4c123.o(.text)
    GPIOP4_Handler                           0x00000405   Thumb Code     2  startup_tm4c123.o(.text)
    GPIOP5_Handler                           0x00000407   Thumb Code     2  startup_tm4c123.o(.text)
    GPIOP6_Handler                           0x00000409   Thumb Code     2  startup_tm4c123.o(.text)
    GPIOP7_Handler                           0x0000040b   Thumb Code     2  startup_tm4c123.o(.text)
    GPIOQ0_Handler                           0x0000040d   Thumb Code     2  startup_tm4c123.o(.text)
    GPIOQ1_Handler                           0x0000040f   Thumb Code     2  startup_tm4c123.o(.text)
    GPIOQ2_Handler                           0x00000411   Thumb Code     2  startup_tm4c123.o(.text)
    GPIOQ3_Handler                           0x00000413   Thumb Code     2  startup_tm4c123.o(.text)
    GPIOQ4_Handler                           0x00000415   Thumb Code     2  startup_tm4c123.o(.text)
    GPIOQ5_Handler                           0x00000417   Thumb Code     2  startup_tm4c123.o(.text)
    GPIOQ6_Handler                           0x00000419   Thumb Code     2  startup_tm4c123.o(.text)
    GPIOQ7_Handler                           0x0000041b   Thumb Code     2  startup_tm4c123.o(.text)
    GPIOR_Handler                            0x0000041d   Thumb Code     2  startup_tm4c123.o(.text)
    GPIOS_Handler                            0x0000041f   Thumb Code     2  startup_tm4c123.o(.text)
    PMW1_0_Handler                           0x00000421   Thumb Code     2  startup_tm4c123.o(.text)
    PWM1_1_Handler                           0x00000423   Thumb Code     2  startup_tm4c123.o(.text)
    PWM1_2_Handler                           0x00000425   Thumb Code     2  startup_tm4c123.o(.text)
    PWM1_3_Handler                           0x00000427   Thumb Code     2  startup_tm4c123.o(.text)
    PWM1_FAULT_Handler                       0x00000429   Thumb Code     2  startup_tm4c123.o(.text)
    __user_initial_stackheap                 0x0000042d   Thumb Code     0  startup_tm4c123.o(.text)
    __2printf                                0x0000044d   Thumb Code    20  noretval__2printf.o(.text)
    __2sprintf                               0x00000465   Thumb Code    34  noretval__2sprintf.o(.text)
    _printf_pre_padding                      0x0000048d   Thumb Code    44  _printf_pad.o(.text)
    _printf_post_padding                     0x000004b9   Thumb Code    34  _printf_pad.o(.text)
    _printf_int_dec                          0x000004dd   Thumb Code   104  _printf_dec.o(.text)
    __printf                                 0x00000555   Thumb Code   308  __printf_flags_wp.o(.text)
    strlen                                   0x0000068d   Thumb Code    62  strlen.o(.text)
    __use_two_region_memory                  0x000006cb   Thumb Code     2  heapauxi.o(.text)
    __rt_heap_escrow$2region                 0x000006cd   Thumb Code     2  heapauxi.o(.text)
    __rt_heap_expand$2region                 0x000006cf   Thumb Code     2  heapauxi.o(.text)
    _printf_int_common                       0x000006d1   Thumb Code   178  _printf_intcommon.o(.text)
    __lib_sel_fp_printf                      0x00000783   Thumb Code     2  _printf_fp_dec.o(.text)
    _printf_fp_dec_real                      0x00000935   Thumb Code   620  _printf_fp_dec.o(.text)
    _printf_char_common                      0x00000bab   Thumb Code    32  _printf_char_common.o(.text)
    _sputc                                   0x00000bd1   Thumb Code    10  _sputc.o(.text)
    _printf_char_file                        0x00000bdd   Thumb Code    32  _printf_char_file.o(.text)
    __rt_locale                              0x00000c01   Thumb Code     8  rt_locale_intlibspace.o(.text)
    _ll_udiv10                               0x00000c09   Thumb Code   138  lludiv10.o(.text)
    _printf_fp_infnan                        0x00000c95   Thumb Code   112  _printf_fp_infnan.o(.text)
    _btod_etento                             0x00000d15   Thumb Code   224  bigflt0.o(.text)
    ferror                                   0x00000df9   Thumb Code     8  ferror.o(.text)
    __user_libspace                          0x00000e01   Thumb Code     8  libspace.o(.text)
    __user_perproc_libspace                  0x00000e01   Thumb Code     0  libspace.o(.text)
    __user_perthread_libspace                0x00000e01   Thumb Code     0  libspace.o(.text)
    __user_setup_stackheap                   0x00000e09   Thumb Code    74  sys_stackheap_outer.o(.text)
    exit                                     0x00000e53   Thumb Code    18  exit.o(.text)
    strcmp                                   0x00000e65   Thumb Code   128  strcmpv7m.o(.text)
    _sys_exit                                0x00000ee5   Thumb Code     8  sys_exit.o(.text)
    __I$use$semihosting                      0x00000ef1   Thumb Code     0  use_no_semi.o(.text)
    __use_no_semihosting_swi                 0x00000ef1   Thumb Code     2  use_no_semi.o(.text)
    __semihosting_library_function           0x00000ef3   Thumb Code     0  indicate_semi.o(.text)
    _btod_d2e                                0x00000ef3   Thumb Code    62  btod.o(CL$$btod_d2e)
    _d2e_denorm_low                          0x00000f31   Thumb Code    70  btod.o(CL$$btod_d2e_denorm_low)
    _d2e_norm_op1                            0x00000f77   Thumb Code    96  btod.o(CL$$btod_d2e_norm_op1)
    __btod_div_common                        0x00000fd7   Thumb Code   696  btod.o(CL$$btod_div_common)
    _e2e                                     0x0000130f   Thumb Code   220  btod.o(CL$$btod_e2e)
    _btod_ediv                               0x000013eb   Thumb Code    42  btod.o(CL$$btod_ediv)
    _btod_emul                               0x00001415   Thumb Code    42  btod.o(CL$$btod_emul)
    __btod_mult_common                       0x0000143f   Thumb Code   580  btod.o(CL$$btod_mult_common)
    AHT10ReadRawdata                         0x00001685   Thumb Code   238  i2c_sensors.o(i.AHT10ReadRawdata)
    AHT10Trigger                             0x000017a1   Thumb Code    62  i2c_sensors.o(i.AHT10Trigger)
    AHT10_Init                               0x000017e9   Thumb Code    62  i2c_sensors.o(i.AHT10_Init)
    GPIOE_Button_IRQHandler                  0x00001831   Thumb Code    80  main.o(i.GPIOE_Button_IRQHandler)
    GPIOE_Handler                            0x0000188d   Thumb Code    14  irq.o(i.GPIOE_Handler)
    GPIOF_Button_IRQHandler                  0x000018a1   Thumb Code   112  main.o(i.GPIOF_Button_IRQHandler)
    GPIOF_Handler                            0x0000192d   Thumb Code    14  irq.o(i.GPIOF_Handler)
    GUI_16BitPerPixel                        0x00001941   Thumb Code     6  gui.o(i.GUI_16BitPerPixel)
    GUI_AddCbFrameEnd                        0x0000194d   Thumb Code     6  gui.o(i.GUI_AddCbFrameEnd)
    GUI_AppDraw                              0x00001959   Thumb Code   464  main.o(i.GUI_AppDraw)
    GUI_Clear                                0x00001c0d   Thumb Code    96  gui.o(i.GUI_Clear)
    GUI_DrawFilledRect                       0x00001c71   Thumb Code    84  gui.o(i.GUI_DrawFilledRect)
    GUI_DrawHortLine                         0x00001cc9   Thumb Code    90  gui.o(i.GUI_DrawHortLine)
    GUI_Draw_Exe                             0x00001d29   Thumb Code   170  gui.o(i.GUI_Draw_Exe)
    GUI_Init                                 0x00001dd9   Thumb Code    70  gui.o(i.GUI_Init)
    GUI_PrintChar                            0x00001e25   Thumb Code   676  gui.o(i.GUI_PrintChar)
    GUI_PrintString                          0x000020cd   Thumb Code   128  gui.o(i.GUI_PrintString)
    GUI_SetColor                             0x00002151   Thumb Code    30  gui.o(i.GUI_SetColor)
    GUI_SetFont                              0x00002175   Thumb Code     6  gui.o(i.GUI_SetFont)
    GUI_SetFontBackColor                     0x00002181   Thumb Code    30  gui.o(i.GUI_SetFontBackColor)
    HardFault_Handler                        0x0000221d   Thumb Code    40  bsp.o(i.HardFault_Handler)
    I2C0_Handler                             0x00002259   Thumb Code    18  i2c.o(i.I2C0_Handler)
    I2C1_Handler                             0x00002271   Thumb Code    18  i2c.o(i.I2C1_Handler)
    I2C2_Handler                             0x00002289   Thumb Code    18  i2c.o(i.I2C2_Handler)
    I2C3_Handler                             0x000022a1   Thumb Code    18  i2c.o(i.I2C3_Handler)
    I2CAddCallback                           0x000022b9   Thumb Code     4  i2c.o(i.I2CAddCallback)
    I2CExpander_Init                         0x000022bd   Thumb Code   104  i2c_sensors.o(i.I2CExpander_Init)
    I2CInit                                  0x0000232d   Thumb Code   248  i2c.o(i.I2CInit)
    I2CRead                                  0x00002451   Thumb Code    60  i2c.o(i.I2CRead)
    I2CWrite                                 0x0000248d   Thumb Code    56  i2c.o(i.I2CWrite)
    IRQ_Init                                 0x000024c5   Thumb Code    56  irq.o(i.IRQ_Init)
    LCD_AddCallback                          0x00002505   Thumb Code     6  lcd_st7735r.o(i.LCD_AddCallback)
    LCD_Count                                0x00002511   Thumb Code    84  main.o(i.LCD_Count)
    LCD_GetSize                              0x0000258d   Thumb Code    14  lcd_st7735r.o(i.LCD_GetSize)
    LCD_WriteDataPixel                       0x000025a5   Thumb Code    90  lcd_st7735r.o(i.LCD_WriteDataPixel)
    LcdInit                                  0x00002611   Thumb Code   692  lcd_st7735r.o(i.LcdInit)
    Port_Init                                0x000028dd   Thumb Code  1784  hal.o(i.Port_Init)
    SSI0_Handler                             0x000030bd   Thumb Code    12  spim.o(i.SSI0_Handler)
    SSI1_Handler                             0x000030cd   Thumb Code    12  spim.o(i.SSI1_Handler)
    SSI2_Handler                             0x000030dd   Thumb Code    12  spim.o(i.SSI2_Handler)
    SSI3_Handler                             0x000030ed   Thumb Code    12  spim.o(i.SSI3_Handler)
    SpimAddCallbackTransferDone              0x000030fd   Thumb Code     6  spim.o(i.SpimAddCallbackTransferDone)
    SpimInit                                 0x00003105   Thumb Code   676  spim.o(i.SpimInit)
    SpimSetDataSize                          0x000033c1   Thumb Code   378  spim.o(i.SpimSetDataSize)
    SpimTransfer                             0x0000353b   Thumb Code    74  spim.o(i.SpimTransfer)
    SysTick_Handler                          0x00003585   Thumb Code   376  main.o(i.SysTick_Handler)
    SystemCoreClockUpdate                    0x00003751   Thumb Code   196  system_tm4c123.o(i.SystemCoreClockUpdate)
    SystemInit                               0x00003825   Thumb Code   224  system_tm4c123.o(i.SystemInit)
    TIMER0A_Handler                          0x00003911   Thumb Code    14  irq.o(i.TIMER0A_Handler)
    TIMER0A_IRQHandler                       0x00003925   Thumb Code    58  main.o(i.TIMER0A_IRQHandler)
    __ARM_fpclassify                         0x00003971   Thumb Code    48  fpclassify.o(i.__ARM_fpclassify)
    _is_digit                                0x000039ed   Thumb Code    14  __printf_wp.o(i._is_digit)
    fputc                                    0x000039fb   Thumb Code    16  retarget.o(i.fputc)
    main                                     0x00003d3d   Thumb Code   612  main.o(i.main)
    main_cbI2C0Isdone                        0x0000424d   Thumb Code     8  main.o(i.main_cbI2C0Isdone)
    write_ASCII_UART0                        0x00004279   Thumb Code    20  hal.o(i.write_ASCII_UART0)
    write_I2CExpander                        0x00004291   Thumb Code    54  i2c_sensors.o(i.write_I2CExpander)
    _get_lc_numeric                          0x000042d1   Thumb Code    44  lc_numeric_c.o(locale$$code)
    __aeabi_d2f                              0x000042fd   Thumb Code     0  d2f.o(x$fpl$d2f)
    _d2f                                     0x000042fd   Thumb Code    98  d2f.o(x$fpl$d2f)
    __aeabi_dadd                             0x00004361   Thumb Code     0  daddsub_clz.o(x$fpl$dadd)
    _dadd                                    0x00004361   Thumb Code   332  daddsub_clz.o(x$fpl$dadd)
    __aeabi_ui2d                             0x000044b1   Thumb Code     0  dflt_clz.o(x$fpl$dfltu)
    _dfltu                                   0x000044b1   Thumb Code    38  dflt_clz.o(x$fpl$dfltu)
    __aeabi_dmul                             0x000044d9   Thumb Code     0  dmul.o(x$fpl$dmul)
    _dmul                                    0x000044d9   Thumb Code   332  dmul.o(x$fpl$dmul)
    __fpl_dnaninf                            0x0000462d   Thumb Code   156  dnaninf.o(x$fpl$dnaninf)
    __fpl_dretinf                            0x000046c9   Thumb Code    12  dretinf.o(x$fpl$dretinf)
    __aeabi_dsub                             0x000046d5   Thumb Code     0  daddsub_clz.o(x$fpl$dsub)
    _dsub                                    0x000046d5   Thumb Code   464  daddsub_clz.o(x$fpl$dsub)
    __aeabi_f2d                              0x000048a9   Thumb Code     0  f2d.o(x$fpl$f2d)
    _f2d                                     0x000048a9   Thumb Code    86  f2d.o(x$fpl$f2d)
    __fpl_fnaninf                            0x000048ff   Thumb Code   140  fnaninf.o(x$fpl$fnaninf)
    _fp_init                                 0x0000498b   Thumb Code    10  fpinit.o(x$fpl$fpinit)
    __fplib_config_fpu_vfp                   0x00004993   Thumb Code     0  fpinit.o(x$fpl$fpinit)
    __fplib_config_pureend_doubles           0x00004993   Thumb Code     0  fpinit.o(x$fpl$fpinit)
    __fpl_fretinf                            0x00004995   Thumb Code    10  fretinf.o(x$fpl$fretinf)
    _printf_fp_dec                           0x0000499f   Thumb Code     4  printf1.o(x$fpl$printf1)
    __I$use$fp                               0x000049a2   Number         0  usenofp.o(x$fpl$usenofp)
    fsm                                      0x000049a4   Data          64  main.o(.constdata)
    FONT_Arialbold16                         0x00005168   Data         200  fontarialbold16.o(.constdata)
    FONT_Arialbold12                         0x00005810   Data         200  fontarialbold12.o(.constdata)
    g_sFontCalibri10                         0x00005d5c   Data         200  font_calibri10.o(.constdata)
    Region$$Table$$Base                      0x00005ecc   Number         0  anon$$obj.o(Region$$Table)
    Region$$Table$$Limit                     0x00005eec   Number         0  anon$$obj.o(Region$$Table)
    Pt                                       0x2000000c   Data           4  main.o(.data)
    cState                                   0x20000010   Data           1  main.o(.data)
    g_bI2C0IsBusy                            0x20000050   Data           4  main.o(.data)
    steps                                    0x200000ac   Data           4  main.o(.data)
    __stdout                                 0x200000e0   Data           4  retarget.o(.data)
    SystemCoreClock                          0x200000e4   Data           4  system_tm4c123.o(.data)
    __libspace_start                         0x20002224   Data          96  libspace.o(.bss)
    __temporary_stack_top$libspace           0x20002284   Data           0  libspace.o(.bss)



==============================================================================

Memory Map of the image

  Image Entry point : 0x0000026d

  Load Region LR_IROM1 (Base: 0x00000000, Size: 0x00006010, Max: 0x00040000, ABSOLUTE)

    Execution Region ER_IROM1 (Exec base: 0x00000000, Load base: 0x00000000, Size: 0x00005f08, Max: 0x00040000, ABSOLUTE)

    Exec Addr    Load Addr    Size         Type   Attr      Idx    E Section Name        Object

    0x00000000   0x00000000   0x0000026c   Data   RO          509    RESET               startup_tm4c123.o
    0x0000026c   0x0000026c   0x00000008   Code   RO          944  * !!!main             c_w.l(__main.o)
    0x00000274   0x00000274   0x00000034   Code   RO         1190    !!!scatter          c_w.l(__scatter.o)
    0x000002a8   0x000002a8   0x0000001a   Code   RO         1192    !!handler_copy      c_w.l(__scatter_copy.o)
    0x000002c2   0x000002c2   0x00000002   PAD
    0x000002c4   0x000002c4   0x0000001c   Code   RO         1194    !!handler_zi        c_w.l(__scatter_zi.o)
    0x000002e0   0x000002e0   0x00000000   Code   RO          939    .ARM.Collect$$_printf_percent$$00000000  c_w.l(_printf_percent.o)
    0x000002e0   0x000002e0   0x00000006   Code   RO          938    .ARM.Collect$$_printf_percent$$00000003  c_w.l(_printf_f.o)
    0x000002e6   0x000002e6   0x00000006   Code   RO          935    .ARM.Collect$$_printf_percent$$00000008  c_w.l(_printf_i.o)
    0x000002ec   0x000002ec   0x00000006   Code   RO          936    .ARM.Collect$$_printf_percent$$00000009  c_w.l(_printf_d.o)
    0x000002f2   0x000002f2   0x00000006   Code   RO          937    .ARM.Collect$$_printf_percent$$0000000A  c_w.l(_printf_u.o)
    0x000002f8   0x000002f8   0x00000004   Code   RO          977    .ARM.Collect$$_printf_percent$$00000017  c_w.l(_printf_percent_end.o)
    0x000002fc   0x000002fc   0x00000002   Code   RO         1063    .ARM.Collect$$libinit$$00000000  c_w.l(libinit.o)
    0x000002fe   0x000002fe   0x00000004   Code   RO         1064    .ARM.Collect$$libinit$$00000001  c_w.l(libinit2.o)
    0x00000302   0x00000302   0x00000000   Code   RO         1067    .ARM.Collect$$libinit$$00000004  c_w.l(libinit2.o)
    0x00000302   0x00000302   0x00000000   Code   RO         1070    .ARM.Collect$$libinit$$0000000A  c_w.l(libinit2.o)
    0x00000302   0x00000302   0x00000000   Code   RO         1072    .ARM.Collect$$libinit$$0000000C  c_w.l(libinit2.o)
    0x00000302   0x00000302   0x00000000   Code   RO         1074    .ARM.Collect$$libinit$$0000000E  c_w.l(libinit2.o)
    0x00000302   0x00000302   0x00000006   Code   RO         1075    .ARM.Collect$$libinit$$0000000F  c_w.l(libinit2.o)
    0x00000308   0x00000308   0x00000000   Code   RO         1077    .ARM.Collect$$libinit$$00000011  c_w.l(libinit2.o)
    0x00000308   0x00000308   0x00000000   Code   RO         1079    .ARM.Collect$$libinit$$00000013  c_w.l(libinit2.o)
    0x00000308   0x00000308   0x00000000   Code   RO         1081    .ARM.Collect$$libinit$$00000015  c_w.l(libinit2.o)
    0x00000308   0x00000308   0x0000000a   Code   RO         1082    .ARM.Collect$$libinit$$00000016  c_w.l(libinit2.o)
    0x00000312   0x00000312   0x00000000   Code   RO         1083    .ARM.Collect$$libinit$$00000017  c_w.l(libinit2.o)
    0x00000312   0x00000312   0x00000000   Code   RO         1085    .ARM.Collect$$libinit$$00000019  c_w.l(libinit2.o)
    0x00000312   0x00000312   0x00000000   Code   RO         1087    .ARM.Collect$$libinit$$0000001B  c_w.l(libinit2.o)
    0x00000312   0x00000312   0x00000000   Code   RO         1089    .ARM.Collect$$libinit$$0000001D  c_w.l(libinit2.o)
    0x00000312   0x00000312   0x00000000   Code   RO         1091    .ARM.Collect$$libinit$$0000001F  c_w.l(libinit2.o)
    0x00000312   0x00000312   0x00000000   Code   RO         1093    .ARM.Collect$$libinit$$00000021  c_w.l(libinit2.o)
    0x00000312   0x00000312   0x00000000   Code   RO         1095    .ARM.Collect$$libinit$$00000023  c_w.l(libinit2.o)
    0x00000312   0x00000312   0x00000000   Code   RO         1097    .ARM.Collect$$libinit$$00000025  c_w.l(libinit2.o)
    0x00000312   0x00000312   0x00000000   Code   RO         1101    .ARM.Collect$$libinit$$0000002C  c_w.l(libinit2.o)
    0x00000312   0x00000312   0x00000000   Code   RO         1103    .ARM.Collect$$libinit$$0000002E  c_w.l(libinit2.o)
    0x00000312   0x00000312   0x00000000   Code   RO         1105    .ARM.Collect$$libinit$$00000030  c_w.l(libinit2.o)
    0x00000312   0x00000312   0x00000000   Code   RO         1107    .ARM.Collect$$libinit$$00000032  c_w.l(libinit2.o)
    0x00000312   0x00000312   0x00000002   Code   RO         1108    .ARM.Collect$$libinit$$00000033  c_w.l(libinit2.o)
    0x00000314   0x00000314   0x00000002   Code   RO         1138    .ARM.Collect$$libshutdown$$00000000  c_w.l(libshutdown.o)
    0x00000316   0x00000316   0x00000000   Code   RO         1149    .ARM.Collect$$libshutdown$$00000002  c_w.l(libshutdown2.o)
    0x00000316   0x00000316   0x00000000   Code   RO         1151    .ARM.Collect$$libshutdown$$00000004  c_w.l(libshutdown2.o)
    0x00000316   0x00000316   0x00000000   Code   RO         1154    .ARM.Collect$$libshutdown$$00000007  c_w.l(libshutdown2.o)
    0x00000316   0x00000316   0x00000000   Code   RO         1157    .ARM.Collect$$libshutdown$$0000000A  c_w.l(libshutdown2.o)
    0x00000316   0x00000316   0x00000000   Code   RO         1159    .ARM.Collect$$libshutdown$$0000000C  c_w.l(libshutdown2.o)
    0x00000316   0x00000316   0x00000000   Code   RO         1162    .ARM.Collect$$libshutdown$$0000000F  c_w.l(libshutdown2.o)
    0x00000316   0x00000316   0x00000002   Code   RO         1163    .ARM.Collect$$libshutdown$$00000010  c_w.l(libshutdown2.o)
    0x00000318   0x00000318   0x00000000   Code   RO          966    .ARM.Collect$$rtentry$$00000000  c_w.l(__rtentry.o)
    0x00000318   0x00000318   0x00000000   Code   RO          988    .ARM.Collect$$rtentry$$00000002  c_w.l(__rtentry2.o)
    0x00000318   0x00000318   0x00000006   Code   RO         1000    .ARM.Collect$$rtentry$$00000004  c_w.l(__rtentry4.o)
    0x0000031e   0x0000031e   0x00000000   Code   RO          990    .ARM.Collect$$rtentry$$00000009  c_w.l(__rtentry2.o)
    0x0000031e   0x0000031e   0x00000004   Code   RO          991    .ARM.Collect$$rtentry$$0000000A  c_w.l(__rtentry2.o)
    0x00000322   0x00000322   0x00000000   Code   RO          993    .ARM.Collect$$rtentry$$0000000C  c_w.l(__rtentry2.o)
    0x00000322   0x00000322   0x00000008   Code   RO          994    .ARM.Collect$$rtentry$$0000000D  c_w.l(__rtentry2.o)
    0x0000032a   0x0000032a   0x00000002   Code   RO         1109    .ARM.Collect$$rtexit$$00000000  c_w.l(rtexit.o)
    0x0000032c   0x0000032c   0x00000000   Code   RO         1116    .ARM.Collect$$rtexit$$00000002  c_w.l(rtexit2.o)
    0x0000032c   0x0000032c   0x00000004   Code   RO         1117    .ARM.Collect$$rtexit$$00000003  c_w.l(rtexit2.o)
    0x00000330   0x00000330   0x00000006   Code   RO         1118    .ARM.Collect$$rtexit$$00000004  c_w.l(rtexit2.o)
    0x00000336   0x00000336   0x00000002   PAD
    0x00000338   0x00000338   0x00000114   Code   RO          510    .text               startup_tm4c123.o
    0x0000044c   0x0000044c   0x00000018   Code   RO          905    .text               c_w.l(noretval__2printf.o)
    0x00000464   0x00000464   0x00000028   Code   RO          907    .text               c_w.l(noretval__2sprintf.o)
    0x0000048c   0x0000048c   0x0000004e   Code   RO          911    .text               c_w.l(_printf_pad.o)
    0x000004da   0x000004da   0x00000002   PAD
    0x000004dc   0x000004dc   0x00000078   Code   RO          913    .text               c_w.l(_printf_dec.o)
    0x00000554   0x00000554   0x00000138   Code   RO          927    .text               c_w.l(__printf_flags_wp.o)
    0x0000068c   0x0000068c   0x0000003e   Code   RO          940    .text               c_w.l(strlen.o)
    0x000006ca   0x000006ca   0x00000006   Code   RO          942    .text               c_w.l(heapauxi.o)
    0x000006d0   0x000006d0   0x000000b2   Code   RO          967    .text               c_w.l(_printf_intcommon.o)
    0x00000782   0x00000782   0x0000041e   Code   RO          969    .text               c_w.l(_printf_fp_dec.o)
    0x00000ba0   0x00000ba0   0x00000030   Code   RO          971    .text               c_w.l(_printf_char_common.o)
    0x00000bd0   0x00000bd0   0x0000000a   Code   RO          973    .text               c_w.l(_sputc.o)
    0x00000bda   0x00000bda   0x00000002   PAD
    0x00000bdc   0x00000bdc   0x00000024   Code   RO          975    .text               c_w.l(_printf_char_file.o)
    0x00000c00   0x00000c00   0x00000008   Code   RO         1005    .text               c_w.l(rt_locale_intlibspace.o)
    0x00000c08   0x00000c08   0x0000008a   Code   RO         1007    .text               c_w.l(lludiv10.o)
    0x00000c92   0x00000c92   0x00000002   PAD
    0x00000c94   0x00000c94   0x00000080   Code   RO         1009    .text               c_w.l(_printf_fp_infnan.o)
    0x00000d14   0x00000d14   0x000000e4   Code   RO         1013    .text               c_w.l(bigflt0.o)
    0x00000df8   0x00000df8   0x00000008   Code   RO         1038    .text               c_w.l(ferror.o)
    0x00000e00   0x00000e00   0x00000008   Code   RO         1049    .text               c_w.l(libspace.o)
    0x00000e08   0x00000e08   0x0000004a   Code   RO         1052    .text               c_w.l(sys_stackheap_outer.o)
    0x00000e52   0x00000e52   0x00000012   Code   RO         1054    .text               c_w.l(exit.o)
    0x00000e64   0x00000e64   0x00000080   Code   RO         1056    .text               c_w.l(strcmpv7m.o)
    0x00000ee4   0x00000ee4   0x0000000c   Code   RO         1128    .text               c_w.l(sys_exit.o)
    0x00000ef0   0x00000ef0   0x00000002   Code   RO         1139    .text               c_w.l(use_no_semi.o)
    0x00000ef2   0x00000ef2   0x00000000   Code   RO         1141    .text               c_w.l(indicate_semi.o)
    0x00000ef2   0x00000ef2   0x0000003e   Code   RO         1016    CL$$btod_d2e        c_w.l(btod.o)
    0x00000f30   0x00000f30   0x00000046   Code   RO         1018    CL$$btod_d2e_denorm_low  c_w.l(btod.o)
    0x00000f76   0x00000f76   0x00000060   Code   RO         1017    CL$$btod_d2e_norm_op1  c_w.l(btod.o)
    0x00000fd6   0x00000fd6   0x00000338   Code   RO         1026    CL$$btod_div_common  c_w.l(btod.o)
    0x0000130e   0x0000130e   0x000000dc   Code   RO         1023    CL$$btod_e2e        c_w.l(btod.o)
    0x000013ea   0x000013ea   0x0000002a   Code   RO         1020    CL$$btod_ediv       c_w.l(btod.o)
    0x00001414   0x00001414   0x0000002a   Code   RO         1019    CL$$btod_emul       c_w.l(btod.o)
    0x0000143e   0x0000143e   0x00000244   Code   RO         1025    CL$$btod_mult_common  c_w.l(btod.o)
    0x00001682   0x00001682   0x00000002   PAD
    0x00001684   0x00001684   0x0000011c   Code   RO          641    i.AHT10ReadRawdata  i2c_sensors.o
    0x000017a0   0x000017a0   0x00000048   Code   RO          642    i.AHT10Trigger      i2c_sensors.o
    0x000017e8   0x000017e8   0x00000048   Code   RO          643    i.AHT10_Init        i2c_sensors.o
    0x00001830   0x00001830   0x0000005c   Code   RO            4    i.GPIOE_Button_IRQHandler  main.o
    0x0000188c   0x0000188c   0x00000014   Code   RO          428    i.GPIOE_Handler     irq.o
    0x000018a0   0x000018a0   0x0000008c   Code   RO            5    i.GPIOF_Button_IRQHandler  main.o
    0x0000192c   0x0000192c   0x00000014   Code   RO          429    i.GPIOF_Handler     irq.o
    0x00001940   0x00001940   0x0000000c   Code   RO          733    i.GUI_16BitPerPixel  DPGUI_KEIL_CM4_V11.lib(gui.o)
    0x0000194c   0x0000194c   0x0000000c   Code   RO          734    i.GUI_AddCbFrameEnd  DPGUI_KEIL_CM4_V11.lib(gui.o)
    0x00001958   0x00001958   0x000002b4   Code   RO            6    i.GUI_AppDraw       main.o
    0x00001c0c   0x00001c0c   0x00000064   Code   RO          735    i.GUI_Clear         DPGUI_KEIL_CM4_V11.lib(gui.o)
    0x00001c70   0x00001c70   0x00000058   Code   RO          739    i.GUI_DrawFilledRect  DPGUI_KEIL_CM4_V11.lib(gui.o)
    0x00001cc8   0x00001cc8   0x00000060   Code   RO          740    i.GUI_DrawHortLine  DPGUI_KEIL_CM4_V11.lib(gui.o)
    0x00001d28   0x00001d28   0x000000b0   Code   RO          744    i.GUI_Draw_Exe      DPGUI_KEIL_CM4_V11.lib(gui.o)
    0x00001dd8   0x00001dd8   0x0000004c   Code   RO          745    i.GUI_Init          DPGUI_KEIL_CM4_V11.lib(gui.o)
    0x00001e24   0x00001e24   0x000002a8   Code   RO          746    i.GUI_PrintChar     DPGUI_KEIL_CM4_V11.lib(gui.o)
    0x000020cc   0x000020cc   0x00000084   Code   RO          747    i.GUI_PrintString   DPGUI_KEIL_CM4_V11.lib(gui.o)
    0x00002150   0x00002150   0x00000024   Code   RO          748    i.GUI_SetColor      DPGUI_KEIL_CM4_V11.lib(gui.o)
    0x00002174   0x00002174   0x0000000c   Code   RO          749    i.GUI_SetFont       DPGUI_KEIL_CM4_V11.lib(gui.o)
    0x00002180   0x00002180   0x00000024   Code   RO          750    i.GUI_SetFontBackColor  DPGUI_KEIL_CM4_V11.lib(gui.o)
    0x000021a4   0x000021a4   0x00000078   Code   RO          752    i.GUI_WriteMem      DPGUI_KEIL_CM4_V11.lib(gui.o)
    0x0000221c   0x0000221c   0x0000003c   Code   RO          359    i.HardFault_Handler  bsp.o
    0x00002258   0x00002258   0x00000018   Code   RO          780    i.I2C0_Handler      i2c.lib(i2c.o)
    0x00002270   0x00002270   0x00000018   Code   RO          781    i.I2C1_Handler      i2c.lib(i2c.o)
    0x00002288   0x00002288   0x00000018   Code   RO          782    i.I2C2_Handler      i2c.lib(i2c.o)
    0x000022a0   0x000022a0   0x00000018   Code   RO          783    i.I2C3_Handler      i2c.lib(i2c.o)
    0x000022b8   0x000022b8   0x00000004   Code   RO          784    i.I2CAddCallback    i2c.lib(i2c.o)
    0x000022bc   0x000022bc   0x00000070   Code   RO          644    i.I2CExpander_Init  i2c_sensors.o
    0x0000232c   0x0000232c   0x00000124   Code   RO          785    i.I2CInit           i2c.lib(i2c.o)
    0x00002450   0x00002450   0x0000003c   Code   RO          786    i.I2CRead           i2c.lib(i2c.o)
    0x0000248c   0x0000248c   0x00000038   Code   RO          787    i.I2CWrite          i2c.lib(i2c.o)
    0x000024c4   0x000024c4   0x00000040   Code   RO          430    i.IRQ_Init          irq.o
    0x00002504   0x00002504   0x0000000c   Code   RO          182    i.LCD_AddCallback   lcd_st7735r.o
    0x00002510   0x00002510   0x0000007c   Code   RO            7    i.LCD_Count         main.o
    0x0000258c   0x0000258c   0x00000018   Code   RO          183    i.LCD_GetSize       lcd_st7735r.o
    0x000025a4   0x000025a4   0x0000006c   Code   RO          186    i.LCD_WriteDataPixel  lcd_st7735r.o
    0x00002610   0x00002610   0x000002cc   Code   RO          187    i.LcdInit           lcd_st7735r.o
    0x000028dc   0x000028dc   0x00000738   Code   RO          398    i.Port_Init         hal.o
    0x00003014   0x00003014   0x000000a6   Code   RO          554    i.SPI_Handler       spim.o
    0x000030ba   0x000030ba   0x00000002   PAD
    0x000030bc   0x000030bc   0x00000010   Code   RO          555    i.SSI0_Handler      spim.o
    0x000030cc   0x000030cc   0x00000010   Code   RO          556    i.SSI1_Handler      spim.o
    0x000030dc   0x000030dc   0x00000010   Code   RO          557    i.SSI2_Handler      spim.o
    0x000030ec   0x000030ec   0x00000010   Code   RO          558    i.SSI3_Handler      spim.o
    0x000030fc   0x000030fc   0x00000006   Code   RO          559    i.SpimAddCallbackTransferDone  spim.o
    0x00003102   0x00003102   0x00000002   PAD
    0x00003104   0x00003104   0x000002bc   Code   RO          560    i.SpimInit          spim.o
    0x000033c0   0x000033c0   0x0000017a   Code   RO          561    i.SpimSetDataSize   spim.o
    0x0000353a   0x0000353a   0x0000004a   Code   RO          563    i.SpimTransfer      spim.o
    0x00003584   0x00003584   0x000001cc   Code   RO            8    i.SysTick_Handler   main.o
    0x00003750   0x00003750   0x000000d4   Code   RO          517    i.SystemCoreClockUpdate  system_tm4c123.o
    0x00003824   0x00003824   0x000000ec   Code   RO          518    i.SystemInit        system_tm4c123.o
    0x00003910   0x00003910   0x00000014   Code   RO          431    i.TIMER0A_Handler   irq.o
    0x00003924   0x00003924   0x0000004c   Code   RO            9    i.TIMER0A_IRQHandler  main.o
    0x00003970   0x00003970   0x00000030   Code   RO         1047    i.__ARM_fpclassify  m_wm.l(fpclassify.o)
    0x000039a0   0x000039a0   0x00000022   Code   RO          432    i.__NVIC_EnableIRQ  irq.o
    0x000039c2   0x000039c2   0x00000002   PAD
    0x000039c4   0x000039c4   0x00000028   Code   RO           10    i.__NVIC_SetPriority  main.o
    0x000039ec   0x000039ec   0x0000000e   Code   RO          925    i._is_digit         c_w.l(__printf_wp.o)
    0x000039fa   0x000039fa   0x00000010   Code   RO          479    i.fputc             retarget.o
    0x00003a0a   0x00003a0a   0x000001a6   Code   RO          788    i.i2c_IRQHandler    i2c.lib(i2c.o)
    0x00003bb0   0x00003bb0   0x00000028   Code   RO          188    i.lcd_Delayms       lcd_st7735r.o
    0x00003bd8   0x00003bd8   0x00000068   Code   RO          189    i.lcd_WriteCmd      lcd_st7735r.o
    0x00003c40   0x00003c40   0x00000068   Code   RO          190    i.lcd_WriteData     lcd_st7735r.o
    0x00003ca8   0x00003ca8   0x00000060   Code   RO          191    i.lcd_WriteMultipleByte  lcd_st7735r.o
    0x00003d08   0x00003d08   0x00000034   Code   RO          192    i.lcd_cbSpiDone     lcd_st7735r.o
    0x00003d3c   0x00003d3c   0x000002f4   Code   RO           11    i.main              main.o
    0x00004030   0x00004030   0x00000190   Code   RO           12    i.main_KeyScan      main.o
    0x000041c0   0x000041c0   0x00000080   Code   RO           13    i.main_LcdInit      main.o
    0x00004240   0x00004240   0x0000000c   Code   RO           14    i.main_cbGuiFrameEnd  main.o
    0x0000424c   0x0000424c   0x0000000c   Code   RO           15    i.main_cbI2C0Isdone  main.o
    0x00004258   0x00004258   0x0000000c   Code   RO           16    i.main_cbLcdTransferDone  main.o
    0x00004264   0x00004264   0x00000014   Code   RO           17    i.motor_output      main.o
    0x00004278   0x00004278   0x00000018   Code   RO          399    i.write_ASCII_UART0  hal.o
    0x00004290   0x00004290   0x00000040   Code   RO          646    i.write_I2CExpander  i2c_sensors.o
    0x000042d0   0x000042d0   0x0000002c   Code   RO         1043    locale$$code        c_w.l(lc_numeric_c.o)
    0x000042fc   0x000042fc   0x00000062   Code   RO          946    x$fpl$d2f           fz_wm.l(d2f.o)
    0x0000435e   0x0000435e   0x00000002   PAD
    0x00004360   0x00004360   0x00000150   Code   RO          948    x$fpl$dadd          fz_wm.l(daddsub_clz.o)
    0x000044b0   0x000044b0   0x00000026   Code   RO          954    x$fpl$dfltu         fz_wm.l(dflt_clz.o)
    0x000044d6   0x000044d6   0x00000002   PAD
    0x000044d8   0x000044d8   0x00000154   Code   RO          960    x$fpl$dmul          fz_wm.l(dmul.o)
    0x0000462c   0x0000462c   0x0000009c   Code   RO          978    x$fpl$dnaninf       fz_wm.l(dnaninf.o)
    0x000046c8   0x000046c8   0x0000000c   Code   RO          980    x$fpl$dretinf       fz_wm.l(dretinf.o)
    0x000046d4   0x000046d4   0x000001d4   Code   RO          950    x$fpl$dsub          fz_wm.l(daddsub_clz.o)
    0x000048a8   0x000048a8   0x00000056   Code   RO          962    x$fpl$f2d           fz_wm.l(f2d.o)
    0x000048fe   0x000048fe   0x0000008c   Code   RO          982    x$fpl$fnaninf       fz_wm.l(fnaninf.o)
    0x0000498a   0x0000498a   0x0000000a   Code   RO         1113    x$fpl$fpinit        fz_wm.l(fpinit.o)
    0x00004994   0x00004994   0x0000000a   Code   RO          984    x$fpl$fretinf       fz_wm.l(fretinf.o)
    0x0000499e   0x0000499e   0x00000004   Code   RO          964    x$fpl$printf1       fz_wm.l(printf1.o)
    0x000049a2   0x000049a2   0x00000000   Code   RO          986    x$fpl$usenofp       fz_wm.l(usenofp.o)
    0x000049a2   0x000049a2   0x00000002   PAD
    0x000049a4   0x000049a4   0x00000040   Data   RO           19    .constdata          main.o
    0x000049e4   0x000049e4   0x0000084c   Data   RO          268    .constdata          fontarialbold16.o
    0x00005230   0x00005230   0x000006a8   Data   RO          308    .constdata          fontarialbold12.o
    0x000058d8   0x000058d8   0x0000006c   Data   RO          519    .constdata          system_tm4c123.o
    0x00005944   0x00005944   0x00000417   Data   RO          725    .constdata          DPGUI_KEIL_CM4_V11.lib(font_calibri10.o)
    0x00005d5b   0x00005d5b   0x00000001   PAD
    0x00005d5c   0x00005d5c   0x000000c8   Data   RO          726    .constdata          DPGUI_KEIL_CM4_V11.lib(font_calibri10.o)
    0x00005e24   0x00005e24   0x00000011   Data   RO          928    .constdata          c_w.l(__printf_flags_wp.o)
    0x00005e35   0x00005e35   0x00000003   PAD
    0x00005e38   0x00005e38   0x00000094   Data   RO         1014    .constdata          c_w.l(bigflt0.o)
    0x00005ecc   0x00005ecc   0x00000020   Data   RO         1188    Region$$Table       anon$$obj.o
    0x00005eec   0x00005eec   0x0000001c   Data   RO         1042    locale$$data        c_w.l(lc_numeric_c.o)


    Execution Region RW_IRAM1 (Exec base: 0x20000000, Load base: 0x00005f08, Size: 0x00002c88, Max: 0x00008000, ABSOLUTE)

    Exec Addr    Load Addr    Size         Type   Attr      Idx    E Section Name        Object

    0x20000000   0x00005f08   0x000000c8   Data   RW           20    .data               main.o
    0x200000c8   0x00005fd0   0x00000016   Data   RW          194    .data               lcd_st7735r.o
    0x200000de   0x00005fe6   0x00000002   PAD
    0x200000e0   0x00005fe8   0x00000004   Data   RW          480    .data               retarget.o
    0x200000e4   0x00005fec   0x00000004   Data   RW          520    .data               system_tm4c123.o
    0x200000e8   0x00005ff0   0x00000004   Data   RW          647    .data               i2c_sensors.o
    0x200000ec   0x00005ff4   0x0000001c   Data   RW          753    .data               DPGUI_KEIL_CM4_V11.lib(gui.o)
    0x20000108        -       0x000020bc   Zero   RW           18    .bss                main.o
    0x200021c4        -       0x00000040   Zero   RW          193    .bss                lcd_st7735r.o
    0x20002204        -       0x00000010   Zero   RW          564    .bss                spim.o
    0x20002214        -       0x00000010   Zero   RW          789    .bss                i2c.lib(i2c.o)
    0x20002224        -       0x00000060   Zero   RW         1050    .bss                c_w.l(libspace.o)
    0x20002284   0x00006010   0x00000004   PAD
    0x20002288        -       0x00000000   Zero   RW          508    HEAP                startup_tm4c123.o
    0x20002288        -       0x00000a00   Zero   RW          507    STACK               startup_tm4c123.o


==============================================================================

Image component sizes


      Code (inc. data)   RO Data    RW Data    ZI Data      Debug   Object Name

        60         20          0          0          0      30731   bsp.o
         0          0       1704          0          0       6229   fontarialbold12.o
         0          0       2124          0          0       6229   fontarialbold16.o
      1872        128          0          0          0       1604   hal.o
       604         84          0          4          0       7908   i2c_sensors.o
       158         26          0          0          0      32820   irq.o
      1256        124          0         22         64       6531   lcd_st7735r.o
      2964        672         64        200       8380     231224   main.o
        16          0          0          4          0       2366   retarget.o
      1388         68          0          0         16      37593   spim.o
       276         24        620          0       2560       5488   startup_tm4c123.o
       448         28        108          4          0       2319   system_tm4c123.o

    ----------------------------------------------------------------------
      9048       1174       4652        236      11020     371042   Object Totals
         0          0         32          0          0          0   (incl. Generated)
         6          0          0          2          0          0   (incl. Padding)

    ----------------------------------------------------------------------

      Code (inc. data)   RO Data    RW Data    ZI Data      Debug   Library Member Name

         0          0       1247          0          0          0   font_calibri10.o
      1576         70          0         28          0       1684   gui.o
         8          0          0          0          0         68   __main.o
       312          4         17          0          0         92   __printf_flags_wp.o
        14          0          0          0          0         68   __printf_wp.o
         0          0          0          0          0          0   __rtentry.o
        12          0          0          0          0          0   __rtentry2.o
         6          0          0          0          0          0   __rtentry4.o
        52          8          0          0          0          0   __scatter.o
        26          0          0          0          0          0   __scatter_copy.o
        28          0          0          0          0          0   __scatter_zi.o
        48          6          0          0          0         96   _printf_char_common.o
        36          4          0          0          0         80   _printf_char_file.o
         6          0          0          0          0          0   _printf_d.o
       120         16          0          0          0         92   _printf_dec.o
         6          0          0          0          0          0   _printf_f.o
      1054          0          0          0          0        216   _printf_fp_dec.o
       128         16          0          0          0         84   _printf_fp_infnan.o
         6          0          0          0          0          0   _printf_i.o
       178          0          0          0          0         88   _printf_intcommon.o
        78          0          0          0          0        108   _printf_pad.o
         0          0          0          0          0          0   _printf_percent.o
         4          0          0          0          0          0   _printf_percent_end.o
         6          0          0          0          0          0   _printf_u.o
        10          0          0          0          0         68   _sputc.o
       228          4        148          0          0         96   bigflt0.o
      1936        128          0          0          0        672   btod.o
        18          0          0          0          0         80   exit.o
         8          0          0          0          0         68   ferror.o
         6          0          0          0          0        152   heapauxi.o
         0          0          0          0          0          0   indicate_semi.o
        44         10         28          0          0         76   lc_numeric_c.o
         2          0          0          0          0          0   libinit.o
        22          0          0          0          0          0   libinit2.o
         2          0          0          0          0          0   libshutdown.o
         2          0          0          0          0          0   libshutdown2.o
         8          4          0          0         96         68   libspace.o
       138          0          0          0          0         80   lludiv10.o
        24          4          0          0          0         84   noretval__2printf.o
        40          6          0          0          0         84   noretval__2sprintf.o
         8          4          0          0          0         68   rt_locale_intlibspace.o
         2          0          0          0          0          0   rtexit.o
        10          0          0          0          0          0   rtexit2.o
       128          0          0          0          0         68   strcmpv7m.o
        62          0          0          0          0         76   strlen.o
        12          4          0          0          0         68   sys_exit.o
        74          0          0          0          0         80   sys_stackheap_outer.o
         2          0          0          0          0         68   use_no_semi.o
        98          4          0          0          0        140   d2f.o
       804         16          0          0          0        368   daddsub_clz.o
        38          0          0          0          0        116   dflt_clz.o
       340         12          0          0          0        152   dmul.o
       156          4          0          0          0        140   dnaninf.o
        12          0          0          0          0        116   dretinf.o
        86          4          0          0          0        132   f2d.o
       140          4          0          0          0        132   fnaninf.o
        10          0          0          0          0        116   fpinit.o
        10          0          0          0          0        116   fretinf.o
         4          0          0          0          0        116   printf1.o
         0          0          0          0          0          0   usenofp.o
       930         74          0          0         16     217001   i2c.o
        48          0          0          0          0        124   fpclassify.o

    ----------------------------------------------------------------------
      9184        406       1444         28        116     223401   Library Totals
        18          0          4          0          4          0   (incl. Padding)

    ----------------------------------------------------------------------

      Code (inc. data)   RO Data    RW Data    ZI Data      Debug   Library Name

      1576         70       1247         28          0       1684   DPGUI_KEIL_CM4_V11.lib
      4914        218        193          0         96       2948   c_w.l
      1698         44          0          0          0       1644   fz_wm.l
       930         74          0          0         16     217001   i2c.lib
        48          0          0          0          0        124   m_wm.l

    ----------------------------------------------------------------------
      9184        406       1444         28        116     223401   Library Totals

    ----------------------------------------------------------------------

==============================================================================


      Code (inc. data)   RO Data    RW Data    ZI Data      Debug   

     18232       1580       6096        264      11136     585231   Grand Totals
     18232       1580       6096        264      11136     585231   ELF Image Totals
     18232       1580       6096        264          0          0   ROM Totals

==============================================================================

    Total RO  Size (Code + RO Data)                24328 (  23.76kB)
    Total RW  Size (RW Data + ZI Data)             11400 (  11.13kB)
    Total ROM Size (Code + RO Data + RW Data)      24592 (  24.02kB)

==============================================================================

